<html>
<body>
<pre>
<h1>µVision Build Log</h1>
<h2>Tool Versions:</h2>
IDE-Version: µVision V5.42.0.0
Copyright (C) 2025 ARM Ltd and ARM Germany GmbH. All rights reserved.
License Information: Mahmoud Ayesh, nocompany, LIC=----
 
Tool Versions:
Toolchain:       MDK-Lite  Version: 5.42.0.0
Toolchain Path:  C:\Users\AFAQE\AppData\Local\Keil_v5\ARM\ARMCLANG\Bin
C Compiler:      ArmClang.exe V6.23
Assembler:       Armasm.exe V6.23
Linker/Locator:  ArmLink.exe V6.23
Library Manager: ArmAr.exe V6.23
Hex Converter:   FromElf.exe V6.23
CPU DLL:         SARMCM3.DLL V5.42.0.0
Dialog DLL:      DCM.DLL V1.17.5.0
Target DLL:      STLink\ST-LINKIII-KEIL_SWO.dll V3.3.0.0
Dialog DLL:      TCM.DLL V1.56.6.0
 
<h2>Project:</h2>
C:\Users\AFAQE\gameBoy\codoBab.uvprojx
Project File Date:  05/08/2025

<h2>Output:</h2>
*** Using Compiler 'V6.23', folder: 'C:\Users\AFAQE\AppData\Local\Keil_v5\ARM\ARMCLANG\Bin'
Build target 'Target_1'
"Functions.s", line 549: Warning: A1488W: PROC/FUNC at line 455 in 'Functions.s' without matching ENDP/ENDFUNC
  549 00000360 BCD_TO_SEVEN_SEG FUNCTION
"Functions.s", line 195: Warning: A1581W: Added 2 bytes of padding at address 0xc6
  195 000000c8  LTORG
"Functions.s", line 750: Warning: A1581W: Added 2 bytes of padding at address 0x4ca
  750 000004cc  END
0 Errors, 3 Warnings
assembling Functions.s...
"XO_Functions.s", line 357: Warning: A1581W: Added 2 bytes of padding at address 0x2e2
  357 000002e4  LTORG
0 Errors, 1 Warning
assembling XO_Functions.s...
linking...
Program Size: Code=6364 RO-data=428 RW-data=188 ZI-data=1536  
FromELF: creating hex file...
".\Objects\codoBab.axf" - 0 Error(s), 0 Warning(s).

<h2>Software Packages used:</h2>

Package Vendor: ARM
                https://www.keil.com/pack/ARM.CMSIS.6.1.0.pack
                ARM::CMSIS@6.1.0
                CMSIS (Common Microcontroller Software Interface Standard)
   * Component: CORE Version: 6.1.0

Package Vendor: Keil
                https://www.keil.com/pack/Keil.STM32F4xx_DFP.2.17.1.pack
                Keil::STM32F4xx_DFP@2.17.1
                STMicroelectronics STM32F4 Series Device Support, Drivers and Examples
   * Component: Startup Version: 2.6.3

<h2>Collection of Component include folders:</h2>
  ./RTE/_Target_1
  C:/Users/AFAQE/AppData/Local/Arm/Packs/ARM/CMSIS/6.1.0/CMSIS/Core/Include
  C:/Users/AFAQE/AppData/Local/Arm/Packs/Keil/STM32F4xx_DFP/2.17.1/Drivers/CMSIS/Device/ST/STM32F4xx/Include

<h2>Collection of Component Files used:</h2>

   * Component: ARM::CMSIS:CORE@6.1.0

   * Component: Keil::Device:Startup@2.6.3
      Source file:   MDK/Device/Source/ARM/STM32F401xx_OPT.s
      Source file:   MDK/Device/Source/ARM/STM32F4xx_OTP.s
      Include file:  Drivers/CMSIS/Device/ST/STM32F4xx/Include/stm32f4xx.h
      Source file:   Drivers/CMSIS/Device/ST/STM32F4xx/Source/Templates/arm/startup_stm32f401xc.s
      Source file:   Drivers/CMSIS/Device/ST/STM32F4xx/Source/Templates/system_stm32f4xx.c
Build Time Elapsed:  00:00:01
</pre>
</body>
</html>
