<!doctype html public "-//w3c//dtd html 4.0 transitional//en">
<html><head>
<title>Static Call Graph - [.\Objects\codoBab.axf]</title></head>
<body><HR>
<H1>Static Call Graph for image .\Objects\codoBab.axf</H1><HR>
<BR><P>#&#060CALLGRAPH&#062# ARM Linker, 6230001: Last Updated: Mon May 12 13:30:50 2025
<BR><P>
<H3>Maximum Stack Usage =          0 bytes + Unknown(Functions without stacksize, Cycles, Untraceable Function Pointers)</H3><H3>
Call chain for Maximum Stack Depth:</H3>

<P>
<H3>
Functions with no stack information
</H3><UL>
 <LI><a href="#[44]">__user_initial_stackheap</a>
</UL>
</UL>
<P>
<H3>
Mutually Recursive functions
</H3> <LI><a href="#[1]">NMI_Handler</a>&nbsp;&nbsp;&nbsp;&rArr;&nbsp;&nbsp;&nbsp;<a href="#[1]">NMI_Handler</a><BR>
 <LI><a href="#[2]">HardFault_Handler</a>&nbsp;&nbsp;&nbsp;&rArr;&nbsp;&nbsp;&nbsp;<a href="#[2]">HardFault_Handler</a><BR>
 <LI><a href="#[3]">MemManage_Handler</a>&nbsp;&nbsp;&nbsp;&rArr;&nbsp;&nbsp;&nbsp;<a href="#[3]">MemManage_Handler</a><BR>
 <LI><a href="#[4]">BusFault_Handler</a>&nbsp;&nbsp;&nbsp;&rArr;&nbsp;&nbsp;&nbsp;<a href="#[4]">BusFault_Handler</a><BR>
 <LI><a href="#[5]">UsageFault_Handler</a>&nbsp;&nbsp;&nbsp;&rArr;&nbsp;&nbsp;&nbsp;<a href="#[5]">UsageFault_Handler</a><BR>
 <LI><a href="#[6]">SVC_Handler</a>&nbsp;&nbsp;&nbsp;&rArr;&nbsp;&nbsp;&nbsp;<a href="#[6]">SVC_Handler</a><BR>
 <LI><a href="#[7]">DebugMon_Handler</a>&nbsp;&nbsp;&nbsp;&rArr;&nbsp;&nbsp;&nbsp;<a href="#[7]">DebugMon_Handler</a><BR>
 <LI><a href="#[8]">PendSV_Handler</a>&nbsp;&nbsp;&nbsp;&rArr;&nbsp;&nbsp;&nbsp;<a href="#[8]">PendSV_Handler</a><BR>
 <LI><a href="#[9]">SysTick_Handler</a>&nbsp;&nbsp;&nbsp;&rArr;&nbsp;&nbsp;&nbsp;<a href="#[9]">SysTick_Handler</a><BR>
 <LI><a href="#[1c]">ADC_IRQHandler</a>&nbsp;&nbsp;&nbsp;&rArr;&nbsp;&nbsp;&nbsp;<a href="#[1c]">ADC_IRQHandler</a><BR>
</UL>
<P>
<H3>
Function Pointers
</H3><UL>
 <LI><a href="#[1c]">ADC_IRQHandler</a> from startup_stm32f401xc.o(.text) referenced from startup_stm32f401xc.o(RESET)
 <LI><a href="#[4]">BusFault_Handler</a> from startup_stm32f401xc.o(.text) referenced from startup_stm32f401xc.o(RESET)
 <LI><a href="#[15]">DMA1_Stream0_IRQHandler</a> from startup_stm32f401xc.o(.text) referenced from startup_stm32f401xc.o(RESET)
 <LI><a href="#[16]">DMA1_Stream1_IRQHandler</a> from startup_stm32f401xc.o(.text) referenced from startup_stm32f401xc.o(RESET)
 <LI><a href="#[17]">DMA1_Stream2_IRQHandler</a> from startup_stm32f401xc.o(.text) referenced from startup_stm32f401xc.o(RESET)
 <LI><a href="#[18]">DMA1_Stream3_IRQHandler</a> from startup_stm32f401xc.o(.text) referenced from startup_stm32f401xc.o(RESET)
 <LI><a href="#[19]">DMA1_Stream4_IRQHandler</a> from startup_stm32f401xc.o(.text) referenced from startup_stm32f401xc.o(RESET)
 <LI><a href="#[1a]">DMA1_Stream5_IRQHandler</a> from startup_stm32f401xc.o(.text) referenced from startup_stm32f401xc.o(RESET)
 <LI><a href="#[1b]">DMA1_Stream6_IRQHandler</a> from startup_stm32f401xc.o(.text) referenced from startup_stm32f401xc.o(RESET)
 <LI><a href="#[30]">DMA1_Stream7_IRQHandler</a> from startup_stm32f401xc.o(.text) referenced from startup_stm32f401xc.o(RESET)
 <LI><a href="#[34]">DMA2_Stream0_IRQHandler</a> from startup_stm32f401xc.o(.text) referenced from startup_stm32f401xc.o(RESET)
 <LI><a href="#[35]">DMA2_Stream1_IRQHandler</a> from startup_stm32f401xc.o(.text) referenced from startup_stm32f401xc.o(RESET)
 <LI><a href="#[36]">DMA2_Stream2_IRQHandler</a> from startup_stm32f401xc.o(.text) referenced from startup_stm32f401xc.o(RESET)
 <LI><a href="#[37]">DMA2_Stream3_IRQHandler</a> from startup_stm32f401xc.o(.text) referenced from startup_stm32f401xc.o(RESET)
 <LI><a href="#[38]">DMA2_Stream4_IRQHandler</a> from startup_stm32f401xc.o(.text) referenced from startup_stm32f401xc.o(RESET)
 <LI><a href="#[3a]">DMA2_Stream5_IRQHandler</a> from startup_stm32f401xc.o(.text) referenced from startup_stm32f401xc.o(RESET)
 <LI><a href="#[3b]">DMA2_Stream6_IRQHandler</a> from startup_stm32f401xc.o(.text) referenced from startup_stm32f401xc.o(RESET)
 <LI><a href="#[3c]">DMA2_Stream7_IRQHandler</a> from startup_stm32f401xc.o(.text) referenced from startup_stm32f401xc.o(RESET)
 <LI><a href="#[7]">DebugMon_Handler</a> from startup_stm32f401xc.o(.text) referenced from startup_stm32f401xc.o(RESET)
 <LI><a href="#[10]">EXTI0_IRQHandler</a> from startup_stm32f401xc.o(.text) referenced from startup_stm32f401xc.o(RESET)
 <LI><a href="#[2d]">EXTI15_10_IRQHandler</a> from startup_stm32f401xc.o(.text) referenced from startup_stm32f401xc.o(RESET)
 <LI><a href="#[11]">EXTI1_IRQHandler</a> from startup_stm32f401xc.o(.text) referenced from startup_stm32f401xc.o(RESET)
 <LI><a href="#[12]">EXTI2_IRQHandler</a> from startup_stm32f401xc.o(.text) referenced from startup_stm32f401xc.o(RESET)
 <LI><a href="#[13]">EXTI3_IRQHandler</a> from startup_stm32f401xc.o(.text) referenced from startup_stm32f401xc.o(RESET)
 <LI><a href="#[14]">EXTI4_IRQHandler</a> from startup_stm32f401xc.o(.text) referenced from startup_stm32f401xc.o(RESET)
 <LI><a href="#[1d]">EXTI9_5_IRQHandler</a> from startup_stm32f401xc.o(.text) referenced from startup_stm32f401xc.o(RESET)
 <LI><a href="#[e]">FLASH_IRQHandler</a> from startup_stm32f401xc.o(.text) referenced from startup_stm32f401xc.o(RESET)
 <LI><a href="#[40]">FPU_IRQHandler</a> from startup_stm32f401xc.o(.text) referenced from startup_stm32f401xc.o(RESET)
 <LI><a href="#[2]">HardFault_Handler</a> from startup_stm32f401xc.o(.text) referenced from startup_stm32f401xc.o(RESET)
 <LI><a href="#[26]">I2C1_ER_IRQHandler</a> from startup_stm32f401xc.o(.text) referenced from startup_stm32f401xc.o(RESET)
 <LI><a href="#[25]">I2C1_EV_IRQHandler</a> from startup_stm32f401xc.o(.text) referenced from startup_stm32f401xc.o(RESET)
 <LI><a href="#[28]">I2C2_ER_IRQHandler</a> from startup_stm32f401xc.o(.text) referenced from startup_stm32f401xc.o(RESET)
 <LI><a href="#[27]">I2C2_EV_IRQHandler</a> from startup_stm32f401xc.o(.text) referenced from startup_stm32f401xc.o(RESET)
 <LI><a href="#[3f]">I2C3_ER_IRQHandler</a> from startup_stm32f401xc.o(.text) referenced from startup_stm32f401xc.o(RESET)
 <LI><a href="#[3e]">I2C3_EV_IRQHandler</a> from startup_stm32f401xc.o(.text) referenced from startup_stm32f401xc.o(RESET)
 <LI><a href="#[3]">MemManage_Handler</a> from startup_stm32f401xc.o(.text) referenced from startup_stm32f401xc.o(RESET)
 <LI><a href="#[1]">NMI_Handler</a> from startup_stm32f401xc.o(.text) referenced from startup_stm32f401xc.o(RESET)
 <LI><a href="#[39]">OTG_FS_IRQHandler</a> from startup_stm32f401xc.o(.text) referenced from startup_stm32f401xc.o(RESET)
 <LI><a href="#[2f]">OTG_FS_WKUP_IRQHandler</a> from startup_stm32f401xc.o(.text) referenced from startup_stm32f401xc.o(RESET)
 <LI><a href="#[b]">PVD_IRQHandler</a> from startup_stm32f401xc.o(.text) referenced from startup_stm32f401xc.o(RESET)
 <LI><a href="#[8]">PendSV_Handler</a> from startup_stm32f401xc.o(.text) referenced from startup_stm32f401xc.o(RESET)
 <LI><a href="#[f]">RCC_IRQHandler</a> from startup_stm32f401xc.o(.text) referenced from startup_stm32f401xc.o(RESET)
 <LI><a href="#[2e]">RTC_Alarm_IRQHandler</a> from startup_stm32f401xc.o(.text) referenced from startup_stm32f401xc.o(RESET)
 <LI><a href="#[d]">RTC_WKUP_IRQHandler</a> from startup_stm32f401xc.o(.text) referenced from startup_stm32f401xc.o(RESET)
 <LI><a href="#[0]">Reset_Handler</a> from startup_stm32f401xc.o(.text) referenced from startup_stm32f401xc.o(RESET)
 <LI><a href="#[31]">SDIO_IRQHandler</a> from startup_stm32f401xc.o(.text) referenced from startup_stm32f401xc.o(RESET)
 <LI><a href="#[29]">SPI1_IRQHandler</a> from startup_stm32f401xc.o(.text) referenced from startup_stm32f401xc.o(RESET)
 <LI><a href="#[2a]">SPI2_IRQHandler</a> from startup_stm32f401xc.o(.text) referenced from startup_stm32f401xc.o(RESET)
 <LI><a href="#[33]">SPI3_IRQHandler</a> from startup_stm32f401xc.o(.text) referenced from startup_stm32f401xc.o(RESET)
 <LI><a href="#[41]">SPI4_IRQHandler</a> from startup_stm32f401xc.o(.text) referenced from startup_stm32f401xc.o(RESET)
 <LI><a href="#[6]">SVC_Handler</a> from startup_stm32f401xc.o(.text) referenced from startup_stm32f401xc.o(RESET)
 <LI><a href="#[9]">SysTick_Handler</a> from startup_stm32f401xc.o(.text) referenced from startup_stm32f401xc.o(RESET)
 <LI><a href="#[42]">SystemInit</a> from system_stm32f4xx.o(.text.SystemInit) referenced from startup_stm32f401xc.o(.text)
 <LI><a href="#[c]">TAMP_STAMP_IRQHandler</a> from startup_stm32f401xc.o(.text) referenced from startup_stm32f401xc.o(RESET)
 <LI><a href="#[1e]">TIM1_BRK_TIM9_IRQHandler</a> from startup_stm32f401xc.o(.text) referenced from startup_stm32f401xc.o(RESET)
 <LI><a href="#[21]">TIM1_CC_IRQHandler</a> from startup_stm32f401xc.o(.text) referenced from startup_stm32f401xc.o(RESET)
 <LI><a href="#[20]">TIM1_TRG_COM_TIM11_IRQHandler</a> from startup_stm32f401xc.o(.text) referenced from startup_stm32f401xc.o(RESET)
 <LI><a href="#[1f]">TIM1_UP_TIM10_IRQHandler</a> from startup_stm32f401xc.o(.text) referenced from startup_stm32f401xc.o(RESET)
 <LI><a href="#[22]">TIM2_IRQHandler</a> from startup_stm32f401xc.o(.text) referenced from startup_stm32f401xc.o(RESET)
 <LI><a href="#[23]">TIM3_IRQHandler</a> from startup_stm32f401xc.o(.text) referenced from startup_stm32f401xc.o(RESET)
 <LI><a href="#[24]">TIM4_IRQHandler</a> from startup_stm32f401xc.o(.text) referenced from startup_stm32f401xc.o(RESET)
 <LI><a href="#[32]">TIM5_IRQHandler</a> from startup_stm32f401xc.o(.text) referenced from startup_stm32f401xc.o(RESET)
 <LI><a href="#[2b]">USART1_IRQHandler</a> from startup_stm32f401xc.o(.text) referenced from startup_stm32f401xc.o(RESET)
 <LI><a href="#[2c]">USART2_IRQHandler</a> from startup_stm32f401xc.o(.text) referenced from startup_stm32f401xc.o(RESET)
 <LI><a href="#[3d]">USART6_IRQHandler</a> from startup_stm32f401xc.o(.text) referenced from startup_stm32f401xc.o(RESET)
 <LI><a href="#[5]">UsageFault_Handler</a> from startup_stm32f401xc.o(.text) referenced from startup_stm32f401xc.o(RESET)
 <LI><a href="#[a]">WWDG_IRQHandler</a> from startup_stm32f401xc.o(.text) referenced from startup_stm32f401xc.o(RESET)
 <LI><a href="#[43]">__main</a> from main.o(MYCODE) referenced from startup_stm32f401xc.o(.text)
</UL>
<P>
<H3>
Global Symbols
</H3>
<P><STRONG><a name="[45]"></a>TFT_DrawMapM</STRONG> (Thumb, 152 bytes, Stack size 0 bytes, maze_functions.o(.text))
<BR><BR>[Calls]<UL><LI><a href="#[47]">&gt;&gt;</a>&nbsp;&nbsp;&nbsp;Drawsquare
<LI><a href="#[46]">&gt;&gt;</a>&nbsp;&nbsp;&nbsp;TFT_Filldraw4INP
</UL>
<BR>[Called By]<UL><LI><a href="#[4a]">&gt;&gt;</a>&nbsp;&nbsp;&nbsp;MAIN_MAZE
</UL>

<P><STRONG><a name="[4a]"></a>MAIN_MAZE</STRONG> (Thumb, 222 bytes, Stack size 0 bytes, maze_functions.o(.text))
<BR><BR>[Calls]<UL><LI><a href="#[49]">&gt;&gt;</a>&nbsp;&nbsp;&nbsp;Redraw_player
<LI><a href="#[4d]">&gt;&gt;</a>&nbsp;&nbsp;&nbsp;check_win_lose
<LI><a href="#[46]">&gt;&gt;</a>&nbsp;&nbsp;&nbsp;TFT_Filldraw4INP
<LI><a href="#[45]">&gt;&gt;</a>&nbsp;&nbsp;&nbsp;TFT_DrawMapM
<LI><a href="#[4b]">&gt;&gt;</a>&nbsp;&nbsp;&nbsp;Num_to_LCD
<LI><a href="#[4c]">&gt;&gt;</a>&nbsp;&nbsp;&nbsp;GET_state
</UL>
<BR>[Called By]<UL><LI><a href="#[55]">&gt;&gt;</a>&nbsp;&nbsp;&nbsp;UI
</UL>

<P><STRONG><a name="[0]"></a>Reset_Handler</STRONG> (Thumb, 8 bytes, Stack size 0 bytes, startup_stm32f401xc.o(.text))
<BR>[Address Reference Count : 1]<UL><LI> startup_stm32f401xc.o(RESET)
</UL>
<P><STRONG><a name="[1]"></a>NMI_Handler</STRONG> (Thumb, 2 bytes, Stack size 0 bytes, startup_stm32f401xc.o(.text))
<BR><BR>[Calls]<UL><LI><a href="#[1]">&gt;&gt;</a>&nbsp;&nbsp;&nbsp;NMI_Handler
</UL>
<BR>[Called By]<UL><LI><a href="#[1]">&gt;&gt;</a>&nbsp;&nbsp;&nbsp;NMI_Handler
</UL>
<BR>[Address Reference Count : 1]<UL><LI> startup_stm32f401xc.o(RESET)
</UL>
<P><STRONG><a name="[2]"></a>HardFault_Handler</STRONG> (Thumb, 2 bytes, Stack size 0 bytes, startup_stm32f401xc.o(.text))
<BR><BR>[Calls]<UL><LI><a href="#[2]">&gt;&gt;</a>&nbsp;&nbsp;&nbsp;HardFault_Handler
</UL>
<BR>[Called By]<UL><LI><a href="#[2]">&gt;&gt;</a>&nbsp;&nbsp;&nbsp;HardFault_Handler
</UL>
<BR>[Address Reference Count : 1]<UL><LI> startup_stm32f401xc.o(RESET)
</UL>
<P><STRONG><a name="[3]"></a>MemManage_Handler</STRONG> (Thumb, 2 bytes, Stack size 0 bytes, startup_stm32f401xc.o(.text))
<BR><BR>[Calls]<UL><LI><a href="#[3]">&gt;&gt;</a>&nbsp;&nbsp;&nbsp;MemManage_Handler
</UL>
<BR>[Called By]<UL><LI><a href="#[3]">&gt;&gt;</a>&nbsp;&nbsp;&nbsp;MemManage_Handler
</UL>
<BR>[Address Reference Count : 1]<UL><LI> startup_stm32f401xc.o(RESET)
</UL>
<P><STRONG><a name="[4]"></a>BusFault_Handler</STRONG> (Thumb, 2 bytes, Stack size 0 bytes, startup_stm32f401xc.o(.text))
<BR><BR>[Calls]<UL><LI><a href="#[4]">&gt;&gt;</a>&nbsp;&nbsp;&nbsp;BusFault_Handler
</UL>
<BR>[Called By]<UL><LI><a href="#[4]">&gt;&gt;</a>&nbsp;&nbsp;&nbsp;BusFault_Handler
</UL>
<BR>[Address Reference Count : 1]<UL><LI> startup_stm32f401xc.o(RESET)
</UL>
<P><STRONG><a name="[5]"></a>UsageFault_Handler</STRONG> (Thumb, 2 bytes, Stack size 0 bytes, startup_stm32f401xc.o(.text))
<BR><BR>[Calls]<UL><LI><a href="#[5]">&gt;&gt;</a>&nbsp;&nbsp;&nbsp;UsageFault_Handler
</UL>
<BR>[Called By]<UL><LI><a href="#[5]">&gt;&gt;</a>&nbsp;&nbsp;&nbsp;UsageFault_Handler
</UL>
<BR>[Address Reference Count : 1]<UL><LI> startup_stm32f401xc.o(RESET)
</UL>
<P><STRONG><a name="[6]"></a>SVC_Handler</STRONG> (Thumb, 2 bytes, Stack size 0 bytes, startup_stm32f401xc.o(.text))
<BR><BR>[Calls]<UL><LI><a href="#[6]">&gt;&gt;</a>&nbsp;&nbsp;&nbsp;SVC_Handler
</UL>
<BR>[Called By]<UL><LI><a href="#[6]">&gt;&gt;</a>&nbsp;&nbsp;&nbsp;SVC_Handler
</UL>
<BR>[Address Reference Count : 1]<UL><LI> startup_stm32f401xc.o(RESET)
</UL>
<P><STRONG><a name="[7]"></a>DebugMon_Handler</STRONG> (Thumb, 2 bytes, Stack size 0 bytes, startup_stm32f401xc.o(.text))
<BR><BR>[Calls]<UL><LI><a href="#[7]">&gt;&gt;</a>&nbsp;&nbsp;&nbsp;DebugMon_Handler
</UL>
<BR>[Called By]<UL><LI><a href="#[7]">&gt;&gt;</a>&nbsp;&nbsp;&nbsp;DebugMon_Handler
</UL>
<BR>[Address Reference Count : 1]<UL><LI> startup_stm32f401xc.o(RESET)
</UL>
<P><STRONG><a name="[8]"></a>PendSV_Handler</STRONG> (Thumb, 2 bytes, Stack size 0 bytes, startup_stm32f401xc.o(.text))
<BR><BR>[Calls]<UL><LI><a href="#[8]">&gt;&gt;</a>&nbsp;&nbsp;&nbsp;PendSV_Handler
</UL>
<BR>[Called By]<UL><LI><a href="#[8]">&gt;&gt;</a>&nbsp;&nbsp;&nbsp;PendSV_Handler
</UL>
<BR>[Address Reference Count : 1]<UL><LI> startup_stm32f401xc.o(RESET)
</UL>
<P><STRONG><a name="[9]"></a>SysTick_Handler</STRONG> (Thumb, 2 bytes, Stack size 0 bytes, startup_stm32f401xc.o(.text))
<BR><BR>[Calls]<UL><LI><a href="#[9]">&gt;&gt;</a>&nbsp;&nbsp;&nbsp;SysTick_Handler
</UL>
<BR>[Called By]<UL><LI><a href="#[9]">&gt;&gt;</a>&nbsp;&nbsp;&nbsp;SysTick_Handler
</UL>
<BR>[Address Reference Count : 1]<UL><LI> startup_stm32f401xc.o(RESET)
</UL>
<P><STRONG><a name="[1c]"></a>ADC_IRQHandler</STRONG> (Thumb, 0 bytes, Stack size 0 bytes, startup_stm32f401xc.o(.text))
<BR><BR>[Calls]<UL><LI><a href="#[1c]">&gt;&gt;</a>&nbsp;&nbsp;&nbsp;ADC_IRQHandler
</UL>
<BR>[Called By]<UL><LI><a href="#[1c]">&gt;&gt;</a>&nbsp;&nbsp;&nbsp;ADC_IRQHandler
</UL>
<BR>[Address Reference Count : 1]<UL><LI> startup_stm32f401xc.o(RESET)
</UL>
<P><STRONG><a name="[15]"></a>DMA1_Stream0_IRQHandler</STRONG> (Thumb, 0 bytes, Stack size 0 bytes, startup_stm32f401xc.o(.text))
<BR>[Address Reference Count : 1]<UL><LI> startup_stm32f401xc.o(RESET)
</UL>
<P><STRONG><a name="[16]"></a>DMA1_Stream1_IRQHandler</STRONG> (Thumb, 0 bytes, Stack size 0 bytes, startup_stm32f401xc.o(.text))
<BR>[Address Reference Count : 1]<UL><LI> startup_stm32f401xc.o(RESET)
</UL>
<P><STRONG><a name="[17]"></a>DMA1_Stream2_IRQHandler</STRONG> (Thumb, 0 bytes, Stack size 0 bytes, startup_stm32f401xc.o(.text))
<BR>[Address Reference Count : 1]<UL><LI> startup_stm32f401xc.o(RESET)
</UL>
<P><STRONG><a name="[18]"></a>DMA1_Stream3_IRQHandler</STRONG> (Thumb, 0 bytes, Stack size 0 bytes, startup_stm32f401xc.o(.text))
<BR>[Address Reference Count : 1]<UL><LI> startup_stm32f401xc.o(RESET)
</UL>
<P><STRONG><a name="[19]"></a>DMA1_Stream4_IRQHandler</STRONG> (Thumb, 0 bytes, Stack size 0 bytes, startup_stm32f401xc.o(.text))
<BR>[Address Reference Count : 1]<UL><LI> startup_stm32f401xc.o(RESET)
</UL>
<P><STRONG><a name="[1a]"></a>DMA1_Stream5_IRQHandler</STRONG> (Thumb, 0 bytes, Stack size 0 bytes, startup_stm32f401xc.o(.text))
<BR>[Address Reference Count : 1]<UL><LI> startup_stm32f401xc.o(RESET)
</UL>
<P><STRONG><a name="[1b]"></a>DMA1_Stream6_IRQHandler</STRONG> (Thumb, 0 bytes, Stack size 0 bytes, startup_stm32f401xc.o(.text))
<BR>[Address Reference Count : 1]<UL><LI> startup_stm32f401xc.o(RESET)
</UL>
<P><STRONG><a name="[30]"></a>DMA1_Stream7_IRQHandler</STRONG> (Thumb, 0 bytes, Stack size 0 bytes, startup_stm32f401xc.o(.text))
<BR>[Address Reference Count : 1]<UL><LI> startup_stm32f401xc.o(RESET)
</UL>
<P><STRONG><a name="[34]"></a>DMA2_Stream0_IRQHandler</STRONG> (Thumb, 0 bytes, Stack size 0 bytes, startup_stm32f401xc.o(.text))
<BR>[Address Reference Count : 1]<UL><LI> startup_stm32f401xc.o(RESET)
</UL>
<P><STRONG><a name="[35]"></a>DMA2_Stream1_IRQHandler</STRONG> (Thumb, 0 bytes, Stack size 0 bytes, startup_stm32f401xc.o(.text))
<BR>[Address Reference Count : 1]<UL><LI> startup_stm32f401xc.o(RESET)
</UL>
<P><STRONG><a name="[36]"></a>DMA2_Stream2_IRQHandler</STRONG> (Thumb, 0 bytes, Stack size 0 bytes, startup_stm32f401xc.o(.text))
<BR>[Address Reference Count : 1]<UL><LI> startup_stm32f401xc.o(RESET)
</UL>
<P><STRONG><a name="[37]"></a>DMA2_Stream3_IRQHandler</STRONG> (Thumb, 0 bytes, Stack size 0 bytes, startup_stm32f401xc.o(.text))
<BR>[Address Reference Count : 1]<UL><LI> startup_stm32f401xc.o(RESET)
</UL>
<P><STRONG><a name="[38]"></a>DMA2_Stream4_IRQHandler</STRONG> (Thumb, 0 bytes, Stack size 0 bytes, startup_stm32f401xc.o(.text))
<BR>[Address Reference Count : 1]<UL><LI> startup_stm32f401xc.o(RESET)
</UL>
<P><STRONG><a name="[3a]"></a>DMA2_Stream5_IRQHandler</STRONG> (Thumb, 0 bytes, Stack size 0 bytes, startup_stm32f401xc.o(.text))
<BR>[Address Reference Count : 1]<UL><LI> startup_stm32f401xc.o(RESET)
</UL>
<P><STRONG><a name="[3b]"></a>DMA2_Stream6_IRQHandler</STRONG> (Thumb, 0 bytes, Stack size 0 bytes, startup_stm32f401xc.o(.text))
<BR>[Address Reference Count : 1]<UL><LI> startup_stm32f401xc.o(RESET)
</UL>
<P><STRONG><a name="[3c]"></a>DMA2_Stream7_IRQHandler</STRONG> (Thumb, 0 bytes, Stack size 0 bytes, startup_stm32f401xc.o(.text))
<BR>[Address Reference Count : 1]<UL><LI> startup_stm32f401xc.o(RESET)
</UL>
<P><STRONG><a name="[10]"></a>EXTI0_IRQHandler</STRONG> (Thumb, 0 bytes, Stack size 0 bytes, startup_stm32f401xc.o(.text))
<BR>[Address Reference Count : 1]<UL><LI> startup_stm32f401xc.o(RESET)
</UL>
<P><STRONG><a name="[2d]"></a>EXTI15_10_IRQHandler</STRONG> (Thumb, 0 bytes, Stack size 0 bytes, startup_stm32f401xc.o(.text))
<BR>[Address Reference Count : 1]<UL><LI> startup_stm32f401xc.o(RESET)
</UL>
<P><STRONG><a name="[11]"></a>EXTI1_IRQHandler</STRONG> (Thumb, 0 bytes, Stack size 0 bytes, startup_stm32f401xc.o(.text))
<BR>[Address Reference Count : 1]<UL><LI> startup_stm32f401xc.o(RESET)
</UL>
<P><STRONG><a name="[12]"></a>EXTI2_IRQHandler</STRONG> (Thumb, 0 bytes, Stack size 0 bytes, startup_stm32f401xc.o(.text))
<BR>[Address Reference Count : 1]<UL><LI> startup_stm32f401xc.o(RESET)
</UL>
<P><STRONG><a name="[13]"></a>EXTI3_IRQHandler</STRONG> (Thumb, 0 bytes, Stack size 0 bytes, startup_stm32f401xc.o(.text))
<BR>[Address Reference Count : 1]<UL><LI> startup_stm32f401xc.o(RESET)
</UL>
<P><STRONG><a name="[14]"></a>EXTI4_IRQHandler</STRONG> (Thumb, 0 bytes, Stack size 0 bytes, startup_stm32f401xc.o(.text))
<BR>[Address Reference Count : 1]<UL><LI> startup_stm32f401xc.o(RESET)
</UL>
<P><STRONG><a name="[1d]"></a>EXTI9_5_IRQHandler</STRONG> (Thumb, 0 bytes, Stack size 0 bytes, startup_stm32f401xc.o(.text))
<BR>[Address Reference Count : 1]<UL><LI> startup_stm32f401xc.o(RESET)
</UL>
<P><STRONG><a name="[e]"></a>FLASH_IRQHandler</STRONG> (Thumb, 0 bytes, Stack size 0 bytes, startup_stm32f401xc.o(.text))
<BR>[Address Reference Count : 1]<UL><LI> startup_stm32f401xc.o(RESET)
</UL>
<P><STRONG><a name="[40]"></a>FPU_IRQHandler</STRONG> (Thumb, 0 bytes, Stack size 0 bytes, startup_stm32f401xc.o(.text))
<BR>[Address Reference Count : 1]<UL><LI> startup_stm32f401xc.o(RESET)
</UL>
<P><STRONG><a name="[26]"></a>I2C1_ER_IRQHandler</STRONG> (Thumb, 0 bytes, Stack size 0 bytes, startup_stm32f401xc.o(.text))
<BR>[Address Reference Count : 1]<UL><LI> startup_stm32f401xc.o(RESET)
</UL>
<P><STRONG><a name="[25]"></a>I2C1_EV_IRQHandler</STRONG> (Thumb, 0 bytes, Stack size 0 bytes, startup_stm32f401xc.o(.text))
<BR>[Address Reference Count : 1]<UL><LI> startup_stm32f401xc.o(RESET)
</UL>
<P><STRONG><a name="[28]"></a>I2C2_ER_IRQHandler</STRONG> (Thumb, 0 bytes, Stack size 0 bytes, startup_stm32f401xc.o(.text))
<BR>[Address Reference Count : 1]<UL><LI> startup_stm32f401xc.o(RESET)
</UL>
<P><STRONG><a name="[27]"></a>I2C2_EV_IRQHandler</STRONG> (Thumb, 0 bytes, Stack size 0 bytes, startup_stm32f401xc.o(.text))
<BR>[Address Reference Count : 1]<UL><LI> startup_stm32f401xc.o(RESET)
</UL>
<P><STRONG><a name="[3f]"></a>I2C3_ER_IRQHandler</STRONG> (Thumb, 0 bytes, Stack size 0 bytes, startup_stm32f401xc.o(.text))
<BR>[Address Reference Count : 1]<UL><LI> startup_stm32f401xc.o(RESET)
</UL>
<P><STRONG><a name="[3e]"></a>I2C3_EV_IRQHandler</STRONG> (Thumb, 0 bytes, Stack size 0 bytes, startup_stm32f401xc.o(.text))
<BR>[Address Reference Count : 1]<UL><LI> startup_stm32f401xc.o(RESET)
</UL>
<P><STRONG><a name="[39]"></a>OTG_FS_IRQHandler</STRONG> (Thumb, 0 bytes, Stack size 0 bytes, startup_stm32f401xc.o(.text))
<BR>[Address Reference Count : 1]<UL><LI> startup_stm32f401xc.o(RESET)
</UL>
<P><STRONG><a name="[2f]"></a>OTG_FS_WKUP_IRQHandler</STRONG> (Thumb, 0 bytes, Stack size 0 bytes, startup_stm32f401xc.o(.text))
<BR>[Address Reference Count : 1]<UL><LI> startup_stm32f401xc.o(RESET)
</UL>
<P><STRONG><a name="[b]"></a>PVD_IRQHandler</STRONG> (Thumb, 0 bytes, Stack size 0 bytes, startup_stm32f401xc.o(.text))
<BR>[Address Reference Count : 1]<UL><LI> startup_stm32f401xc.o(RESET)
</UL>
<P><STRONG><a name="[f]"></a>RCC_IRQHandler</STRONG> (Thumb, 0 bytes, Stack size 0 bytes, startup_stm32f401xc.o(.text))
<BR>[Address Reference Count : 1]<UL><LI> startup_stm32f401xc.o(RESET)
</UL>
<P><STRONG><a name="[2e]"></a>RTC_Alarm_IRQHandler</STRONG> (Thumb, 0 bytes, Stack size 0 bytes, startup_stm32f401xc.o(.text))
<BR>[Address Reference Count : 1]<UL><LI> startup_stm32f401xc.o(RESET)
</UL>
<P><STRONG><a name="[d]"></a>RTC_WKUP_IRQHandler</STRONG> (Thumb, 0 bytes, Stack size 0 bytes, startup_stm32f401xc.o(.text))
<BR>[Address Reference Count : 1]<UL><LI> startup_stm32f401xc.o(RESET)
</UL>
<P><STRONG><a name="[31]"></a>SDIO_IRQHandler</STRONG> (Thumb, 0 bytes, Stack size 0 bytes, startup_stm32f401xc.o(.text))
<BR>[Address Reference Count : 1]<UL><LI> startup_stm32f401xc.o(RESET)
</UL>
<P><STRONG><a name="[29]"></a>SPI1_IRQHandler</STRONG> (Thumb, 0 bytes, Stack size 0 bytes, startup_stm32f401xc.o(.text))
<BR>[Address Reference Count : 1]<UL><LI> startup_stm32f401xc.o(RESET)
</UL>
<P><STRONG><a name="[2a]"></a>SPI2_IRQHandler</STRONG> (Thumb, 0 bytes, Stack size 0 bytes, startup_stm32f401xc.o(.text))
<BR>[Address Reference Count : 1]<UL><LI> startup_stm32f401xc.o(RESET)
</UL>
<P><STRONG><a name="[33]"></a>SPI3_IRQHandler</STRONG> (Thumb, 0 bytes, Stack size 0 bytes, startup_stm32f401xc.o(.text))
<BR>[Address Reference Count : 1]<UL><LI> startup_stm32f401xc.o(RESET)
</UL>
<P><STRONG><a name="[41]"></a>SPI4_IRQHandler</STRONG> (Thumb, 0 bytes, Stack size 0 bytes, startup_stm32f401xc.o(.text))
<BR>[Address Reference Count : 1]<UL><LI> startup_stm32f401xc.o(RESET)
</UL>
<P><STRONG><a name="[c]"></a>TAMP_STAMP_IRQHandler</STRONG> (Thumb, 0 bytes, Stack size 0 bytes, startup_stm32f401xc.o(.text))
<BR>[Address Reference Count : 1]<UL><LI> startup_stm32f401xc.o(RESET)
</UL>
<P><STRONG><a name="[1e]"></a>TIM1_BRK_TIM9_IRQHandler</STRONG> (Thumb, 0 bytes, Stack size 0 bytes, startup_stm32f401xc.o(.text))
<BR>[Address Reference Count : 1]<UL><LI> startup_stm32f401xc.o(RESET)
</UL>
<P><STRONG><a name="[21]"></a>TIM1_CC_IRQHandler</STRONG> (Thumb, 0 bytes, Stack size 0 bytes, startup_stm32f401xc.o(.text))
<BR>[Address Reference Count : 1]<UL><LI> startup_stm32f401xc.o(RESET)
</UL>
<P><STRONG><a name="[20]"></a>TIM1_TRG_COM_TIM11_IRQHandler</STRONG> (Thumb, 0 bytes, Stack size 0 bytes, startup_stm32f401xc.o(.text))
<BR>[Address Reference Count : 1]<UL><LI> startup_stm32f401xc.o(RESET)
</UL>
<P><STRONG><a name="[1f]"></a>TIM1_UP_TIM10_IRQHandler</STRONG> (Thumb, 0 bytes, Stack size 0 bytes, startup_stm32f401xc.o(.text))
<BR>[Address Reference Count : 1]<UL><LI> startup_stm32f401xc.o(RESET)
</UL>
<P><STRONG><a name="[22]"></a>TIM2_IRQHandler</STRONG> (Thumb, 0 bytes, Stack size 0 bytes, startup_stm32f401xc.o(.text))
<BR>[Address Reference Count : 1]<UL><LI> startup_stm32f401xc.o(RESET)
</UL>
<P><STRONG><a name="[23]"></a>TIM3_IRQHandler</STRONG> (Thumb, 0 bytes, Stack size 0 bytes, startup_stm32f401xc.o(.text))
<BR>[Address Reference Count : 1]<UL><LI> startup_stm32f401xc.o(RESET)
</UL>
<P><STRONG><a name="[24]"></a>TIM4_IRQHandler</STRONG> (Thumb, 0 bytes, Stack size 0 bytes, startup_stm32f401xc.o(.text))
<BR>[Address Reference Count : 1]<UL><LI> startup_stm32f401xc.o(RESET)
</UL>
<P><STRONG><a name="[32]"></a>TIM5_IRQHandler</STRONG> (Thumb, 0 bytes, Stack size 0 bytes, startup_stm32f401xc.o(.text))
<BR>[Address Reference Count : 1]<UL><LI> startup_stm32f401xc.o(RESET)
</UL>
<P><STRONG><a name="[2b]"></a>USART1_IRQHandler</STRONG> (Thumb, 0 bytes, Stack size 0 bytes, startup_stm32f401xc.o(.text))
<BR>[Address Reference Count : 1]<UL><LI> startup_stm32f401xc.o(RESET)
</UL>
<P><STRONG><a name="[2c]"></a>USART2_IRQHandler</STRONG> (Thumb, 0 bytes, Stack size 0 bytes, startup_stm32f401xc.o(.text))
<BR>[Address Reference Count : 1]<UL><LI> startup_stm32f401xc.o(RESET)
</UL>
<P><STRONG><a name="[3d]"></a>USART6_IRQHandler</STRONG> (Thumb, 0 bytes, Stack size 0 bytes, startup_stm32f401xc.o(.text))
<BR>[Address Reference Count : 1]<UL><LI> startup_stm32f401xc.o(RESET)
</UL>
<P><STRONG><a name="[a]"></a>WWDG_IRQHandler</STRONG> (Thumb, 0 bytes, Stack size 0 bytes, startup_stm32f401xc.o(.text))
<BR>[Address Reference Count : 1]<UL><LI> startup_stm32f401xc.o(RESET)
</UL>
<P><STRONG><a name="[44]"></a>__user_initial_stackheap</STRONG> (Thumb, 0 bytes, Stack size unknown bytes, startup_stm32f401xc.o(.text), UNUSED, KEPT)

<P><STRONG><a name="[87]"></a>__use_two_region_memory</STRONG> (Thumb, 2 bytes, Stack size 0 bytes, heapauxi.o(.text), UNUSED)

<P><STRONG><a name="[88]"></a>__rt_heap_escrow$2region</STRONG> (Thumb, 2 bytes, Stack size 0 bytes, heapauxi.o(.text), UNUSED)

<P><STRONG><a name="[89]"></a>__rt_heap_expand$2region</STRONG> (Thumb, 2 bytes, Stack size 0 bytes, heapauxi.o(.text), UNUSED)

<P><STRONG><a name="[42]"></a>SystemInit</STRONG> (Thumb, 18 bytes, Stack size 0 bytes, system_stm32f4xx.o(.text.SystemInit))
<BR>[Address Reference Count : 1]<UL><LI> startup_stm32f401xc.o(.text)
</UL>
<P><STRONG><a name="[86]"></a>CONFIGURE_PORTS</STRONG> (Thumb, 78 bytes, Stack size 0 bytes, functions.o(CODEY))
<BR><BR>[Called By]<UL><LI><a href="#[43]">&gt;&gt;</a>&nbsp;&nbsp;&nbsp;__main
</UL>

<P><STRONG><a name="[50]"></a>TFT_WriteCommand</STRONG> (Thumb, 60 bytes, Stack size 0 bytes, functions.o(CODEY))
<BR><BR>[Called By]<UL><LI><a href="#[4e]">&gt;&gt;</a>&nbsp;&nbsp;&nbsp;TFT_Init
<LI><a href="#[46]">&gt;&gt;</a>&nbsp;&nbsp;&nbsp;TFT_Filldraw4INP
<LI><a href="#[52]">&gt;&gt;</a>&nbsp;&nbsp;&nbsp;TFT_DrawImage
</UL>

<P><STRONG><a name="[51]"></a>TFT_WriteData</STRONG> (Thumb, 60 bytes, Stack size 0 bytes, functions.o(CODEY))
<BR><BR>[Called By]<UL><LI><a href="#[4e]">&gt;&gt;</a>&nbsp;&nbsp;&nbsp;TFT_Init
<LI><a href="#[46]">&gt;&gt;</a>&nbsp;&nbsp;&nbsp;TFT_Filldraw4INP
<LI><a href="#[52]">&gt;&gt;</a>&nbsp;&nbsp;&nbsp;TFT_DrawImage
</UL>

<P><STRONG><a name="[4e]"></a>TFT_Init</STRONG> (Thumb, 106 bytes, Stack size 0 bytes, functions.o(CODEY))
<BR><BR>[Calls]<UL><LI><a href="#[4f]">&gt;&gt;</a>&nbsp;&nbsp;&nbsp;delay
<LI><a href="#[51]">&gt;&gt;</a>&nbsp;&nbsp;&nbsp;TFT_WriteData
<LI><a href="#[50]">&gt;&gt;</a>&nbsp;&nbsp;&nbsp;TFT_WriteCommand
</UL>
<BR>[Called By]<UL><LI><a href="#[43]">&gt;&gt;</a>&nbsp;&nbsp;&nbsp;__main
</UL>

<P><STRONG><a name="[52]"></a>TFT_DrawImage</STRONG> (Thumb, 158 bytes, Stack size 0 bytes, functions.o(CODEY))
<BR><BR>[Calls]<UL><LI><a href="#[51]">&gt;&gt;</a>&nbsp;&nbsp;&nbsp;TFT_WriteData
<LI><a href="#[50]">&gt;&gt;</a>&nbsp;&nbsp;&nbsp;TFT_WriteCommand
</UL>
<BR>[Called By]<UL><LI><a href="#[69]">&gt;&gt;</a>&nbsp;&nbsp;&nbsp;Draw_Snake_Movement
<LI><a href="#[55]">&gt;&gt;</a>&nbsp;&nbsp;&nbsp;UI
</UL>

<P><STRONG><a name="[46]"></a>TFT_Filldraw4INP</STRONG> (Thumb, 152 bytes, Stack size 0 bytes, functions.o(CODEY))
<BR><BR>[Calls]<UL><LI><a href="#[51]">&gt;&gt;</a>&nbsp;&nbsp;&nbsp;TFT_WriteData
<LI><a href="#[50]">&gt;&gt;</a>&nbsp;&nbsp;&nbsp;TFT_WriteCommand
</UL>
<BR>[Called By]<UL><LI><a href="#[7d]">&gt;&gt;</a>&nbsp;&nbsp;&nbsp;TFT_DRAWSQUARE2
<LI><a href="#[7a]">&gt;&gt;</a>&nbsp;&nbsp;&nbsp;Intialize_Grid
<LI><a href="#[75]">&gt;&gt;</a>&nbsp;&nbsp;&nbsp;Decrement_Heart_And_Draw
<LI><a href="#[70]">&gt;&gt;</a>&nbsp;&nbsp;&nbsp;Increment_Score_And_Draw
<LI><a href="#[6e]">&gt;&gt;</a>&nbsp;&nbsp;&nbsp;DrawBullet_Enemy
<LI><a href="#[6d]">&gt;&gt;</a>&nbsp;&nbsp;&nbsp;DrawBullet_Player
<LI><a href="#[79]">&gt;&gt;</a>&nbsp;&nbsp;&nbsp;DrawWa74
<LI><a href="#[72]">&gt;&gt;</a>&nbsp;&nbsp;&nbsp;Move_Player
<LI><a href="#[71]">&gt;&gt;</a>&nbsp;&nbsp;&nbsp;Remove_Enemy
<LI><a href="#[6f]">&gt;&gt;</a>&nbsp;&nbsp;&nbsp;MOVE_BULLET
<LI><a href="#[47]">&gt;&gt;</a>&nbsp;&nbsp;&nbsp;Drawsquare
<LI><a href="#[48]">&gt;&gt;</a>&nbsp;&nbsp;&nbsp;DrawMan
<LI><a href="#[69]">&gt;&gt;</a>&nbsp;&nbsp;&nbsp;Draw_Snake_Movement
<LI><a href="#[67]">&gt;&gt;</a>&nbsp;&nbsp;&nbsp;TFT_DRAWSQUARE
<LI><a href="#[6b]">&gt;&gt;</a>&nbsp;&nbsp;&nbsp;check_win
<LI><a href="#[68]">&gt;&gt;</a>&nbsp;&nbsp;&nbsp;TFT_DrawMap
<LI><a href="#[5f]">&gt;&gt;</a>&nbsp;&nbsp;&nbsp;Draw_O
<LI><a href="#[5e]">&gt;&gt;</a>&nbsp;&nbsp;&nbsp;Draw_X
<LI><a href="#[66]">&gt;&gt;</a>&nbsp;&nbsp;&nbsp;DrawTA3ADOL
<LI><a href="#[65]">&gt;&gt;</a>&nbsp;&nbsp;&nbsp;DrawOWINS
<LI><a href="#[64]">&gt;&gt;</a>&nbsp;&nbsp;&nbsp;DrawXWINS
<LI><a href="#[60]">&gt;&gt;</a>&nbsp;&nbsp;&nbsp;DrawBorder
<LI><a href="#[5d]">&gt;&gt;</a>&nbsp;&nbsp;&nbsp;TFT_DrawGrid
<LI><a href="#[5b]">&gt;&gt;</a>&nbsp;&nbsp;&nbsp;Main_Game_Alien
<LI><a href="#[4a]">&gt;&gt;</a>&nbsp;&nbsp;&nbsp;MAIN_MAZE
<LI><a href="#[56]">&gt;&gt;</a>&nbsp;&nbsp;&nbsp;DrawOutline
<LI><a href="#[5c]">&gt;&gt;</a>&nbsp;&nbsp;&nbsp;main_Color_Break
<LI><a href="#[55]">&gt;&gt;</a>&nbsp;&nbsp;&nbsp;UI
<LI><a href="#[45]">&gt;&gt;</a>&nbsp;&nbsp;&nbsp;TFT_DrawMapM
<LI><a href="#[7e]">&gt;&gt;</a>&nbsp;&nbsp;&nbsp;Draw_Map_Break
<LI><a href="#[80]">&gt;&gt;</a>&nbsp;&nbsp;&nbsp;Draw_Filled_Circle30
<LI><a href="#[54]">&gt;&gt;</a>&nbsp;&nbsp;&nbsp;DrawDigit
<LI><a href="#[82]">&gt;&gt;</a>&nbsp;&nbsp;&nbsp;Destroy_Block
</UL>

<P><STRONG><a name="[4c]"></a>GET_state</STRONG> (Thumb, 22 bytes, Stack size 0 bytes, functions.o(CODEY))
<BR><BR>[Calls]<UL><LI><a href="#[4f]">&gt;&gt;</a>&nbsp;&nbsp;&nbsp;delay
</UL>
<BR>[Called By]<UL><LI><a href="#[59]">&gt;&gt;</a>&nbsp;&nbsp;&nbsp;Main_Game_XO
<LI><a href="#[5a]">&gt;&gt;</a>&nbsp;&nbsp;&nbsp;MainGame_LongCat
<LI><a href="#[4a]">&gt;&gt;</a>&nbsp;&nbsp;&nbsp;MAIN_MAZE
<LI><a href="#[55]">&gt;&gt;</a>&nbsp;&nbsp;&nbsp;UI
</UL>

<P><STRONG><a name="[7c]"></a>GET_state2</STRONG> (Thumb, 14 bytes, Stack size 0 bytes, functions.o(CODEY))
<BR><BR>[Called By]<UL><LI><a href="#[5b]">&gt;&gt;</a>&nbsp;&nbsp;&nbsp;Main_Game_Alien
<LI><a href="#[5c]">&gt;&gt;</a>&nbsp;&nbsp;&nbsp;main_Color_Break
</UL>

<P><STRONG><a name="[4f]"></a>delay</STRONG> (Thumb, 16 bytes, Stack size 0 bytes, functions.o(CODEY))
<BR><BR>[Called By]<UL><LI><a href="#[69]">&gt;&gt;</a>&nbsp;&nbsp;&nbsp;Draw_Snake_Movement
<LI><a href="#[62]">&gt;&gt;</a>&nbsp;&nbsp;&nbsp;Draw_XO
<LI><a href="#[5a]">&gt;&gt;</a>&nbsp;&nbsp;&nbsp;MainGame_LongCat
<LI><a href="#[4e]">&gt;&gt;</a>&nbsp;&nbsp;&nbsp;TFT_Init
<LI><a href="#[4c]">&gt;&gt;</a>&nbsp;&nbsp;&nbsp;GET_state
</UL>

<P><STRONG><a name="[57]"></a>Get_Random</STRONG> (Thumb, 28 bytes, Stack size 0 bytes, functions.o(CODEY))
<BR><BR>[Called By]<UL><LI><a href="#[76]">&gt;&gt;</a>&nbsp;&nbsp;&nbsp;ENEMY_BULLET_RATE
<LI><a href="#[55]">&gt;&gt;</a>&nbsp;&nbsp;&nbsp;UI
</UL>

<P><STRONG><a name="[85]"></a>Init_RandomSeed</STRONG> (Thumb, 40 bytes, Stack size 0 bytes, functions.o(CODEY))
<BR><BR>[Called By]<UL><LI><a href="#[43]">&gt;&gt;</a>&nbsp;&nbsp;&nbsp;__main
</UL>

<P><STRONG><a name="[4b]"></a>Num_to_LCD</STRONG> (Thumb, 56 bytes, Stack size 0 bytes, functions.o(CODEY))
<BR><BR>[Calls]<UL><LI><a href="#[53]">&gt;&gt;</a>&nbsp;&nbsp;&nbsp;BCD_TO_SEVEN_SEG
<LI><a href="#[54]">&gt;&gt;</a>&nbsp;&nbsp;&nbsp;DrawDigit
</UL>
<BR>[Called By]<UL><LI><a href="#[74]">&gt;&gt;</a>&nbsp;&nbsp;&nbsp;Heart_Draw
<LI><a href="#[73]">&gt;&gt;</a>&nbsp;&nbsp;&nbsp;Score_Draw
<LI><a href="#[5d]">&gt;&gt;</a>&nbsp;&nbsp;&nbsp;TFT_DrawGrid
<LI><a href="#[5a]">&gt;&gt;</a>&nbsp;&nbsp;&nbsp;MainGame_LongCat
<LI><a href="#[4a]">&gt;&gt;</a>&nbsp;&nbsp;&nbsp;MAIN_MAZE
<LI><a href="#[5c]">&gt;&gt;</a>&nbsp;&nbsp;&nbsp;main_Color_Break
</UL>

<P><STRONG><a name="[54]"></a>DrawDigit</STRONG> (Thumb, 216 bytes, Stack size 0 bytes, functions.o(CODEY))
<BR><BR>[Calls]<UL><LI><a href="#[46]">&gt;&gt;</a>&nbsp;&nbsp;&nbsp;TFT_Filldraw4INP
</UL>
<BR>[Called By]<UL><LI><a href="#[4b]">&gt;&gt;</a>&nbsp;&nbsp;&nbsp;Num_to_LCD
</UL>

<P><STRONG><a name="[55]"></a>UI</STRONG> (Thumb, 600 bytes, Stack size 0 bytes, functions.o(CODEY))
<BR><BR>[Calls]<UL><LI><a href="#[59]">&gt;&gt;</a>&nbsp;&nbsp;&nbsp;Main_Game_XO
<LI><a href="#[5b]">&gt;&gt;</a>&nbsp;&nbsp;&nbsp;Main_Game_Alien
<LI><a href="#[5a]">&gt;&gt;</a>&nbsp;&nbsp;&nbsp;MainGame_LongCat
<LI><a href="#[4a]">&gt;&gt;</a>&nbsp;&nbsp;&nbsp;MAIN_MAZE
<LI><a href="#[56]">&gt;&gt;</a>&nbsp;&nbsp;&nbsp;DrawOutline
<LI><a href="#[58]">&gt;&gt;</a>&nbsp;&nbsp;&nbsp;movecursor
<LI><a href="#[5c]">&gt;&gt;</a>&nbsp;&nbsp;&nbsp;main_Color_Break
<LI><a href="#[46]">&gt;&gt;</a>&nbsp;&nbsp;&nbsp;TFT_Filldraw4INP
<LI><a href="#[52]">&gt;&gt;</a>&nbsp;&nbsp;&nbsp;TFT_DrawImage
<LI><a href="#[57]">&gt;&gt;</a>&nbsp;&nbsp;&nbsp;Get_Random
<LI><a href="#[4c]">&gt;&gt;</a>&nbsp;&nbsp;&nbsp;GET_state
</UL>
<BR>[Called By]<UL><LI><a href="#[43]">&gt;&gt;</a>&nbsp;&nbsp;&nbsp;__main
</UL>

<P><STRONG><a name="[56]"></a>DrawOutline</STRONG> (Thumb, 88 bytes, Stack size 0 bytes, functions.o(CODEY))
<BR><BR>[Calls]<UL><LI><a href="#[46]">&gt;&gt;</a>&nbsp;&nbsp;&nbsp;TFT_Filldraw4INP
</UL>
<BR>[Called By]<UL><LI><a href="#[7d]">&gt;&gt;</a>&nbsp;&nbsp;&nbsp;TFT_DRAWSQUARE2
<LI><a href="#[58]">&gt;&gt;</a>&nbsp;&nbsp;&nbsp;movecursor
<LI><a href="#[55]">&gt;&gt;</a>&nbsp;&nbsp;&nbsp;UI
</UL>

<P><STRONG><a name="[59]"></a>Main_Game_XO</STRONG> (Thumb, 156 bytes, Stack size 0 bytes, xo_functions.o(CODEY))
<BR><BR>[Calls]<UL><LI><a href="#[63]">&gt;&gt;</a>&nbsp;&nbsp;&nbsp;Check_Win
<LI><a href="#[62]">&gt;&gt;</a>&nbsp;&nbsp;&nbsp;Draw_XO
<LI><a href="#[61]">&gt;&gt;</a>&nbsp;&nbsp;&nbsp;TFT_MoveCursor
<LI><a href="#[60]">&gt;&gt;</a>&nbsp;&nbsp;&nbsp;DrawBorder
<LI><a href="#[5d]">&gt;&gt;</a>&nbsp;&nbsp;&nbsp;TFT_DrawGrid
<LI><a href="#[4c]">&gt;&gt;</a>&nbsp;&nbsp;&nbsp;GET_state
</UL>
<BR>[Called By]<UL><LI><a href="#[55]">&gt;&gt;</a>&nbsp;&nbsp;&nbsp;UI
</UL>

<P><STRONG><a name="[5e]"></a>Draw_X</STRONG> (Thumb, 112 bytes, Stack size 0 bytes, xo_functions.o(CODEY))
<BR><BR>[Calls]<UL><LI><a href="#[46]">&gt;&gt;</a>&nbsp;&nbsp;&nbsp;TFT_Filldraw4INP
</UL>
<BR>[Called By]<UL><LI><a href="#[64]">&gt;&gt;</a>&nbsp;&nbsp;&nbsp;DrawXWINS
<LI><a href="#[62]">&gt;&gt;</a>&nbsp;&nbsp;&nbsp;Draw_XO
<LI><a href="#[5d]">&gt;&gt;</a>&nbsp;&nbsp;&nbsp;TFT_DrawGrid
<LI><a href="#[7e]">&gt;&gt;</a>&nbsp;&nbsp;&nbsp;Draw_Map_Break
</UL>

<P><STRONG><a name="[5f]"></a>Draw_O</STRONG> (Thumb, 108 bytes, Stack size 0 bytes, xo_functions.o(CODEY))
<BR><BR>[Calls]<UL><LI><a href="#[46]">&gt;&gt;</a>&nbsp;&nbsp;&nbsp;TFT_Filldraw4INP
</UL>
<BR>[Called By]<UL><LI><a href="#[65]">&gt;&gt;</a>&nbsp;&nbsp;&nbsp;DrawOWINS
<LI><a href="#[62]">&gt;&gt;</a>&nbsp;&nbsp;&nbsp;Draw_XO
<LI><a href="#[5d]">&gt;&gt;</a>&nbsp;&nbsp;&nbsp;TFT_DrawGrid
<LI><a href="#[7e]">&gt;&gt;</a>&nbsp;&nbsp;&nbsp;Draw_Map_Break
</UL>

<P><STRONG><a name="[67]"></a>TFT_DRAWSQUARE</STRONG> (Thumb, 24 bytes, Stack size 0 bytes, longcat.o(CODEY))
<BR><BR>[Calls]<UL><LI><a href="#[46]">&gt;&gt;</a>&nbsp;&nbsp;&nbsp;TFT_Filldraw4INP
</UL>
<BR>[Called By]<UL><LI><a href="#[68]">&gt;&gt;</a>&nbsp;&nbsp;&nbsp;TFT_DrawMap
</UL>

<P><STRONG><a name="[69]"></a>Draw_Snake_Movement</STRONG> (Thumb, 178 bytes, Stack size 0 bytes, longcat.o(CODEY))
<BR><BR>[Calls]<UL><LI><a href="#[6a]">&gt;&gt;</a>&nbsp;&nbsp;&nbsp;Get_Coordinates
<LI><a href="#[4f]">&gt;&gt;</a>&nbsp;&nbsp;&nbsp;delay
<LI><a href="#[46]">&gt;&gt;</a>&nbsp;&nbsp;&nbsp;TFT_Filldraw4INP
<LI><a href="#[52]">&gt;&gt;</a>&nbsp;&nbsp;&nbsp;TFT_DrawImage
</UL>
<BR>[Called By]<UL><LI><a href="#[5a]">&gt;&gt;</a>&nbsp;&nbsp;&nbsp;MainGame_LongCat
</UL>

<P><STRONG><a name="[5a]"></a>MainGame_LongCat</STRONG> (Thumb, 176 bytes, Stack size 0 bytes, longcat.o(CODEY))
<BR><BR>[Calls]<UL><LI><a href="#[69]">&gt;&gt;</a>&nbsp;&nbsp;&nbsp;Draw_Snake_Movement
<LI><a href="#[6b]">&gt;&gt;</a>&nbsp;&nbsp;&nbsp;check_win
<LI><a href="#[6c]">&gt;&gt;</a>&nbsp;&nbsp;&nbsp;Move_Snake
<LI><a href="#[68]">&gt;&gt;</a>&nbsp;&nbsp;&nbsp;TFT_DrawMap
<LI><a href="#[4f]">&gt;&gt;</a>&nbsp;&nbsp;&nbsp;delay
<LI><a href="#[4b]">&gt;&gt;</a>&nbsp;&nbsp;&nbsp;Num_to_LCD
<LI><a href="#[4c]">&gt;&gt;</a>&nbsp;&nbsp;&nbsp;GET_state
</UL>
<BR>[Called By]<UL><LI><a href="#[55]">&gt;&gt;</a>&nbsp;&nbsp;&nbsp;UI
</UL>

<P><STRONG><a name="[6d]"></a>DrawBullet_Player</STRONG> (Thumb, 152 bytes, Stack size 0 bytes, alien_invaders.o(CODEY))
<BR><BR>[Calls]<UL><LI><a href="#[46]">&gt;&gt;</a>&nbsp;&nbsp;&nbsp;TFT_Filldraw4INP
</UL>
<BR>[Called By]<UL><LI><a href="#[5b]">&gt;&gt;</a>&nbsp;&nbsp;&nbsp;Main_Game_Alien
</UL>

<P><STRONG><a name="[6e]"></a>DrawBullet_Enemy</STRONG> (Thumb, 156 bytes, Stack size 0 bytes, alien_invaders.o(CODEY))
<BR><BR>[Calls]<UL><LI><a href="#[46]">&gt;&gt;</a>&nbsp;&nbsp;&nbsp;TFT_Filldraw4INP
</UL>
<BR>[Called By]<UL><LI><a href="#[5b]">&gt;&gt;</a>&nbsp;&nbsp;&nbsp;Main_Game_Alien
</UL>

<P><STRONG><a name="[73]"></a>Score_Draw</STRONG> (Thumb, 40 bytes, Stack size 0 bytes, alien_invaders.o(CODEY))
<BR><BR>[Calls]<UL><LI><a href="#[4b]">&gt;&gt;</a>&nbsp;&nbsp;&nbsp;Num_to_LCD
</UL>
<BR>[Called By]<UL><LI><a href="#[70]">&gt;&gt;</a>&nbsp;&nbsp;&nbsp;Increment_Score_And_Draw
</UL>

<P><STRONG><a name="[70]"></a>Increment_Score_And_Draw</STRONG> (Thumb, 50 bytes, Stack size 0 bytes, alien_invaders.o(CODEY))
<BR><BR>[Calls]<UL><LI><a href="#[73]">&gt;&gt;</a>&nbsp;&nbsp;&nbsp;Score_Draw
<LI><a href="#[46]">&gt;&gt;</a>&nbsp;&nbsp;&nbsp;TFT_Filldraw4INP
</UL>
<BR>[Called By]<UL><LI><a href="#[71]">&gt;&gt;</a>&nbsp;&nbsp;&nbsp;Remove_Enemy
<LI><a href="#[6f]">&gt;&gt;</a>&nbsp;&nbsp;&nbsp;MOVE_BULLET
</UL>

<P><STRONG><a name="[74]"></a>Heart_Draw</STRONG> (Thumb, 40 bytes, Stack size 0 bytes, alien_invaders.o(CODEY))
<BR><BR>[Calls]<UL><LI><a href="#[4b]">&gt;&gt;</a>&nbsp;&nbsp;&nbsp;Num_to_LCD
</UL>
<BR>[Called By]<UL><LI><a href="#[7a]">&gt;&gt;</a>&nbsp;&nbsp;&nbsp;Intialize_Grid
<LI><a href="#[75]">&gt;&gt;</a>&nbsp;&nbsp;&nbsp;Decrement_Heart_And_Draw
</UL>

<P><STRONG><a name="[75]"></a>Decrement_Heart_And_Draw</STRONG> (Thumb, 54 bytes, Stack size 0 bytes, alien_invaders.o(CODEY))
<BR><BR>[Calls]<UL><LI><a href="#[74]">&gt;&gt;</a>&nbsp;&nbsp;&nbsp;Heart_Draw
<LI><a href="#[46]">&gt;&gt;</a>&nbsp;&nbsp;&nbsp;TFT_Filldraw4INP
</UL>
<BR>[Called By]<UL><LI><a href="#[78]">&gt;&gt;</a>&nbsp;&nbsp;&nbsp;check_all_bit15
</UL>

<P><STRONG><a name="[7a]"></a>Intialize_Grid</STRONG> (Thumb, 136 bytes, Stack size 0 bytes, alien_invaders.o(CODEY))
<BR><BR>[Calls]<UL><LI><a href="#[74]">&gt;&gt;</a>&nbsp;&nbsp;&nbsp;Heart_Draw
<LI><a href="#[79]">&gt;&gt;</a>&nbsp;&nbsp;&nbsp;DrawWa74
<LI><a href="#[46]">&gt;&gt;</a>&nbsp;&nbsp;&nbsp;TFT_Filldraw4INP
</UL>
<BR>[Called By]<UL><LI><a href="#[5b]">&gt;&gt;</a>&nbsp;&nbsp;&nbsp;Main_Game_Alien
</UL>

<P><STRONG><a name="[5b]"></a>Main_Game_Alien</STRONG> (Thumb, 124 bytes, Stack size 0 bytes, alien_invaders.o(CODEY))
<BR><BR>[Calls]<UL><LI><a href="#[7a]">&gt;&gt;</a>&nbsp;&nbsp;&nbsp;Intialize_Grid
<LI><a href="#[6e]">&gt;&gt;</a>&nbsp;&nbsp;&nbsp;DrawBullet_Enemy
<LI><a href="#[6d]">&gt;&gt;</a>&nbsp;&nbsp;&nbsp;DrawBullet_Player
<LI><a href="#[78]">&gt;&gt;</a>&nbsp;&nbsp;&nbsp;check_all_bit15
<LI><a href="#[76]">&gt;&gt;</a>&nbsp;&nbsp;&nbsp;ENEMY_BULLET_RATE
<LI><a href="#[72]">&gt;&gt;</a>&nbsp;&nbsp;&nbsp;Move_Player
<LI><a href="#[6f]">&gt;&gt;</a>&nbsp;&nbsp;&nbsp;MOVE_BULLET
<LI><a href="#[7b]">&gt;&gt;</a>&nbsp;&nbsp;&nbsp;ADD_BULLET_PLAYER
<LI><a href="#[7c]">&gt;&gt;</a>&nbsp;&nbsp;&nbsp;GET_state2
<LI><a href="#[46]">&gt;&gt;</a>&nbsp;&nbsp;&nbsp;TFT_Filldraw4INP
</UL>
<BR>[Called By]<UL><LI><a href="#[55]">&gt;&gt;</a>&nbsp;&nbsp;&nbsp;UI
</UL>

<P><STRONG><a name="[7e]"></a>Draw_Map_Break</STRONG> (Thumb, 256 bytes, Stack size 0 bytes, colorbreake.o(ColorBreakeCode))
<BR><BR>[Calls]<UL><LI><a href="#[7d]">&gt;&gt;</a>&nbsp;&nbsp;&nbsp;TFT_DRAWSQUARE2
<LI><a href="#[5f]">&gt;&gt;</a>&nbsp;&nbsp;&nbsp;Draw_O
<LI><a href="#[5e]">&gt;&gt;</a>&nbsp;&nbsp;&nbsp;Draw_X
<LI><a href="#[46]">&gt;&gt;</a>&nbsp;&nbsp;&nbsp;TFT_Filldraw4INP
</UL>
<BR>[Called By]<UL><LI><a href="#[5c]">&gt;&gt;</a>&nbsp;&nbsp;&nbsp;main_Color_Break
</UL>

<P><STRONG><a name="[7f]"></a>UP_D0WN_MOVEMENT</STRONG> (Thumb, 598 bytes, Stack size 0 bytes, colorbreake.o(ColorBreakeCode))
<BR><BR>[Calls]<UL><LI><a href="#[81]">&gt;&gt;</a>&nbsp;&nbsp;&nbsp;Change_color
<LI><a href="#[80]">&gt;&gt;</a>&nbsp;&nbsp;&nbsp;Draw_Filled_Circle30
<LI><a href="#[82]">&gt;&gt;</a>&nbsp;&nbsp;&nbsp;Destroy_Block
</UL>
<BR>[Called By]<UL><LI><a href="#[5c]">&gt;&gt;</a>&nbsp;&nbsp;&nbsp;main_Color_Break
</UL>

<P><STRONG><a name="[82]"></a>Destroy_Block</STRONG> (Thumb, 88 bytes, Stack size 0 bytes, colorbreake.o(ColorBreakeCode))
<BR><BR>[Calls]<UL><LI><a href="#[46]">&gt;&gt;</a>&nbsp;&nbsp;&nbsp;TFT_Filldraw4INP
</UL>
<BR>[Called By]<UL><LI><a href="#[7f]">&gt;&gt;</a>&nbsp;&nbsp;&nbsp;UP_D0WN_MOVEMENT
<LI><a href="#[83]">&gt;&gt;</a>&nbsp;&nbsp;&nbsp;DRAW_BALL_MOVEMENT
</UL>

<P><STRONG><a name="[83]"></a>DRAW_BALL_MOVEMENT</STRONG> (Thumb, 492 bytes, Stack size 0 bytes, colorbreake.o(ColorBreakeCode))
<BR><BR>[Calls]<UL><LI><a href="#[81]">&gt;&gt;</a>&nbsp;&nbsp;&nbsp;Change_color
<LI><a href="#[80]">&gt;&gt;</a>&nbsp;&nbsp;&nbsp;Draw_Filled_Circle30
<LI><a href="#[82]">&gt;&gt;</a>&nbsp;&nbsp;&nbsp;Destroy_Block
</UL>
<BR>[Called By]<UL><LI><a href="#[5c]">&gt;&gt;</a>&nbsp;&nbsp;&nbsp;main_Color_Break
</UL>

<P><STRONG><a name="[80]"></a>Draw_Filled_Circle30</STRONG> (Thumb, 90 bytes, Stack size 0 bytes, colorbreake.o(ColorBreakeCode))
<BR><BR>[Calls]<UL><LI><a href="#[46]">&gt;&gt;</a>&nbsp;&nbsp;&nbsp;TFT_Filldraw4INP
</UL>
<BR>[Called By]<UL><LI><a href="#[7f]">&gt;&gt;</a>&nbsp;&nbsp;&nbsp;UP_D0WN_MOVEMENT
<LI><a href="#[83]">&gt;&gt;</a>&nbsp;&nbsp;&nbsp;DRAW_BALL_MOVEMENT
</UL>

<P><STRONG><a name="[5c]"></a>main_Color_Break</STRONG> (Thumb, 226 bytes, Stack size 0 bytes, colorbreake.o(ColorBreakeCode))
<BR><BR>[Calls]<UL><LI><a href="#[84]">&gt;&gt;</a>&nbsp;&nbsp;&nbsp;Check_Win
<LI><a href="#[7c]">&gt;&gt;</a>&nbsp;&nbsp;&nbsp;GET_state2
<LI><a href="#[7f]">&gt;&gt;</a>&nbsp;&nbsp;&nbsp;UP_D0WN_MOVEMENT
<LI><a href="#[46]">&gt;&gt;</a>&nbsp;&nbsp;&nbsp;TFT_Filldraw4INP
<LI><a href="#[4b]">&gt;&gt;</a>&nbsp;&nbsp;&nbsp;Num_to_LCD
<LI><a href="#[7e]">&gt;&gt;</a>&nbsp;&nbsp;&nbsp;Draw_Map_Break
<LI><a href="#[83]">&gt;&gt;</a>&nbsp;&nbsp;&nbsp;DRAW_BALL_MOVEMENT
</UL>
<BR>[Called By]<UL><LI><a href="#[55]">&gt;&gt;</a>&nbsp;&nbsp;&nbsp;UI
</UL>

<P><STRONG><a name="[43]"></a>__main</STRONG> (Thumb, 16 bytes, Stack size 0 bytes, main.o(MYCODE))
<BR><BR>[Calls]<UL><LI><a href="#[55]">&gt;&gt;</a>&nbsp;&nbsp;&nbsp;UI
<LI><a href="#[4e]">&gt;&gt;</a>&nbsp;&nbsp;&nbsp;TFT_Init
<LI><a href="#[85]">&gt;&gt;</a>&nbsp;&nbsp;&nbsp;Init_RandomSeed
<LI><a href="#[86]">&gt;&gt;</a>&nbsp;&nbsp;&nbsp;CONFIGURE_PORTS
</UL>
<BR>[Address Reference Count : 1]<UL><LI> startup_stm32f401xc.o(.text)
</UL><P>
<H3>
Local Symbols
</H3>
<P><STRONG><a name="[53]"></a>BCD_TO_SEVEN_SEG</STRONG> (Thumb, 146 bytes, Stack size 0 bytes, functions.o(CODEY))
<BR><BR>[Called By]<UL><LI><a href="#[4b]">&gt;&gt;</a>&nbsp;&nbsp;&nbsp;Num_to_LCD
</UL>

<P><STRONG><a name="[58]"></a>movecursor</STRONG> (Thumb, 116 bytes, Stack size 0 bytes, functions.o(CODEY))
<BR><BR>[Calls]<UL><LI><a href="#[56]">&gt;&gt;</a>&nbsp;&nbsp;&nbsp;DrawOutline
</UL>
<BR>[Called By]<UL><LI><a href="#[55]">&gt;&gt;</a>&nbsp;&nbsp;&nbsp;UI
</UL>

<P><STRONG><a name="[5d]"></a>TFT_DrawGrid</STRONG> (Thumb, 282 bytes, Stack size 0 bytes, xo_functions.o(CODEY))
<BR><BR>[Calls]<UL><LI><a href="#[5f]">&gt;&gt;</a>&nbsp;&nbsp;&nbsp;Draw_O
<LI><a href="#[5e]">&gt;&gt;</a>&nbsp;&nbsp;&nbsp;Draw_X
<LI><a href="#[46]">&gt;&gt;</a>&nbsp;&nbsp;&nbsp;TFT_Filldraw4INP
<LI><a href="#[4b]">&gt;&gt;</a>&nbsp;&nbsp;&nbsp;Num_to_LCD
</UL>
<BR>[Called By]<UL><LI><a href="#[59]">&gt;&gt;</a>&nbsp;&nbsp;&nbsp;Main_Game_XO
</UL>

<P><STRONG><a name="[60]"></a>DrawBorder</STRONG> (Thumb, 84 bytes, Stack size 0 bytes, xo_functions.o(CODEY))
<BR><BR>[Calls]<UL><LI><a href="#[46]">&gt;&gt;</a>&nbsp;&nbsp;&nbsp;TFT_Filldraw4INP
</UL>
<BR>[Called By]<UL><LI><a href="#[62]">&gt;&gt;</a>&nbsp;&nbsp;&nbsp;Draw_XO
<LI><a href="#[61]">&gt;&gt;</a>&nbsp;&nbsp;&nbsp;TFT_MoveCursor
<LI><a href="#[59]">&gt;&gt;</a>&nbsp;&nbsp;&nbsp;Main_Game_XO
</UL>

<P><STRONG><a name="[61]"></a>TFT_MoveCursor</STRONG> (Thumb, 96 bytes, Stack size 0 bytes, xo_functions.o(CODEY))
<BR><BR>[Calls]<UL><LI><a href="#[60]">&gt;&gt;</a>&nbsp;&nbsp;&nbsp;DrawBorder
</UL>
<BR>[Called By]<UL><LI><a href="#[59]">&gt;&gt;</a>&nbsp;&nbsp;&nbsp;Main_Game_XO
</UL>

<P><STRONG><a name="[62]"></a>Draw_XO</STRONG> (Thumb, 426 bytes, Stack size 0 bytes, xo_functions.o(CODEY))
<BR><BR>[Calls]<UL><LI><a href="#[5f]">&gt;&gt;</a>&nbsp;&nbsp;&nbsp;Draw_O
<LI><a href="#[5e]">&gt;&gt;</a>&nbsp;&nbsp;&nbsp;Draw_X
<LI><a href="#[60]">&gt;&gt;</a>&nbsp;&nbsp;&nbsp;DrawBorder
<LI><a href="#[4f]">&gt;&gt;</a>&nbsp;&nbsp;&nbsp;delay
</UL>
<BR>[Called By]<UL><LI><a href="#[59]">&gt;&gt;</a>&nbsp;&nbsp;&nbsp;Main_Game_XO
</UL>

<P><STRONG><a name="[63]"></a>Check_Win</STRONG> (Thumb, 298 bytes, Stack size 0 bytes, xo_functions.o(CODEY))
<BR><BR>[Calls]<UL><LI><a href="#[66]">&gt;&gt;</a>&nbsp;&nbsp;&nbsp;DrawTA3ADOL
<LI><a href="#[65]">&gt;&gt;</a>&nbsp;&nbsp;&nbsp;DrawOWINS
<LI><a href="#[64]">&gt;&gt;</a>&nbsp;&nbsp;&nbsp;DrawXWINS
</UL>
<BR>[Called By]<UL><LI><a href="#[59]">&gt;&gt;</a>&nbsp;&nbsp;&nbsp;Main_Game_XO
</UL>

<P><STRONG><a name="[64]"></a>DrawXWINS</STRONG> (Thumb, 54 bytes, Stack size 0 bytes, xo_functions.o(CODEY))
<BR><BR>[Calls]<UL><LI><a href="#[5e]">&gt;&gt;</a>&nbsp;&nbsp;&nbsp;Draw_X
<LI><a href="#[46]">&gt;&gt;</a>&nbsp;&nbsp;&nbsp;TFT_Filldraw4INP
</UL>
<BR>[Called By]<UL><LI><a href="#[63]">&gt;&gt;</a>&nbsp;&nbsp;&nbsp;Check_Win
</UL>

<P><STRONG><a name="[65]"></a>DrawOWINS</STRONG> (Thumb, 52 bytes, Stack size 0 bytes, xo_functions.o(CODEY))
<BR><BR>[Calls]<UL><LI><a href="#[5f]">&gt;&gt;</a>&nbsp;&nbsp;&nbsp;Draw_O
<LI><a href="#[46]">&gt;&gt;</a>&nbsp;&nbsp;&nbsp;TFT_Filldraw4INP
</UL>
<BR>[Called By]<UL><LI><a href="#[63]">&gt;&gt;</a>&nbsp;&nbsp;&nbsp;Check_Win
</UL>

<P><STRONG><a name="[66]"></a>DrawTA3ADOL</STRONG> (Thumb, 32 bytes, Stack size 0 bytes, xo_functions.o(CODEY))
<BR><BR>[Calls]<UL><LI><a href="#[46]">&gt;&gt;</a>&nbsp;&nbsp;&nbsp;TFT_Filldraw4INP
</UL>
<BR>[Called By]<UL><LI><a href="#[63]">&gt;&gt;</a>&nbsp;&nbsp;&nbsp;Check_Win
</UL>

<P><STRONG><a name="[68]"></a>TFT_DrawMap</STRONG> (Thumb, 132 bytes, Stack size 0 bytes, longcat.o(CODEY))
<BR><BR>[Calls]<UL><LI><a href="#[67]">&gt;&gt;</a>&nbsp;&nbsp;&nbsp;TFT_DRAWSQUARE
<LI><a href="#[46]">&gt;&gt;</a>&nbsp;&nbsp;&nbsp;TFT_Filldraw4INP
</UL>
<BR>[Called By]<UL><LI><a href="#[5a]">&gt;&gt;</a>&nbsp;&nbsp;&nbsp;MainGame_LongCat
</UL>

<P><STRONG><a name="[6a]"></a>Get_Coordinates</STRONG> (Thumb, 32 bytes, Stack size 0 bytes, longcat.o(CODEY))
<BR><BR>[Called By]<UL><LI><a href="#[69]">&gt;&gt;</a>&nbsp;&nbsp;&nbsp;Draw_Snake_Movement
</UL>

<P><STRONG><a name="[6c]"></a>Move_Snake</STRONG> (Thumb, 250 bytes, Stack size 0 bytes, longcat.o(CODEY))
<BR><BR>[Called By]<UL><LI><a href="#[5a]">&gt;&gt;</a>&nbsp;&nbsp;&nbsp;MainGame_LongCat
</UL>

<P><STRONG><a name="[6b]"></a>check_win</STRONG> (Thumb, 254 bytes, Stack size 0 bytes, longcat.o(CODEY))
<BR><BR>[Calls]<UL><LI><a href="#[46]">&gt;&gt;</a>&nbsp;&nbsp;&nbsp;TFT_Filldraw4INP
</UL>
<BR>[Called By]<UL><LI><a href="#[5a]">&gt;&gt;</a>&nbsp;&nbsp;&nbsp;MainGame_LongCat
</UL>

<P><STRONG><a name="[48]"></a>DrawMan</STRONG> (Thumb, 176 bytes, Stack size 0 bytes, maze_functions.o(.text))
<BR><BR>[Calls]<UL><LI><a href="#[46]">&gt;&gt;</a>&nbsp;&nbsp;&nbsp;TFT_Filldraw4INP
</UL>
<BR>[Called By]<UL><LI><a href="#[49]">&gt;&gt;</a>&nbsp;&nbsp;&nbsp;Redraw_player
</UL>

<P><STRONG><a name="[47]"></a>Drawsquare</STRONG> (Thumb, 24 bytes, Stack size 0 bytes, maze_functions.o(.text))
<BR><BR>[Calls]<UL><LI><a href="#[46]">&gt;&gt;</a>&nbsp;&nbsp;&nbsp;TFT_Filldraw4INP
</UL>
<BR>[Called By]<UL><LI><a href="#[49]">&gt;&gt;</a>&nbsp;&nbsp;&nbsp;Redraw_player
<LI><a href="#[45]">&gt;&gt;</a>&nbsp;&nbsp;&nbsp;TFT_DrawMapM
</UL>

<P><STRONG><a name="[4d]"></a>check_win_lose</STRONG> (Thumb, 58 bytes, Stack size 0 bytes, maze_functions.o(.text))
<BR><BR>[Called By]<UL><LI><a href="#[4a]">&gt;&gt;</a>&nbsp;&nbsp;&nbsp;MAIN_MAZE
</UL>

<P><STRONG><a name="[49]"></a>Redraw_player</STRONG> (Thumb, 128 bytes, Stack size 0 bytes, maze_functions.o(.text))
<BR><BR>[Calls]<UL><LI><a href="#[47]">&gt;&gt;</a>&nbsp;&nbsp;&nbsp;Drawsquare
<LI><a href="#[48]">&gt;&gt;</a>&nbsp;&nbsp;&nbsp;DrawMan
</UL>
<BR>[Called By]<UL><LI><a href="#[4a]">&gt;&gt;</a>&nbsp;&nbsp;&nbsp;MAIN_MAZE
</UL>

<P><STRONG><a name="[7b]"></a>ADD_BULLET_PLAYER</STRONG> (Thumb, 44 bytes, Stack size 0 bytes, alien_invaders.o(CODEY))
<BR><BR>[Called By]<UL><LI><a href="#[5b]">&gt;&gt;</a>&nbsp;&nbsp;&nbsp;Main_Game_Alien
</UL>

<P><STRONG><a name="[77]"></a>ADD_BULLET_ALIEN</STRONG> (Thumb, 22 bytes, Stack size 0 bytes, alien_invaders.o(CODEY))
<BR><BR>[Called By]<UL><LI><a href="#[76]">&gt;&gt;</a>&nbsp;&nbsp;&nbsp;ENEMY_BULLET_RATE
</UL>

<P><STRONG><a name="[6f]"></a>MOVE_BULLET</STRONG> (Thumb, 340 bytes, Stack size 0 bytes, alien_invaders.o(CODEY))
<BR><BR>[Calls]<UL><LI><a href="#[70]">&gt;&gt;</a>&nbsp;&nbsp;&nbsp;Increment_Score_And_Draw
<LI><a href="#[46]">&gt;&gt;</a>&nbsp;&nbsp;&nbsp;TFT_Filldraw4INP
</UL>
<BR>[Called By]<UL><LI><a href="#[5b]">&gt;&gt;</a>&nbsp;&nbsp;&nbsp;Main_Game_Alien
</UL>

<P><STRONG><a name="[71]"></a>Remove_Enemy</STRONG> (Thumb, 56 bytes, Stack size 0 bytes, alien_invaders.o(CODEY))
<BR><BR>[Calls]<UL><LI><a href="#[70]">&gt;&gt;</a>&nbsp;&nbsp;&nbsp;Increment_Score_And_Draw
<LI><a href="#[46]">&gt;&gt;</a>&nbsp;&nbsp;&nbsp;TFT_Filldraw4INP
</UL>
<BR>[Called By]<UL><LI><a href="#[78]">&gt;&gt;</a>&nbsp;&nbsp;&nbsp;check_all_bit15
</UL>

<P><STRONG><a name="[72]"></a>Move_Player</STRONG> (Thumb, 76 bytes, Stack size 0 bytes, alien_invaders.o(CODEY))
<BR><BR>[Calls]<UL><LI><a href="#[46]">&gt;&gt;</a>&nbsp;&nbsp;&nbsp;TFT_Filldraw4INP
</UL>
<BR>[Called By]<UL><LI><a href="#[5b]">&gt;&gt;</a>&nbsp;&nbsp;&nbsp;Main_Game_Alien
</UL>

<P><STRONG><a name="[76]"></a>ENEMY_BULLET_RATE</STRONG> (Thumb, 50 bytes, Stack size 0 bytes, alien_invaders.o(CODEY))
<BR><BR>[Calls]<UL><LI><a href="#[77]">&gt;&gt;</a>&nbsp;&nbsp;&nbsp;ADD_BULLET_ALIEN
<LI><a href="#[57]">&gt;&gt;</a>&nbsp;&nbsp;&nbsp;Get_Random
</UL>
<BR>[Called By]<UL><LI><a href="#[5b]">&gt;&gt;</a>&nbsp;&nbsp;&nbsp;Main_Game_Alien
</UL>

<P><STRONG><a name="[78]"></a>check_all_bit15</STRONG> (Thumb, 162 bytes, Stack size 0 bytes, alien_invaders.o(CODEY))
<BR><BR>[Calls]<UL><LI><a href="#[75]">&gt;&gt;</a>&nbsp;&nbsp;&nbsp;Decrement_Heart_And_Draw
<LI><a href="#[71]">&gt;&gt;</a>&nbsp;&nbsp;&nbsp;Remove_Enemy
</UL>
<BR>[Called By]<UL><LI><a href="#[5b]">&gt;&gt;</a>&nbsp;&nbsp;&nbsp;Main_Game_Alien
</UL>

<P><STRONG><a name="[79]"></a>DrawWa74</STRONG> (Thumb, 376 bytes, Stack size 0 bytes, alien_invaders.o(CODEY))
<BR><BR>[Calls]<UL><LI><a href="#[46]">&gt;&gt;</a>&nbsp;&nbsp;&nbsp;TFT_Filldraw4INP
</UL>
<BR>[Called By]<UL><LI><a href="#[7a]">&gt;&gt;</a>&nbsp;&nbsp;&nbsp;Intialize_Grid
</UL>

<P><STRONG><a name="[7d]"></a>TFT_DRAWSQUARE2</STRONG> (Thumb, 48 bytes, Stack size 0 bytes, colorbreake.o(ColorBreakeCode))
<BR><BR>[Calls]<UL><LI><a href="#[56]">&gt;&gt;</a>&nbsp;&nbsp;&nbsp;DrawOutline
<LI><a href="#[46]">&gt;&gt;</a>&nbsp;&nbsp;&nbsp;TFT_Filldraw4INP
</UL>
<BR>[Called By]<UL><LI><a href="#[7e]">&gt;&gt;</a>&nbsp;&nbsp;&nbsp;Draw_Map_Break
</UL>

<P><STRONG><a name="[81]"></a>Change_color</STRONG> (Thumb, 30 bytes, Stack size 0 bytes, colorbreake.o(ColorBreakeCode))
<BR><BR>[Called By]<UL><LI><a href="#[7f]">&gt;&gt;</a>&nbsp;&nbsp;&nbsp;UP_D0WN_MOVEMENT
<LI><a href="#[83]">&gt;&gt;</a>&nbsp;&nbsp;&nbsp;DRAW_BALL_MOVEMENT
</UL>

<P><STRONG><a name="[84]"></a>Check_Win</STRONG> (Thumb, 66 bytes, Stack size 0 bytes, colorbreake.o(ColorBreakeCode))
<BR><BR>[Called By]<UL><LI><a href="#[5c]">&gt;&gt;</a>&nbsp;&nbsp;&nbsp;main_Color_Break
</UL>
<P>
<H3>
Undefined Global Symbols
</H3><HR></body></html>
