Component: Arm Compiler for Embedded 6.23 Tool: armlink [5f102400]

==============================================================================

Section Cross References

    main.o(MYDATAS) refers (Special) to functions.o(CODEY) for GET_state
    main.o(MYDATAS) refers (Special) to xo_functions.o(CODEY) for TFT_DrawGrid
    main.o(MYCODE) refers (Special) to functions.o(CODEY) for GET_state
    main.o(MYCODE) refers (Special) to xo_functions.o(CODEY) for TFT_DrawGrid
    xo_functions.o(MYDATA) refers (Special) to functions.o(CODEY) for TFT_WriteCommand
    xo_functions.o(CODEY) refers (Special) to functions.o(CODEY) for TFT_WriteCommand
    xo_functions.o(CODEY) refers to xo_functions.o(MYDATA) for XO_array
    xo_functions.o(CODEY) refers to datax.o(MYIMAGE) for X1
    xo_functions.o(CODEY) refers to datao.o(MYIMAGE) for O1
    startup_stm32f401xc.o(STACK) refers (Special) to heapauxi.o(.text) for __use_two_region_memory
    startup_stm32f401xc.o(HEAP) refers (Special) to heapauxi.o(.text) for __use_two_region_memory
    startup_stm32f401xc.o(RESET) refers (Special) to heapauxi.o(.text) for __use_two_region_memory
    startup_stm32f401xc.o(RESET) refers to startup_stm32f401xc.o(STACK) for __initial_sp
    startup_stm32f401xc.o(RESET) refers to startup_stm32f401xc.o(.text) for Reset_Handler
    startup_stm32f401xc.o(.text) refers (Special) to heapauxi.o(.text) for __use_two_region_memory
    startup_stm32f401xc.o(.text) refers to system_stm32f4xx.o(.text.SystemInit) for SystemInit
    startup_stm32f401xc.o(.text) refers to main.o(MYCODE) for __main
    startup_stm32f401xc.o(.text) refers to startup_stm32f401xc.o(HEAP) for Heap_Mem
    startup_stm32f401xc.o(.text) refers to startup_stm32f401xc.o(STACK) for Stack_Mem
    system_stm32f4xx.o(.ARM.exidx.text.SystemInit) refers to system_stm32f4xx.o(.text.SystemInit) for [Anonymous Symbol]
    system_stm32f4xx.o(.text.SystemCoreClockUpdate) refers to system_stm32f4xx.o(.data.SystemCoreClock) for SystemCoreClock
    system_stm32f4xx.o(.text.SystemCoreClockUpdate) refers to system_stm32f4xx.o(.rodata.AHBPrescTable) for AHBPrescTable
    system_stm32f4xx.o(.ARM.exidx.text.SystemCoreClockUpdate) refers to system_stm32f4xx.o(.text.SystemCoreClockUpdate) for [Anonymous Symbol]


==============================================================================

Removing Unused input sections from the image.

    Removing main.o(MYDATAS), (0 bytes).
    Removing functions.o(MYDATA), (0 bytes).
    Removing system_stm32f4xx.o(.text), (0 bytes).
    Removing system_stm32f4xx.o(.ARM.exidx.text.SystemInit), (8 bytes).
    Removing system_stm32f4xx.o(.text.SystemCoreClockUpdate), (302 bytes).
    Removing system_stm32f4xx.o(.ARM.exidx.text.SystemCoreClockUpdate), (8 bytes).
    Removing system_stm32f4xx.o(.data.SystemCoreClock), (4 bytes).
    Removing system_stm32f4xx.o(.rodata.AHBPrescTable), (16 bytes).
    Removing system_stm32f4xx.o(.rodata.APBPrescTable), (8 bytes).

9 unused section(s) (total 346 bytes) removed from the image.

==============================================================================

Image Symbol Table

    Local Symbols

    Symbol Name                              Value     Ov Type        Size  Object(Section)

    ../clib/heapaux.c                        0x00000000   Number         0  heapauxi.o ABSOLUTE
    Functions.s                              0x00000000   Number         0  functions.o ABSOLUTE
    Main.s                                   0x00000000   Number         0  main.o ABSOLUTE
    RTE/Device/STM32F401RCTx/startup_stm32f401xc.s 0x00000000   Number         0  startup_stm32f401xc.o ABSOLUTE
    XO_Functions.s                           0x00000000   Number         0  xo_functions.o ABSOLUTE
    dataO.s                                  0x00000000   Number         0  datao.o ABSOLUTE
    dataX.s                                  0x00000000   Number         0  datax.o ABSOLUTE
    dc.s                                     0x00000000   Number         0  dc.o ABSOLUTE
    system_stm32f4xx.c                       0x00000000   Number         0  system_stm32f4xx.o ABSOLUTE
    RESET                                    0x08000000   Section      404  startup_stm32f401xc.o(RESET)
    $v0                                      0x08000194   Number         0  startup_stm32f401xc.o(.text)
    .text                                    0x08000194   Section       64  startup_stm32f401xc.o(.text)
    .text                                    0x080001d4   Section        0  heapauxi.o(.text)
    [Anonymous Symbol]                       0x080001dc   Section        0  system_stm32f4xx.o(.text.SystemInit)
    $v0                                      0x080001f0   Number         0  functions.o(CODEY)
    CODEY                                    0x080001f0   Section      704  functions.o(CODEY)
    $v0                                      0x080004b0   Number         0  xo_functions.o(CODEY)
    CODEY                                    0x080004b0   Section     1272  xo_functions.o(CODEY)
    $v0                                      0x080009a8   Number         0  main.o(MYCODE)
    MYCODE                                   0x080009a8   Section       12  main.o(MYCODE)
    MYIMAGE                                  0x080009b4   Section    18440  datao.o(MYIMAGE)
    MYIMAGE                                  0x080051bc   Section    18440  datax.o(MYIMAGE)
    XO_array                                 0x20000000   Data           4  xo_functions.o(MYDATA)
    MYDATA                                   0x20000000   Section       12  xo_functions.o(MYDATA)
    XO_Turn                                  0x20000004   Data           1  xo_functions.o(MYDATA)
    XO_counter                               0x20000008   Data           4  xo_functions.o(MYDATA)
    Heap_Mem                                 0x20000010   Data         512  startup_stm32f401xc.o(HEAP)
    HEAP                                     0x20000010   Section      512  startup_stm32f401xc.o(HEAP)
    Stack_Mem                                0x20000210   Data        1024  startup_stm32f401xc.o(STACK)
    STACK                                    0x20000210   Section     1024  startup_stm32f401xc.o(STACK)
    __initial_sp                             0x20000610   Data           0  startup_stm32f401xc.o(STACK)

    Global Symbols

    Symbol Name                              Value     Ov Type        Size  Object(Section)

    BuildAttributes$$THM_ISAv4$E$P$D$K$B$S$7EM$VFPi3$EXTD16$VFPS$VFMA$PE$A:L22UL41UL21$X:L11$S22US41US21$IEEE1$IW$~IW$USESV6$~STKCKD$USESV7$~SHL$OSPACE$ROPI$EBA8$STANDARDLIB$REQ8$EABIv2 0x00000000   Number         0  anon$$obj.o ABSOLUTE
    __Vectors_Size                           0x00000194   Number         0  startup_stm32f401xc.o ABSOLUTE
    __Vectors                                0x08000000   Data           4  startup_stm32f401xc.o(RESET)
    Reset_Handler                            0x08000195   Thumb Code     8  startup_stm32f401xc.o(.text)
    __Vectors_End                            0x08000194   Data           0  startup_stm32f401xc.o(RESET)
    NMI_Handler                              0x0800019d   Thumb Code     2  startup_stm32f401xc.o(.text)
    HardFault_Handler                        0x0800019f   Thumb Code     2  startup_stm32f401xc.o(.text)
    MemManage_Handler                        0x080001a1   Thumb Code     2  startup_stm32f401xc.o(.text)
    BusFault_Handler                         0x080001a3   Thumb Code     2  startup_stm32f401xc.o(.text)
    UsageFault_Handler                       0x080001a5   Thumb Code     2  startup_stm32f401xc.o(.text)
    SVC_Handler                              0x080001a7   Thumb Code     2  startup_stm32f401xc.o(.text)
    DebugMon_Handler                         0x080001a9   Thumb Code     2  startup_stm32f401xc.o(.text)
    PendSV_Handler                           0x080001ab   Thumb Code     2  startup_stm32f401xc.o(.text)
    SysTick_Handler                          0x080001ad   Thumb Code     2  startup_stm32f401xc.o(.text)
    ADC_IRQHandler                           0x080001af   Thumb Code     0  startup_stm32f401xc.o(.text)
    DMA1_Stream0_IRQHandler                  0x080001af   Thumb Code     0  startup_stm32f401xc.o(.text)
    DMA1_Stream1_IRQHandler                  0x080001af   Thumb Code     0  startup_stm32f401xc.o(.text)
    DMA1_Stream2_IRQHandler                  0x080001af   Thumb Code     0  startup_stm32f401xc.o(.text)
    DMA1_Stream3_IRQHandler                  0x080001af   Thumb Code     0  startup_stm32f401xc.o(.text)
    DMA1_Stream4_IRQHandler                  0x080001af   Thumb Code     0  startup_stm32f401xc.o(.text)
    DMA1_Stream5_IRQHandler                  0x080001af   Thumb Code     0  startup_stm32f401xc.o(.text)
    DMA1_Stream6_IRQHandler                  0x080001af   Thumb Code     0  startup_stm32f401xc.o(.text)
    DMA1_Stream7_IRQHandler                  0x080001af   Thumb Code     0  startup_stm32f401xc.o(.text)
    DMA2_Stream0_IRQHandler                  0x080001af   Thumb Code     0  startup_stm32f401xc.o(.text)
    DMA2_Stream1_IRQHandler                  0x080001af   Thumb Code     0  startup_stm32f401xc.o(.text)
    DMA2_Stream2_IRQHandler                  0x080001af   Thumb Code     0  startup_stm32f401xc.o(.text)
    DMA2_Stream3_IRQHandler                  0x080001af   Thumb Code     0  startup_stm32f401xc.o(.text)
    DMA2_Stream4_IRQHandler                  0x080001af   Thumb Code     0  startup_stm32f401xc.o(.text)
    DMA2_Stream5_IRQHandler                  0x080001af   Thumb Code     0  startup_stm32f401xc.o(.text)
    DMA2_Stream6_IRQHandler                  0x080001af   Thumb Code     0  startup_stm32f401xc.o(.text)
    DMA2_Stream7_IRQHandler                  0x080001af   Thumb Code     0  startup_stm32f401xc.o(.text)
    EXTI0_IRQHandler                         0x080001af   Thumb Code     0  startup_stm32f401xc.o(.text)
    EXTI15_10_IRQHandler                     0x080001af   Thumb Code     0  startup_stm32f401xc.o(.text)
    EXTI1_IRQHandler                         0x080001af   Thumb Code     0  startup_stm32f401xc.o(.text)
    EXTI2_IRQHandler                         0x080001af   Thumb Code     0  startup_stm32f401xc.o(.text)
    EXTI3_IRQHandler                         0x080001af   Thumb Code     0  startup_stm32f401xc.o(.text)
    EXTI4_IRQHandler                         0x080001af   Thumb Code     0  startup_stm32f401xc.o(.text)
    EXTI9_5_IRQHandler                       0x080001af   Thumb Code     0  startup_stm32f401xc.o(.text)
    FLASH_IRQHandler                         0x080001af   Thumb Code     0  startup_stm32f401xc.o(.text)
    FPU_IRQHandler                           0x080001af   Thumb Code     0  startup_stm32f401xc.o(.text)
    I2C1_ER_IRQHandler                       0x080001af   Thumb Code     0  startup_stm32f401xc.o(.text)
    I2C1_EV_IRQHandler                       0x080001af   Thumb Code     0  startup_stm32f401xc.o(.text)
    I2C2_ER_IRQHandler                       0x080001af   Thumb Code     0  startup_stm32f401xc.o(.text)
    I2C2_EV_IRQHandler                       0x080001af   Thumb Code     0  startup_stm32f401xc.o(.text)
    I2C3_ER_IRQHandler                       0x080001af   Thumb Code     0  startup_stm32f401xc.o(.text)
    I2C3_EV_IRQHandler                       0x080001af   Thumb Code     0  startup_stm32f401xc.o(.text)
    OTG_FS_IRQHandler                        0x080001af   Thumb Code     0  startup_stm32f401xc.o(.text)
    OTG_FS_WKUP_IRQHandler                   0x080001af   Thumb Code     0  startup_stm32f401xc.o(.text)
    PVD_IRQHandler                           0x080001af   Thumb Code     0  startup_stm32f401xc.o(.text)
    RCC_IRQHandler                           0x080001af   Thumb Code     0  startup_stm32f401xc.o(.text)
    RTC_Alarm_IRQHandler                     0x080001af   Thumb Code     0  startup_stm32f401xc.o(.text)
    RTC_WKUP_IRQHandler                      0x080001af   Thumb Code     0  startup_stm32f401xc.o(.text)
    SDIO_IRQHandler                          0x080001af   Thumb Code     0  startup_stm32f401xc.o(.text)
    SPI1_IRQHandler                          0x080001af   Thumb Code     0  startup_stm32f401xc.o(.text)
    SPI2_IRQHandler                          0x080001af   Thumb Code     0  startup_stm32f401xc.o(.text)
    SPI3_IRQHandler                          0x080001af   Thumb Code     0  startup_stm32f401xc.o(.text)
    SPI4_IRQHandler                          0x080001af   Thumb Code     0  startup_stm32f401xc.o(.text)
    TAMP_STAMP_IRQHandler                    0x080001af   Thumb Code     0  startup_stm32f401xc.o(.text)
    TIM1_BRK_TIM9_IRQHandler                 0x080001af   Thumb Code     0  startup_stm32f401xc.o(.text)
    TIM1_CC_IRQHandler                       0x080001af   Thumb Code     0  startup_stm32f401xc.o(.text)
    TIM1_TRG_COM_TIM11_IRQHandler            0x080001af   Thumb Code     0  startup_stm32f401xc.o(.text)
    TIM1_UP_TIM10_IRQHandler                 0x080001af   Thumb Code     0  startup_stm32f401xc.o(.text)
    TIM2_IRQHandler                          0x080001af   Thumb Code     0  startup_stm32f401xc.o(.text)
    TIM3_IRQHandler                          0x080001af   Thumb Code     0  startup_stm32f401xc.o(.text)
    TIM4_IRQHandler                          0x080001af   Thumb Code     0  startup_stm32f401xc.o(.text)
    TIM5_IRQHandler                          0x080001af   Thumb Code     0  startup_stm32f401xc.o(.text)
    USART1_IRQHandler                        0x080001af   Thumb Code     0  startup_stm32f401xc.o(.text)
    USART2_IRQHandler                        0x080001af   Thumb Code     0  startup_stm32f401xc.o(.text)
    USART6_IRQHandler                        0x080001af   Thumb Code     0  startup_stm32f401xc.o(.text)
    WWDG_IRQHandler                          0x080001af   Thumb Code     0  startup_stm32f401xc.o(.text)
    __user_initial_stackheap                 0x080001b1   Thumb Code     0  startup_stm32f401xc.o(.text)
    __use_two_region_memory                  0x080001d5   Thumb Code     2  heapauxi.o(.text)
    __rt_heap_escrow$2region                 0x080001d7   Thumb Code     2  heapauxi.o(.text)
    __rt_heap_expand$2region                 0x080001d9   Thumb Code     2  heapauxi.o(.text)
    SystemInit                               0x080001dd   Thumb Code    18  system_stm32f4xx.o(.text.SystemInit)
    CONFIGURE_PORTS                          0x080001f1   Thumb Code    78  functions.o(CODEY)
    TFT_WriteCommand                         0x0800023f   Thumb Code    60  functions.o(CODEY)
    TFT_WriteData                            0x0800027b   Thumb Code    60  functions.o(CODEY)
    TFT_Init                                 0x080002b7   Thumb Code   150  functions.o(CODEY)
    TFT_DrawImage                            0x0800034d   Thumb Code   158  functions.o(CODEY)
    TFT_Filldraw4INP                         0x080003eb   Thumb Code   152  functions.o(CODEY)
    GET_state                                0x08000483   Thumb Code    22  functions.o(CODEY)
    delay                                    0x08000499   Thumb Code    16  functions.o(CODEY)
    TFT_DrawGrid                             0x080004b1   Thumb Code   154  xo_functions.o(CODEY)
    DrawBorder                               0x0800054b   Thumb Code    84  xo_functions.o(CODEY)
    TFT_MoveCursor                           0x0800059f   Thumb Code    96  xo_functions.o(CODEY)
    Draw_XO                                  0x080005ff   Thumb Code   380  xo_functions.o(CODEY)
    Check_Win                                0x0800077b   Thumb Code   264  xo_functions.o(CODEY)
    DrawXWINS                                0x08000883   Thumb Code    46  xo_functions.o(CODEY)
    DrawOWINS                                0x080008b1   Thumb Code    46  xo_functions.o(CODEY)
    DrawTA3ADOL                              0x080008df   Thumb Code    32  xo_functions.o(CODEY)
    Main_Game_XO                             0x08000903   Thumb Code   130  xo_functions.o(CODEY)
    __main                                   0x080009a9   Thumb Code    12  main.o(MYCODE)
    O1                                       0x080009b4   Data           0  datao.o(MYIMAGE)
    X1                                       0x080051bc   Data           0  datax.o(MYIMAGE)



==============================================================================

Memory Map of the image

  Image Entry point : 0x08000195

  Load Region LR_1 (Base: 0x08000000, Size: 0x000099d0, Max: 0xffffffff, ABSOLUTE)

    Execution Region ER_RO (Exec base: 0x08000000, Load base: 0x08000000, Size: 0x000099c4, Max: 0xffffffff, ABSOLUTE)

    Exec Addr    Load Addr    Size         Type   Attr      Idx    E Section Name        Object

    0x08000000   0x08000000   0x00000194   Data   RO           22    RESET               startup_stm32f401xc.o
    0x08000194   0x08000194   0x00000040   Code   RO           23  * .text               startup_stm32f401xc.o
    0x080001d4   0x080001d4   0x00000006   Code   RO           43    .text               c_w.l(heapauxi.o)
    0x080001da   0x080001da   0x00000002   PAD
    0x080001dc   0x080001dc   0x00000012   Code   RO           28    .text.SystemInit    system_stm32f4xx.o
    0x080001ee   0x080001ee   0x00000002   PAD
    0x080001f0   0x080001f0   0x000002c0   Code   RO            9    CODEY               functions.o
    0x080004b0   0x080004b0   0x000004f8   Code   RO           16    CODEY               xo_functions.o
    0x080009a8   0x080009a8   0x0000000c   Code   RO            2    MYCODE              main.o
    0x080009b4   0x080009b4   0x00004808   Data   RO           13    MYIMAGE             datao.o
    0x080051bc   0x080051bc   0x00004808   Data   RO           14    MYIMAGE             datax.o


    Execution Region ER_RW (Exec base: 0x20000000, Load base: 0x080099c4, Size: 0x0000000c, Max: 0xffffffff, ABSOLUTE)

    Exec Addr    Load Addr    Size         Type   Attr      Idx    E Section Name        Object

    0x20000000   0x080099c4   0x0000000c   Data   RW           15    MYDATA              xo_functions.o


    Execution Region ER_ZI (Exec base: 0x20000010, Load base: 0x080099d0, Size: 0x00000600, Max: 0xffffffff, ABSOLUTE)

    Exec Addr    Load Addr    Size         Type   Attr      Idx    E Section Name        Object

    0x20000010        -       0x00000200   Zero   RW           21    HEAP                startup_stm32f401xc.o
    0x20000210        -       0x00000400   Zero   RW           20    STACK               startup_stm32f401xc.o


==============================================================================

Image component sizes


      Code (inc. data)   RO Data    RW Data    ZI Data      Debug   Object Name

         0          0      18440          0          0          0   datao.o
         0          0      18440          0          0          0   datax.o
       704         48          0          0          0        836   functions.o
        12          0          0          0          0        344   main.o
        64         26        404          0       1536        836   startup_stm32f401xc.o
        18          0          0          0          0       2795   system_stm32f4xx.o
      1272         36          0         12          0       1056   xo_functions.o

    ----------------------------------------------------------------------
      2072        110      37284         12       1536       5867   Object Totals
         0          0          0          0          0          0   (incl. Generated)
         2          0          0          0          0          0   (incl. Padding)

    ----------------------------------------------------------------------

      Code (inc. data)   RO Data    RW Data    ZI Data      Debug   Library Member Name

         6          0          0          0          0        152   heapauxi.o

    ----------------------------------------------------------------------
         8          0          0          0          0        152   Library Totals
         2          0          0          0          0          0   (incl. Padding)

    ----------------------------------------------------------------------

      Code (inc. data)   RO Data    RW Data    ZI Data      Debug   Library Name

         6          0          0          0          0        152   c_w.l

    ----------------------------------------------------------------------
         8          0          0          0          0        152   Library Totals

    ----------------------------------------------------------------------

==============================================================================


      Code (inc. data)   RO Data    RW Data    ZI Data      Debug   

      2080        110      37284         12       1536       5719   Grand Totals
      2080        110      37284         12       1536       5719   ELF Image Totals
      2080        110      37284         12          0          0   ROM Totals

==============================================================================

    Total RO  Size (Code + RO Data)                39364 (  38.44kB)
    Total RW  Size (RW Data + ZI Data)              1548 (   1.51kB)
    Total ROM Size (Code + RO Data + RW Data)      39376 (  38.45kB)

==============================================================================

