Component: Arm Compiler for Embedded 6.23 Tool: armlink [5f102400]

==============================================================================

Section Cross References

    main.o(MYDATAS) refers (Special) to colorbreake.o(ColorBreakeCode) for DRAW_BALL_MOVEMENT
    main.o(MYDATAS) refers (Special) to functions.o(CODEY) for DrawDigit
    main.o(MYDATAS) refers (Special) to maze_functions.o(.text) for TFT_DrawMapM
    main.o(MYCODE) refers (Special) to colorbreake.o(ColorBreakeCode) for DRAW_BALL_MOVEMENT
    main.o(MYCODE) refers (Special) to functions.o(CODEY) for DrawDigit
    main.o(MYCODE) refers (Special) to maze_functions.o(.text) for TFT_DrawMapM
    functions.o(CODEY) refers to functions.o(MYDATA) for RNG_State
    functions.o(CODEY) refers to xo_functions.o(CODEY) for Main_Game_XO
    functions.o(CODEY) refers to longcat.o(CODEY) for MainGame_LongCat
    functions.o(CODEY) refers to maze_functions.o(.text) for MAIN_MAZE
    functions.o(CODEY) refers to alien_invaders.o(CODEY) for Main_Game_Alien
    functions.o(CODEY) refers to colorbreake.o(ColorBreakeCode) for main_Color_Break
    functions.o(CODEY) refers to mazelogo.o(MYIMAGE) for MAZELOGO
    functions.o(CODEY) refers to dataaerospace.o(MYIMAGE) for AEROSPACE
    functions.o(CODEY) refers to dataxo.o(MYIMAGE) for XO
    functions.o(CODEY) refers to color_breaker.o(MYIMAGE) for COLOR_BREAKER
    functions.o(CODEY) refers to datalongcat.o(MYIMAGE) for LONGCAT
    xo_functions.o(MYDATA) refers (Special) to functions.o(CODEY) for TFT_DrawImage
    xo_functions.o(CODEY) refers (Special) to functions.o(CODEY) for TFT_DrawImage
    xo_functions.o(CODEY) refers to xo_functions.o(MYDATA) for X_score
    longcat.o(MYDATA) refers (Special) to functions.o(CODEY) for TFT_WriteCommand
    longcat.o(USEABLE) refers (Special) to functions.o(CODEY) for TFT_WriteCommand
    longcat.o(CODEY) refers (Special) to functions.o(CODEY) for TFT_WriteCommand
    longcat.o(CODEY) refers to longcat.o(USEABLE) for SnakeMap
    longcat.o(CODEY) refers to datacatface.o(MYIMAGE) for CatFace
    longcat.o(CODEY) refers to longcat.o(MYDATA) for Leve1StartCell
    maze_functions.o(MazeData) refers (Special) to dataaerospace.o(MYIMAGE) for AEROSPACE
    maze_functions.o(MazeData) refers (Special) to datalongcat.o(MYIMAGE) for LONGCAT
    maze_functions.o(MazeData) refers (Special) to mazelogo.o(MYIMAGE) for MAZELOGO
    maze_functions.o(MazeData) refers (Special) to functions.o(CODEY) for TFT_DrawImage
    maze_functions.o(MazeData) refers (Special) to dataxo.o(MYIMAGE) for XO
    maze_functions.o(USEABLE) refers (Special) to dataaerospace.o(MYIMAGE) for AEROSPACE
    maze_functions.o(USEABLE) refers (Special) to datalongcat.o(MYIMAGE) for LONGCAT
    maze_functions.o(USEABLE) refers (Special) to mazelogo.o(MYIMAGE) for MAZELOGO
    maze_functions.o(USEABLE) refers (Special) to functions.o(CODEY) for TFT_DrawImage
    maze_functions.o(USEABLE) refers (Special) to dataxo.o(MYIMAGE) for XO
    maze_functions.o(.text) refers (Special) to dataaerospace.o(MYIMAGE) for AEROSPACE
    maze_functions.o(.text) refers (Special) to datalongcat.o(MYIMAGE) for LONGCAT
    maze_functions.o(.text) refers (Special) to mazelogo.o(MYIMAGE) for MAZELOGO
    maze_functions.o(.text) refers (Special) to functions.o(CODEY) for TFT_DrawImage
    maze_functions.o(.text) refers (Special) to dataxo.o(MYIMAGE) for XO
    maze_functions.o(.text) refers to maze_functions.o(MazeData) for ROW2
    alien_invaders.o(USEABLE) refers (Special) to functions.o(CODEY) for GET_state
    alien_invaders.o(CODEY) refers (Special) to functions.o(CODEY) for GET_state
    alien_invaders.o(CODEY) refers to alien_invaders.o(USEABLE) for Player_Bullets
    colorbreake.o(ColorBreakeData) refers (Special) to longcat.o(CODEY) for TFT_DRAWSQUARE
    colorbreake.o(ColorBreakeData) refers (Special) to functions.o(CODEY) for TFT_DrawImage
    colorbreake.o(ColorBreakMAP) refers (Special) to longcat.o(CODEY) for TFT_DRAWSQUARE
    colorbreake.o(ColorBreakMAP) refers (Special) to functions.o(CODEY) for TFT_DrawImage
    colorbreake.o(ColorBreakeCode) refers (Special) to longcat.o(CODEY) for TFT_DRAWSQUARE
    colorbreake.o(ColorBreakeCode) refers (Special) to functions.o(CODEY) for TFT_DrawImage
    colorbreake.o(ColorBreakeCode) refers to xo_functions.o(CODEY) for Draw_O
    colorbreake.o(ColorBreakeCode) refers to colorbreake.o(ColorBreakMAP) for colorBreakMap
    colorbreake.o(ColorBreakeCode) refers to colorbreake.o(ColorBreakeData) for colorBreaklvl
    startup_stm32f401xc.o(STACK) refers (Special) to heapauxi.o(.text) for __use_two_region_memory
    startup_stm32f401xc.o(HEAP) refers (Special) to heapauxi.o(.text) for __use_two_region_memory
    startup_stm32f401xc.o(RESET) refers (Special) to heapauxi.o(.text) for __use_two_region_memory
    startup_stm32f401xc.o(RESET) refers to startup_stm32f401xc.o(STACK) for __initial_sp
    startup_stm32f401xc.o(RESET) refers to startup_stm32f401xc.o(.text) for Reset_Handler
    startup_stm32f401xc.o(.text) refers (Special) to heapauxi.o(.text) for __use_two_region_memory
    startup_stm32f401xc.o(.text) refers to system_stm32f4xx.o(.text.SystemInit) for SystemInit
    startup_stm32f401xc.o(.text) refers to main.o(MYCODE) for __main
    startup_stm32f401xc.o(.text) refers to startup_stm32f401xc.o(HEAP) for Heap_Mem
    startup_stm32f401xc.o(.text) refers to startup_stm32f401xc.o(STACK) for Stack_Mem
    system_stm32f4xx.o(.ARM.exidx.text.SystemInit) refers to system_stm32f4xx.o(.text.SystemInit) for [Anonymous Symbol]
    system_stm32f4xx.o(.text.SystemCoreClockUpdate) refers to system_stm32f4xx.o(.data.SystemCoreClock) for SystemCoreClock
    system_stm32f4xx.o(.text.SystemCoreClockUpdate) refers to system_stm32f4xx.o(.rodata.AHBPrescTable) for AHBPrescTable
    system_stm32f4xx.o(.ARM.exidx.text.SystemCoreClockUpdate) refers to system_stm32f4xx.o(.text.SystemCoreClockUpdate) for [Anonymous Symbol]


==============================================================================

Removing Unused input sections from the image.

    Removing main.o(MYDATAS), (0 bytes).
    Removing maze_functions.o(USEABLE), (80 bytes).
    Removing system_stm32f4xx.o(.text), (0 bytes).
    Removing system_stm32f4xx.o(.ARM.exidx.text.SystemInit), (8 bytes).
    Removing system_stm32f4xx.o(.text.SystemCoreClockUpdate), (302 bytes).
    Removing system_stm32f4xx.o(.ARM.exidx.text.SystemCoreClockUpdate), (8 bytes).
    Removing system_stm32f4xx.o(.data.SystemCoreClock), (4 bytes).
    Removing system_stm32f4xx.o(.rodata.AHBPrescTable), (16 bytes).
    Removing system_stm32f4xx.o(.rodata.APBPrescTable), (8 bytes).

9 unused section(s) (total 426 bytes) removed from the image.

==============================================================================

Image Symbol Table

    Local Symbols

    Symbol Name                              Value     Ov Type        Size  Object(Section)

    ../clib/heapaux.c                        0x00000000   Number         0  heapauxi.o ABSOLUTE
    Alien_Invaders.s                         0x00000000   Number         0  alien_invaders.o ABSOLUTE
    COLOR_BREAKER.s                          0x00000000   Number         0  color_breaker.o ABSOLUTE
    ColorBreake.s                            0x00000000   Number         0  colorbreake.o ABSOLUTE
    Functions.s                              0x00000000   Number         0  functions.o ABSOLUTE
    LongCat.s                                0x00000000   Number         0  longcat.o ABSOLUTE
    MAZELOGO.s                               0x00000000   Number         0  mazelogo.o ABSOLUTE
    MAZE_Functions.s                         0x00000000   Number         0  maze_functions.o ABSOLUTE
    Main.s                                   0x00000000   Number         0  main.o ABSOLUTE
    RTE/Device/STM32F401RCTx/startup_stm32f401xc.s 0x00000000   Number         0  startup_stm32f401xc.o ABSOLUTE
    XO_Functions.s                           0x00000000   Number         0  xo_functions.o ABSOLUTE
    dataAEROSPACE.s                          0x00000000   Number         0  dataaerospace.o ABSOLUTE
    dataCatFace.s                            0x00000000   Number         0  datacatface.o ABSOLUTE
    dataLONGCAT.s                            0x00000000   Number         0  datalongcat.o ABSOLUTE
    dataXO.s                                 0x00000000   Number         0  dataxo.o ABSOLUTE
    dc.s                                     0x00000000   Number         0  dc.o ABSOLUTE
    system_stm32f4xx.c                       0x00000000   Number         0  system_stm32f4xx.o ABSOLUTE
    RESET                                    0x08000000   Section      404  startup_stm32f401xc.o(RESET)
    $v0                                      0x08000194   Number         0  maze_functions.o(.text)
    .text                                    0x08000194   Section      628  maze_functions.o(.text)
    DrawMan                                  0x0800022d   Thumb Code   176  maze_functions.o(.text)
    Drawsquare                               0x080002dd   Thumb Code    24  maze_functions.o(.text)
    check_win_lose                           0x080002f5   Thumb Code    58  maze_functions.o(.text)
    Redraw_player                            0x0800032f   Thumb Code   128  maze_functions.o(.text)
    $v0                                      0x08000408   Number         0  startup_stm32f401xc.o(.text)
    .text                                    0x08000408   Section       64  startup_stm32f401xc.o(.text)
    .text                                    0x08000448   Section        0  heapauxi.o(.text)
    [Anonymous Symbol]                       0x08000450   Section        0  system_stm32f4xx.o(.text.SystemInit)
    $v0                                      0x08000464   Number         0  functions.o(CODEY)
    CODEY                                    0x08000464   Section     2104  functions.o(CODEY)
    BCD_TO_SEVEN_SEG                         0x08000805   Thumb Code   146  functions.o(CODEY)
    movecursor                               0x08000bbd   Thumb Code   116  functions.o(CODEY)
    $v0                                      0x08000c9c   Number         0  xo_functions.o(CODEY)
    TFT_DrawGrid                             0x08000c9d   Thumb Code   282  xo_functions.o(CODEY)
    CODEY                                    0x08000c9c   Section     1968  xo_functions.o(CODEY)
    DrawBorder                               0x08000db7   Thumb Code    84  xo_functions.o(CODEY)
    TFT_MoveCursor                           0x08000e0b   Thumb Code    96  xo_functions.o(CODEY)
    Draw_XO                                  0x08000e6b   Thumb Code   426  xo_functions.o(CODEY)
    Check_Win                                0x08001015   Thumb Code   298  xo_functions.o(CODEY)
    DrawXWINS                                0x0800113f   Thumb Code    54  xo_functions.o(CODEY)
    DrawOWINS                                0x08001175   Thumb Code    52  xo_functions.o(CODEY)
    DrawTA3ADOL                              0x080011a9   Thumb Code    32  xo_functions.o(CODEY)
    $v0                                      0x0800144c   Number         0  longcat.o(CODEY)
    CODEY                                    0x0800144c   Section     1064  longcat.o(CODEY)
    TFT_DrawMap                              0x08001465   Thumb Code   132  longcat.o(CODEY)
    Get_Coordinates                          0x0800159b   Thumb Code    32  longcat.o(CODEY)
    Move_Snake                               0x080015bb   Thumb Code   250  longcat.o(CODEY)
    check_win                                0x080016b5   Thumb Code   254  longcat.o(CODEY)
    $v0                                      0x08001874   Number         0  alien_invaders.o(CODEY)
    ADD_BULLET_PLAYER                        0x08001875   Thumb Code    44  alien_invaders.o(CODEY)
    CODEY                                    0x08001874   Section     2172  alien_invaders.o(CODEY)
    ADD_BULLET_ALIEN                         0x080018a1   Thumb Code    22  alien_invaders.o(CODEY)
    MOVE_BULLET                              0x080019eb   Thumb Code   340  alien_invaders.o(CODEY)
    Remove_Enemy                             0x08001b4d   Thumb Code    56  alien_invaders.o(CODEY)
    Move_Player                              0x08001b85   Thumb Code    76  alien_invaders.o(CODEY)
    ENEMY_BULLET_RATE                        0x08001c89   Thumb Code    50  alien_invaders.o(CODEY)
    check_all_bit15                          0x08001cbb   Thumb Code   162  alien_invaders.o(CODEY)
    DrawWa74                                 0x08001d5d   Thumb Code   376  alien_invaders.o(CODEY)
    $v0                                      0x080020f0   Number         0  colorbreake.o(ColorBreakeCode)
    TFT_DRAWSQUARE2                          0x080020f1   Thumb Code    48  colorbreake.o(ColorBreakeCode)
    ColorBreakeCode                          0x080020f0   Section     1968  colorbreake.o(ColorBreakeCode)
    Change_color                             0x0800247b   Thumb Code    30  colorbreake.o(ColorBreakeCode)
    Check_Win                                0x080024f1   Thumb Code    66  colorbreake.o(ColorBreakeCode)
    $v0                                      0x080028a0   Number         0  main.o(MYCODE)
    MYCODE                                   0x080028a0   Section       16  main.o(MYCODE)
    colorBreaklvl                            0x080028b0   Data           0  colorbreake.o(ColorBreakeData)
    ColorBreakeData                          0x080028b0   Section       64  colorbreake.o(ColorBreakeData)
    Level1Map                                0x080028f0   Data           0  longcat.o(MYDATA)
    MYDATA                                   0x080028f0   Section       42  longcat.o(MYDATA)
    Leve1StartCell                           0x08002914   Data           0  longcat.o(MYDATA)
    MYIMAGE                                  0x0800291c   Section     5008  datacatface.o(MYIMAGE)
    MYIMAGE                                  0x08003cac   Section    20008  dataaerospace.o(MYIMAGE)
    MYIMAGE                                  0x08008ad4   Section    20008  datalongcat.o(MYIMAGE)
    MYIMAGE                                  0x0800d8fc   Section    20008  dataxo.o(MYIMAGE)
    MYIMAGE                                  0x08012724   Section    20008  mazelogo.o(MYIMAGE)
    MYIMAGE                                  0x0801754c   Section    20008  color_breaker.o(MYIMAGE)
    MazeData                                 0x0801c374   Section      161  maze_functions.o(MazeData)
    ROW2                                     0x0801c3c4   Data           0  maze_functions.o(MazeData)
    CellStart                                0x0801c414   Data           1  maze_functions.o(MazeData)
    colorBreakMap                            0x20000000   Data           0  colorbreake.o(ColorBreakMAP)
    ColorBreakMAP                            0x20000000   Section       33  colorbreake.o(ColorBreakMAP)
    PlayerColor                              0x20000020   Data           1  colorbreake.o(ColorBreakMAP)
    RNG_State                                0x20000024   Data           4  functions.o(MYDATA)
    MYDATA                                   0x20000024   Section        4  functions.o(MYDATA)
    XO_array                                 0x20000028   Data           4  xo_functions.o(MYDATA)
    MYDATA                                   0x20000028   Section       20  xo_functions.o(MYDATA)
    XO_Turn                                  0x2000002c   Data           4  xo_functions.o(MYDATA)
    XO_counter                               0x20000030   Data           4  xo_functions.o(MYDATA)
    X_score                                  0x20000034   Data           4  xo_functions.o(MYDATA)
    O_score                                  0x20000038   Data           4  xo_functions.o(MYDATA)
    SnakeMap                                 0x2000003c   Data           0  longcat.o(USEABLE)
    USEABLE                                  0x2000003c   Section        6  longcat.o(USEABLE)
    Player_Bullets                           0x20000044   Data           0  alien_invaders.o(USEABLE)
    USEABLE                                  0x20000044   Section      127  alien_invaders.o(USEABLE)
    Enemy_Bullets                            0x20000080   Data           0  alien_invaders.o(USEABLE)
    enemy                                    0x200000bc   Data           1  alien_invaders.o(USEABLE)
    Score                                    0x200000be   Data           2  alien_invaders.o(USEABLE)
    Hearts                                   0x200000c0   Data           2  alien_invaders.o(USEABLE)
    PlayerBulletCounter                      0x200000c2   Data           1  alien_invaders.o(USEABLE)
    Heap_Mem                                 0x200000c8   Data         512  startup_stm32f401xc.o(HEAP)
    HEAP                                     0x200000c8   Section      512  startup_stm32f401xc.o(HEAP)
    Stack_Mem                                0x200002c8   Data        1024  startup_stm32f401xc.o(STACK)
    STACK                                    0x200002c8   Section     1024  startup_stm32f401xc.o(STACK)
    __initial_sp                             0x200006c8   Data           0  startup_stm32f401xc.o(STACK)

    Global Symbols

    Symbol Name                              Value     Ov Type        Size  Object(Section)

    BuildAttributes$$THM_ISAv4$E$P$D$K$B$S$7EM$VFPi3$EXTD16$VFPS$VFMA$PE$A:L22UL41UL21$X:L11$S22US41US21$IEEE1$IW$~IW$USESV6$~STKCKD$USESV7$~SHL$OSPACE$ROPI$EBA8$STANDARDLIB$REQ8$EABIv2 0x00000000   Number         0  anon$$obj.o ABSOLUTE
    __Vectors_Size                           0x00000194   Number         0  startup_stm32f401xc.o ABSOLUTE
    __Vectors                                0x08000000   Data           4  startup_stm32f401xc.o(RESET)
    TFT_DrawMapM                             0x08000195   Thumb Code   152  maze_functions.o(.text)
    __Vectors_End                            0x08000194   Data           0  startup_stm32f401xc.o(RESET)
    MAIN_MAZE                                0x080003af   Thumb Code    82  maze_functions.o(.text)
    Reset_Handler                            0x08000409   Thumb Code     8  startup_stm32f401xc.o(.text)
    NMI_Handler                              0x08000411   Thumb Code     2  startup_stm32f401xc.o(.text)
    HardFault_Handler                        0x08000413   Thumb Code     2  startup_stm32f401xc.o(.text)
    MemManage_Handler                        0x08000415   Thumb Code     2  startup_stm32f401xc.o(.text)
    BusFault_Handler                         0x08000417   Thumb Code     2  startup_stm32f401xc.o(.text)
    UsageFault_Handler                       0x08000419   Thumb Code     2  startup_stm32f401xc.o(.text)
    SVC_Handler                              0x0800041b   Thumb Code     2  startup_stm32f401xc.o(.text)
    DebugMon_Handler                         0x0800041d   Thumb Code     2  startup_stm32f401xc.o(.text)
    PendSV_Handler                           0x0800041f   Thumb Code     2  startup_stm32f401xc.o(.text)
    SysTick_Handler                          0x08000421   Thumb Code     2  startup_stm32f401xc.o(.text)
    ADC_IRQHandler                           0x08000423   Thumb Code     0  startup_stm32f401xc.o(.text)
    DMA1_Stream0_IRQHandler                  0x08000423   Thumb Code     0  startup_stm32f401xc.o(.text)
    DMA1_Stream1_IRQHandler                  0x08000423   Thumb Code     0  startup_stm32f401xc.o(.text)
    DMA1_Stream2_IRQHandler                  0x08000423   Thumb Code     0  startup_stm32f401xc.o(.text)
    DMA1_Stream3_IRQHandler                  0x08000423   Thumb Code     0  startup_stm32f401xc.o(.text)
    DMA1_Stream4_IRQHandler                  0x08000423   Thumb Code     0  startup_stm32f401xc.o(.text)
    DMA1_Stream5_IRQHandler                  0x08000423   Thumb Code     0  startup_stm32f401xc.o(.text)
    DMA1_Stream6_IRQHandler                  0x08000423   Thumb Code     0  startup_stm32f401xc.o(.text)
    DMA1_Stream7_IRQHandler                  0x08000423   Thumb Code     0  startup_stm32f401xc.o(.text)
    DMA2_Stream0_IRQHandler                  0x08000423   Thumb Code     0  startup_stm32f401xc.o(.text)
    DMA2_Stream1_IRQHandler                  0x08000423   Thumb Code     0  startup_stm32f401xc.o(.text)
    DMA2_Stream2_IRQHandler                  0x08000423   Thumb Code     0  startup_stm32f401xc.o(.text)
    DMA2_Stream3_IRQHandler                  0x08000423   Thumb Code     0  startup_stm32f401xc.o(.text)
    DMA2_Stream4_IRQHandler                  0x08000423   Thumb Code     0  startup_stm32f401xc.o(.text)
    DMA2_Stream5_IRQHandler                  0x08000423   Thumb Code     0  startup_stm32f401xc.o(.text)
    DMA2_Stream6_IRQHandler                  0x08000423   Thumb Code     0  startup_stm32f401xc.o(.text)
    DMA2_Stream7_IRQHandler                  0x08000423   Thumb Code     0  startup_stm32f401xc.o(.text)
    EXTI0_IRQHandler                         0x08000423   Thumb Code     0  startup_stm32f401xc.o(.text)
    EXTI15_10_IRQHandler                     0x08000423   Thumb Code     0  startup_stm32f401xc.o(.text)
    EXTI1_IRQHandler                         0x08000423   Thumb Code     0  startup_stm32f401xc.o(.text)
    EXTI2_IRQHandler                         0x08000423   Thumb Code     0  startup_stm32f401xc.o(.text)
    EXTI3_IRQHandler                         0x08000423   Thumb Code     0  startup_stm32f401xc.o(.text)
    EXTI4_IRQHandler                         0x08000423   Thumb Code     0  startup_stm32f401xc.o(.text)
    EXTI9_5_IRQHandler                       0x08000423   Thumb Code     0  startup_stm32f401xc.o(.text)
    FLASH_IRQHandler                         0x08000423   Thumb Code     0  startup_stm32f401xc.o(.text)
    FPU_IRQHandler                           0x08000423   Thumb Code     0  startup_stm32f401xc.o(.text)
    I2C1_ER_IRQHandler                       0x08000423   Thumb Code     0  startup_stm32f401xc.o(.text)
    I2C1_EV_IRQHandler                       0x08000423   Thumb Code     0  startup_stm32f401xc.o(.text)
    I2C2_ER_IRQHandler                       0x08000423   Thumb Code     0  startup_stm32f401xc.o(.text)
    I2C2_EV_IRQHandler                       0x08000423   Thumb Code     0  startup_stm32f401xc.o(.text)
    I2C3_ER_IRQHandler                       0x08000423   Thumb Code     0  startup_stm32f401xc.o(.text)
    I2C3_EV_IRQHandler                       0x08000423   Thumb Code     0  startup_stm32f401xc.o(.text)
    OTG_FS_IRQHandler                        0x08000423   Thumb Code     0  startup_stm32f401xc.o(.text)
    OTG_FS_WKUP_IRQHandler                   0x08000423   Thumb Code     0  startup_stm32f401xc.o(.text)
    PVD_IRQHandler                           0x08000423   Thumb Code     0  startup_stm32f401xc.o(.text)
    RCC_IRQHandler                           0x08000423   Thumb Code     0  startup_stm32f401xc.o(.text)
    RTC_Alarm_IRQHandler                     0x08000423   Thumb Code     0  startup_stm32f401xc.o(.text)
    RTC_WKUP_IRQHandler                      0x08000423   Thumb Code     0  startup_stm32f401xc.o(.text)
    SDIO_IRQHandler                          0x08000423   Thumb Code     0  startup_stm32f401xc.o(.text)
    SPI1_IRQHandler                          0x08000423   Thumb Code     0  startup_stm32f401xc.o(.text)
    SPI2_IRQHandler                          0x08000423   Thumb Code     0  startup_stm32f401xc.o(.text)
    SPI3_IRQHandler                          0x08000423   Thumb Code     0  startup_stm32f401xc.o(.text)
    SPI4_IRQHandler                          0x08000423   Thumb Code     0  startup_stm32f401xc.o(.text)
    TAMP_STAMP_IRQHandler                    0x08000423   Thumb Code     0  startup_stm32f401xc.o(.text)
    TIM1_BRK_TIM9_IRQHandler                 0x08000423   Thumb Code     0  startup_stm32f401xc.o(.text)
    TIM1_CC_IRQHandler                       0x08000423   Thumb Code     0  startup_stm32f401xc.o(.text)
    TIM1_TRG_COM_TIM11_IRQHandler            0x08000423   Thumb Code     0  startup_stm32f401xc.o(.text)
    TIM1_UP_TIM10_IRQHandler                 0x08000423   Thumb Code     0  startup_stm32f401xc.o(.text)
    TIM2_IRQHandler                          0x08000423   Thumb Code     0  startup_stm32f401xc.o(.text)
    TIM3_IRQHandler                          0x08000423   Thumb Code     0  startup_stm32f401xc.o(.text)
    TIM4_IRQHandler                          0x08000423   Thumb Code     0  startup_stm32f401xc.o(.text)
    TIM5_IRQHandler                          0x08000423   Thumb Code     0  startup_stm32f401xc.o(.text)
    USART1_IRQHandler                        0x08000423   Thumb Code     0  startup_stm32f401xc.o(.text)
    USART2_IRQHandler                        0x08000423   Thumb Code     0  startup_stm32f401xc.o(.text)
    USART6_IRQHandler                        0x08000423   Thumb Code     0  startup_stm32f401xc.o(.text)
    WWDG_IRQHandler                          0x08000423   Thumb Code     0  startup_stm32f401xc.o(.text)
    __user_initial_stackheap                 0x08000425   Thumb Code     0  startup_stm32f401xc.o(.text)
    __use_two_region_memory                  0x08000449   Thumb Code     2  heapauxi.o(.text)
    __rt_heap_escrow$2region                 0x0800044b   Thumb Code     2  heapauxi.o(.text)
    __rt_heap_expand$2region                 0x0800044d   Thumb Code     2  heapauxi.o(.text)
    SystemInit                               0x08000451   Thumb Code    18  system_stm32f4xx.o(.text.SystemInit)
    CONFIGURE_PORTS                          0x08000465   Thumb Code    78  functions.o(CODEY)
    TFT_WriteCommand                         0x080004b3   Thumb Code    60  functions.o(CODEY)
    TFT_WriteData                            0x080004ef   Thumb Code    60  functions.o(CODEY)
    TFT_Init                                 0x08000555   Thumb Code   106  functions.o(CODEY)
    TFT_DrawImage                            0x080005bf   Thumb Code   158  functions.o(CODEY)
    TFT_Filldraw4INP                         0x0800065d   Thumb Code   152  functions.o(CODEY)
    GET_state                                0x080006f5   Thumb Code    22  functions.o(CODEY)
    GET_state2                               0x0800070b   Thumb Code    14  functions.o(CODEY)
    delay                                    0x08000719   Thumb Code    16  functions.o(CODEY)
    Get_Random                               0x08000729   Thumb Code    28  functions.o(CODEY)
    Init_RandomSeed                          0x08000745   Thumb Code    40  functions.o(CODEY)
    Num_to_LCD                               0x0800076d   Thumb Code    56  functions.o(CODEY)
    DrawDigit                                0x08000897   Thumb Code   216  functions.o(CODEY)
    UI                                       0x0800096f   Thumb Code   590  functions.o(CODEY)
    DrawOutline                              0x08000c31   Thumb Code    88  functions.o(CODEY)
    Main_Game_XO                             0x080011c9   Thumb Code   156  xo_functions.o(CODEY)
    Draw_X                                   0x08001265   Thumb Code   112  xo_functions.o(CODEY)
    Draw_O                                   0x080012d5   Thumb Code   108  xo_functions.o(CODEY)
    TFT_DRAWSQUARE                           0x0800144d   Thumb Code    24  longcat.o(CODEY)
    Draw_Snake_Movement                      0x080014e9   Thumb Code   178  longcat.o(CODEY)
    MainGame_LongCat                         0x080017b3   Thumb Code   176  longcat.o(CODEY)
    DrawBullet_Player                        0x080018b7   Thumb Code   152  alien_invaders.o(CODEY)
    DrawBullet_Enemy                         0x0800194f   Thumb Code   156  alien_invaders.o(CODEY)
    Score_Draw                               0x08001bd1   Thumb Code    40  alien_invaders.o(CODEY)
    Increment_Score_And_Draw                 0x08001bf9   Thumb Code    50  alien_invaders.o(CODEY)
    Heart_Draw                               0x08001c2b   Thumb Code    40  alien_invaders.o(CODEY)
    Decrement_Heart_And_Draw                 0x08001c53   Thumb Code    54  alien_invaders.o(CODEY)
    Intialize_Grid                           0x08001fd5   Thumb Code   136  alien_invaders.o(CODEY)
    Main_Game_Alien                          0x0800205d   Thumb Code   124  alien_invaders.o(CODEY)
    Draw_Map_Break                           0x08002121   Thumb Code   256  colorbreake.o(ColorBreakeCode)
    UP_D0WN_MOVEMENT                         0x08002221   Thumb Code   602  colorbreake.o(ColorBreakeCode)
    Destroy_Block                            0x08002499   Thumb Code    88  colorbreake.o(ColorBreakeCode)
    DRAW_BALL_MOVEMENT                       0x0800253d   Thumb Code   492  colorbreake.o(ColorBreakeCode)
    Draw_Filled_Circle30                     0x08002729   Thumb Code    90  colorbreake.o(ColorBreakeCode)
    main_Color_Break                         0x080027d7   Thumb Code   188  colorbreake.o(ColorBreakeCode)
    __main                                   0x080028a1   Thumb Code    16  main.o(MYCODE)
    CatFace                                  0x0800291c   Data           0  datacatface.o(MYIMAGE)
    AEROSPACE                                0x08003cac   Data           0  dataaerospace.o(MYIMAGE)
    LONGCAT                                  0x08008ad4   Data           0  datalongcat.o(MYIMAGE)
    XO                                       0x0800d8fc   Data           0  dataxo.o(MYIMAGE)
    MAZELOGO                                 0x08012724   Data           0  mazelogo.o(MYIMAGE)
    COLOR_BREAKER                            0x0801754c   Data           0  color_breaker.o(MYIMAGE)



==============================================================================

Memory Map of the image

  Image Entry point : 0x08000409

  Load Region LR_1 (Base: 0x08000000, Size: 0x0001c4dc, Max: 0xffffffff, ABSOLUTE)

    Execution Region ER_RO (Exec base: 0x08000000, Load base: 0x08000000, Size: 0x0001c418, Max: 0xffffffff, ABSOLUTE)

    Exec Addr    Load Addr    Size         Type   Attr      Idx    E Section Name        Object

    0x08000000   0x08000000   0x00000194   Data   RO           49    RESET               startup_stm32f401xc.o
    0x08000194   0x08000194   0x00000274   Code   RO           26    .text               maze_functions.o
    0x08000408   0x08000408   0x00000040   Code   RO           50  * .text               startup_stm32f401xc.o
    0x08000448   0x08000448   0x00000006   Code   RO           70    .text               c_w.l(heapauxi.o)
    0x0800044e   0x0800044e   0x00000002   PAD
    0x08000450   0x08000450   0x00000012   Code   RO           55    .text.SystemInit    system_stm32f4xx.o
    0x08000462   0x08000462   0x00000002   PAD
    0x08000464   0x08000464   0x00000838   Code   RO            9    CODEY               functions.o
    0x08000c9c   0x08000c9c   0x000007b0   Code   RO           14    CODEY               xo_functions.o
    0x0800144c   0x0800144c   0x00000428   Code   RO           20    CODEY               longcat.o
    0x08001874   0x08001874   0x0000087c   Code   RO           32    CODEY               alien_invaders.o
    0x080020f0   0x080020f0   0x000007b0   Code   RO           42    ColorBreakeCode     colorbreake.o
    0x080028a0   0x080028a0   0x00000010   Code   RO            2    MYCODE              main.o
    0x080028b0   0x080028b0   0x00000040   Data   RO           40    ColorBreakeData     colorbreake.o
    0x080028f0   0x080028f0   0x0000002a   Data   RO           18    MYDATA              longcat.o
    0x0800291a   0x0800291a   0x00000002   PAD
    0x0800291c   0x0800291c   0x00001390   Data   RO           30    MYIMAGE             datacatface.o
    0x08003cac   0x08003cac   0x00004e28   Data   RO           36    MYIMAGE             dataaerospace.o
    0x08008ad4   0x08008ad4   0x00004e28   Data   RO           37    MYIMAGE             datalongcat.o
    0x0800d8fc   0x0800d8fc   0x00004e28   Data   RO           38    MYIMAGE             dataxo.o
    0x08012724   0x08012724   0x00004e28   Data   RO           39    MYIMAGE             mazelogo.o
    0x0801754c   0x0801754c   0x00004e28   Data   RO           46    MYIMAGE             color_breaker.o
    0x0801c374   0x0801c374   0x000000a1   Data   RO           24    MazeData            maze_functions.o


    Execution Region ER_RW (Exec base: 0x20000000, Load base: 0x0801c418, Size: 0x000000c4, Max: 0xffffffff, ABSOLUTE)

    Exec Addr    Load Addr    Size         Type   Attr      Idx    E Section Name        Object

    0x20000000   0x0801c418   0x00000021   Data   RW           41    ColorBreakMAP       colorbreake.o
    0x20000021   0x0801c439   0x00000003   PAD
    0x20000024   0x0801c43c   0x00000004   Data   RW            8    MYDATA              functions.o
    0x20000028   0x0801c440   0x00000014   Data   RW           13    MYDATA              xo_functions.o
    0x2000003c   0x0801c454   0x00000006   Data   RW           19    USEABLE             longcat.o
    0x20000042   0x0801c45a   0x00000002   PAD
    0x20000044   0x0801c45c   0x0000007f   Data   RW           31    USEABLE             alien_invaders.o


    Execution Region ER_ZI (Exec base: 0x200000c8, Load base: 0x0801c4dc, Size: 0x00000600, Max: 0xffffffff, ABSOLUTE)

    Exec Addr    Load Addr    Size         Type   Attr      Idx    E Section Name        Object

    0x200000c8        -       0x00000200   Zero   RW           48    HEAP                startup_stm32f401xc.o
    0x200002c8        -       0x00000400   Zero   RW           47    STACK               startup_stm32f401xc.o


==============================================================================

Image component sizes


      Code (inc. data)   RO Data    RW Data    ZI Data      Debug   Object Name

      2172         60          0        127          0       1620   alien_invaders.o
         0          0      20008          0          0          0   color_breaker.o
      1968         34         64         33          0       1320   colorbreake.o
         0          0      20008          0          0          0   dataaerospace.o
         0          0       5008          0          0          0   datacatface.o
         0          0      20008          0          0          0   datalongcat.o
         0          0      20008          0          0          0   dataxo.o
      2104         84          0          4          0       1628   functions.o
      1064         18         42          6          0        936   longcat.o
        16          0          0          0          0        348   main.o
       628          8        161          0          0        696   maze_functions.o
         0          0      20008          0          0          0   mazelogo.o
        64         26        404          0       1536        836   startup_stm32f401xc.o
        18          0          0          0          0       2791   system_stm32f4xx.o
      1968         74          0         20          0       1300   xo_functions.o

    ----------------------------------------------------------------------
     10004        304     105724        196       1536      11475   Object Totals
         0          0          0          0          0          0   (incl. Generated)
         2          0          5          6          0          0   (incl. Padding)

    ----------------------------------------------------------------------

      Code (inc. data)   RO Data    RW Data    ZI Data      Debug   Library Member Name

         6          0          0          0          0        152   heapauxi.o

    ----------------------------------------------------------------------
         8          0          0          0          0        152   Library Totals
         2          0          0          0          0          0   (incl. Padding)

    ----------------------------------------------------------------------

      Code (inc. data)   RO Data    RW Data    ZI Data      Debug   Library Name

         6          0          0          0          0        152   c_w.l

    ----------------------------------------------------------------------
         8          0          0          0          0        152   Library Totals

    ----------------------------------------------------------------------

==============================================================================


      Code (inc. data)   RO Data    RW Data    ZI Data      Debug   

     10012        304     105724        196       1536      10927   Grand Totals
     10012        304     105724        196       1536      10927   ELF Image Totals
     10012        304     105724        196          0          0   ROM Totals

==============================================================================

    Total RO  Size (Code + RO Data)               115736 ( 113.02kB)
    Total RW  Size (RW Data + ZI Data)              1732 (   1.69kB)
    Total ROM Size (Code + RO Data + RW Data)     115932 ( 113.21kB)

==============================================================================

