Component: Arm Compiler for Embedded 6.23 Tool: armlink [5f102400]

==============================================================================

Section Cross References

    main.o(MYDATAS) refers (Special) to functions.o(CODEY) for DrawDigit
    main.o(MYDATAS) refers (Special) to alien_invaders.o(CODEY) for Heart_Draw
    main.o(MYDATAS) refers (Special) to maze_functions.o(.text) for TFT_DrawMapM
    main.o(MYCODE) refers (Special) to functions.o(CODEY) for DrawDigit
    main.o(MYCODE) refers (Special) to alien_invaders.o(CODEY) for Heart_Draw
    main.o(MYCODE) refers (Special) to maze_functions.o(.text) for TFT_DrawMapM
    functions.o(MYDATA) refers (Special) to dataaerospace.o(MYIMAGE) for AEROSPACE
    functions.o(CODEY) refers (Special) to dataaerospace.o(MYIMAGE) for AEROSPACE
    functions.o(CODEY) refers to functions.o(MYDATA) for RNG_State
    functions.o(CODEY) refers to xo_functions.o(CODEY) for Main_Game_XO
    functions.o(CODEY) refers to longcat.o(CODEY) for MainGame_LongCat
    functions.o(CODEY) refers to maze_functions.o(.text) for MAIN_MAZE
    functions.o(CODEY) refers to datalongcat.o(MYIMAGE) for LONGCAT
    functions.o(CODEY) refers to mazelogo.o(MYIMAGE) for MAZELOGO
    functions.o(CODEY) refers to dataxo.o(MYIMAGE) for XO
    xo_functions.o(MYDATA) refers (Special) to functions.o(CODEY) for TFT_DrawImage
    xo_functions.o(CODEY) refers (Special) to functions.o(CODEY) for TFT_DrawImage
    xo_functions.o(CODEY) refers to xo_functions.o(MYDATA) for X_score
    longcat.o(MYDATA) refers (Special) to functions.o(CODEY) for TFT_WriteCommand
    longcat.o(USEABLE) refers (Special) to functions.o(CODEY) for TFT_WriteCommand
    longcat.o(CODEY) refers (Special) to functions.o(CODEY) for TFT_WriteCommand
    longcat.o(CODEY) refers to longcat.o(USEABLE) for SnakeMap
    longcat.o(CODEY) refers to datacatface.o(MYIMAGE) for CatFace
    longcat.o(CODEY) refers to longcat.o(MYDATA) for Leve1StartCell
    maze_functions.o(MazeData) refers (Special) to dataaerospace.o(MYIMAGE) for AEROSPACE
    maze_functions.o(MazeData) refers (Special) to datalongcat.o(MYIMAGE) for LONGCAT
    maze_functions.o(MazeData) refers (Special) to mazelogo.o(MYIMAGE) for MAZELOGO
    maze_functions.o(MazeData) refers (Special) to functions.o(CODEY) for TFT_DrawImage
    maze_functions.o(MazeData) refers (Special) to dataxo.o(MYIMAGE) for XO
    maze_functions.o(.text) refers (Special) to dataaerospace.o(MYIMAGE) for AEROSPACE
    maze_functions.o(.text) refers (Special) to datalongcat.o(MYIMAGE) for LONGCAT
    maze_functions.o(.text) refers (Special) to mazelogo.o(MYIMAGE) for MAZELOGO
    maze_functions.o(.text) refers (Special) to functions.o(CODEY) for TFT_DrawImage
    maze_functions.o(.text) refers (Special) to dataxo.o(MYIMAGE) for XO
    maze_functions.o(.text) refers to maze_functions.o(MazeData) for ROW2
    alien_invaders.o(USEABLE) refers (Special) to functions.o(CODEY) for Init_RandomSeed
    alien_invaders.o(CODEY) refers (Special) to functions.o(CODEY) for Init_RandomSeed
    alien_invaders.o(CODEY) refers to alien_invaders.o(USEABLE) for Player_Bullets
    startup_stm32f401xc.o(STACK) refers (Special) to heapauxi.o(.text) for __use_two_region_memory
    startup_stm32f401xc.o(HEAP) refers (Special) to heapauxi.o(.text) for __use_two_region_memory
    startup_stm32f401xc.o(RESET) refers (Special) to heapauxi.o(.text) for __use_two_region_memory
    startup_stm32f401xc.o(RESET) refers to startup_stm32f401xc.o(STACK) for __initial_sp
    startup_stm32f401xc.o(RESET) refers to startup_stm32f401xc.o(.text) for Reset_Handler
    startup_stm32f401xc.o(.text) refers (Special) to heapauxi.o(.text) for __use_two_region_memory
    startup_stm32f401xc.o(.text) refers to system_stm32f4xx.o(.text.SystemInit) for SystemInit
    startup_stm32f401xc.o(.text) refers to main.o(MYCODE) for __main
    startup_stm32f401xc.o(.text) refers to startup_stm32f401xc.o(HEAP) for Heap_Mem
    startup_stm32f401xc.o(.text) refers to startup_stm32f401xc.o(STACK) for Stack_Mem
    system_stm32f4xx.o(.ARM.exidx.text.SystemInit) refers to system_stm32f4xx.o(.text.SystemInit) for [Anonymous Symbol]
    system_stm32f4xx.o(.text.SystemCoreClockUpdate) refers to system_stm32f4xx.o(.data.SystemCoreClock) for SystemCoreClock
    system_stm32f4xx.o(.text.SystemCoreClockUpdate) refers to system_stm32f4xx.o(.rodata.AHBPrescTable) for AHBPrescTable
    system_stm32f4xx.o(.ARM.exidx.text.SystemCoreClockUpdate) refers to system_stm32f4xx.o(.text.SystemCoreClockUpdate) for [Anonymous Symbol]


==============================================================================

Removing Unused input sections from the image.

    Removing main.o(MYDATAS), (0 bytes).
    Removing system_stm32f4xx.o(.text), (0 bytes).
    Removing system_stm32f4xx.o(.ARM.exidx.text.SystemInit), (8 bytes).
    Removing system_stm32f4xx.o(.text.SystemCoreClockUpdate), (302 bytes).
    Removing system_stm32f4xx.o(.ARM.exidx.text.SystemCoreClockUpdate), (8 bytes).
    Removing system_stm32f4xx.o(.data.SystemCoreClock), (4 bytes).
    Removing system_stm32f4xx.o(.rodata.AHBPrescTable), (16 bytes).
    Removing system_stm32f4xx.o(.rodata.APBPrescTable), (8 bytes).

8 unused section(s) (total 346 bytes) removed from the image.

==============================================================================

Image Symbol Table

    Local Symbols

    Symbol Name                              Value     Ov Type        Size  Object(Section)

    ../clib/heapaux.c                        0x00000000   Number         0  heapauxi.o ABSOLUTE
    Alien_Invaders.s                         0x00000000   Number         0  alien_invaders.o ABSOLUTE
    Functions.s                              0x00000000   Number         0  functions.o ABSOLUTE
    LongCat.s                                0x00000000   Number         0  longcat.o ABSOLUTE
    MAZELOGO.s                               0x00000000   Number         0  mazelogo.o ABSOLUTE
    MAZE_Functions.s                         0x00000000   Number         0  maze_functions.o ABSOLUTE
    Main.s                                   0x00000000   Number         0  main.o ABSOLUTE
    RTE/Device/STM32F401RCTx/startup_stm32f401xc.s 0x00000000   Number         0  startup_stm32f401xc.o ABSOLUTE
    XO_Functions.s                           0x00000000   Number         0  xo_functions.o ABSOLUTE
    dataAEROSPACE.s                          0x00000000   Number         0  dataaerospace.o ABSOLUTE
    dataCatFace.s                            0x00000000   Number         0  datacatface.o ABSOLUTE
    dataLONGCAT.s                            0x00000000   Number         0  datalongcat.o ABSOLUTE
    dataXO.s                                 0x00000000   Number         0  dataxo.o ABSOLUTE
    dc.s                                     0x00000000   Number         0  dc.o ABSOLUTE
    system_stm32f4xx.c                       0x00000000   Number         0  system_stm32f4xx.o ABSOLUTE
    RESET                                    0x08000000   Section      404  startup_stm32f401xc.o(RESET)
    $v0                                      0x08000194   Number         0  maze_functions.o(.text)
    .text                                    0x08000194   Section      456  maze_functions.o(.text)
    Drawsquare                               0x0800022d   Thumb Code    24  maze_functions.o(.text)
    check_win_lose                           0x08000245   Thumb Code    58  maze_functions.o(.text)
    Redraw_player                            0x0800027f   Thumb Code   132  maze_functions.o(.text)
    $v0                                      0x0800035c   Number         0  startup_stm32f401xc.o(.text)
    .text                                    0x0800035c   Section       64  startup_stm32f401xc.o(.text)
    .text                                    0x0800039c   Section        0  heapauxi.o(.text)
    [Anonymous Symbol]                       0x080003a4   Section        0  system_stm32f4xx.o(.text.SystemInit)
    $v0                                      0x080003b8   Number         0  functions.o(CODEY)
    CODEY                                    0x080003b8   Section     1916  functions.o(CODEY)
    BCD_TO_SEVEN_SEG                         0x0800074d   Thumb Code   146  functions.o(CODEY)
    movecursor                               0x08000a5b   Thumb Code   116  functions.o(CODEY)
    DrawOutline                              0x08000acf   Thumb Code    88  functions.o(CODEY)
    $v0                                      0x08000b34   Number         0  xo_functions.o(CODEY)
    TFT_DrawGrid                             0x08000b35   Thumb Code   282  xo_functions.o(CODEY)
    CODEY                                    0x08000b34   Section     1968  xo_functions.o(CODEY)
    DrawBorder                               0x08000c4f   Thumb Code    84  xo_functions.o(CODEY)
    TFT_MoveCursor                           0x08000ca3   Thumb Code    96  xo_functions.o(CODEY)
    Draw_XO                                  0x08000d03   Thumb Code   426  xo_functions.o(CODEY)
    Check_Win                                0x08000ead   Thumb Code   298  xo_functions.o(CODEY)
    DrawXWINS                                0x08000fd7   Thumb Code    54  xo_functions.o(CODEY)
    DrawOWINS                                0x0800100d   Thumb Code    52  xo_functions.o(CODEY)
    DrawTA3ADOL                              0x08001041   Thumb Code    32  xo_functions.o(CODEY)
    Draw_X                                   0x080010fd   Thumb Code   112  xo_functions.o(CODEY)
    Draw_O                                   0x0800116d   Thumb Code   108  xo_functions.o(CODEY)
    $v0                                      0x080012e4   Number         0  longcat.o(CODEY)
    TFT_DRAWSQUARE                           0x080012e5   Thumb Code    24  longcat.o(CODEY)
    CODEY                                    0x080012e4   Section     1024  longcat.o(CODEY)
    TFT_DrawMap                              0x080012fd   Thumb Code   132  longcat.o(CODEY)
    Get_Coordinates                          0x08001433   Thumb Code    32  longcat.o(CODEY)
    Move_Snake                               0x08001453   Thumb Code   250  longcat.o(CODEY)
    check_win                                0x0800154d   Thumb Code   254  longcat.o(CODEY)
    $v0                                      0x080016e4   Number         0  alien_invaders.o(CODEY)
    ADD_BULLET_PLAYER                        0x080016e5   Thumb Code    22  alien_invaders.o(CODEY)
    CODEY                                    0x080016e4   Section     1292  alien_invaders.o(CODEY)
    ADD_BULLET_ALIEN                         0x080016fb   Thumb Code    22  alien_invaders.o(CODEY)
    DrawBullet_Player                        0x08001711   Thumb Code   122  alien_invaders.o(CODEY)
    DrawBullet_Enemy                         0x08001795   Thumb Code   122  alien_invaders.o(CODEY)
    MOVE_BULLET                              0x0800180f   Thumb Code   152  alien_invaders.o(CODEY)
    Remove_Enemy                             0x080018b1   Thumb Code    48  alien_invaders.o(CODEY)
    Move_Player                              0x080018e1   Thumb Code   102  alien_invaders.o(CODEY)
    ENEMY_BULLET_RATE                        0x080019fb   Thumb Code    52  alien_invaders.o(CODEY)
    check_all_bit15                          0x08001a2f   Thumb Code   164  alien_invaders.o(CODEY)
    DrawWa74                                 0x08001ad3   Thumb Code    92  alien_invaders.o(CODEY)
    $v0                                      0x08001bf0   Number         0  main.o(MYCODE)
    MYCODE                                   0x08001bf0   Section       40  main.o(MYCODE)
    Level1Map                                0x08001c18   Data           0  longcat.o(MYDATA)
    MYDATA                                   0x08001c18   Section       21  longcat.o(MYDATA)
    Leve1StartCell                           0x08001c2a   Data           0  longcat.o(MYDATA)
    MYIMAGE                                  0x08001c30   Section     5008  datacatface.o(MYIMAGE)
    MYIMAGE                                  0x08002fc0   Section    19808  dataaerospace.o(MYIMAGE)
    MYIMAGE                                  0x08007d20   Section    14550  datalongcat.o(MYIMAGE)
    MYIMAGE                                  0x0800b5f8   Section    14552  dataxo.o(MYIMAGE)
    MYIMAGE                                  0x0800eed0   Section    14552  mazelogo.o(MYIMAGE)
    MazeData                                 0x080127a8   Section      161  maze_functions.o(MazeData)
    ROW2                                     0x080127f8   Data           0  maze_functions.o(MazeData)
    CellStart                                0x08012848   Data           1  maze_functions.o(MazeData)
    RNG_State                                0x20000000   Data           4  functions.o(MYDATA)
    MYDATA                                   0x20000000   Section        4  functions.o(MYDATA)
    XO_array                                 0x20000004   Data           4  xo_functions.o(MYDATA)
    MYDATA                                   0x20000004   Section       20  xo_functions.o(MYDATA)
    XO_Turn                                  0x20000008   Data           4  xo_functions.o(MYDATA)
    XO_counter                               0x2000000c   Data           4  xo_functions.o(MYDATA)
    X_score                                  0x20000010   Data           4  xo_functions.o(MYDATA)
    O_score                                  0x20000014   Data           4  xo_functions.o(MYDATA)
    SnakeMap                                 0x20000018   Data           0  longcat.o(USEABLE)
    USEABLE                                  0x20000018   Section        6  longcat.o(USEABLE)
    Player_Bullets                           0x20000020   Data           0  alien_invaders.o(USEABLE)
    USEABLE                                  0x20000020   Section      126  alien_invaders.o(USEABLE)
    Enemy_Bullets                            0x2000005c   Data           0  alien_invaders.o(USEABLE)
    enemy                                    0x20000098   Data           1  alien_invaders.o(USEABLE)
    Score                                    0x2000009a   Data           2  alien_invaders.o(USEABLE)
    Hearts                                   0x2000009c   Data           2  alien_invaders.o(USEABLE)
    Heap_Mem                                 0x200000a0   Data         512  startup_stm32f401xc.o(HEAP)
    HEAP                                     0x200000a0   Section      512  startup_stm32f401xc.o(HEAP)
    Stack_Mem                                0x200002a0   Data        1024  startup_stm32f401xc.o(STACK)
    STACK                                    0x200002a0   Section     1024  startup_stm32f401xc.o(STACK)
    __initial_sp                             0x200006a0   Data           0  startup_stm32f401xc.o(STACK)

    Global Symbols

    Symbol Name                              Value     Ov Type        Size  Object(Section)

    BuildAttributes$$THM_ISAv4$E$P$D$K$B$S$7EM$VFPi3$EXTD16$VFPS$VFMA$PE$A:L22UL41UL21$X:L11$S22US41US21$IEEE1$IW$~IW$USESV6$~STKCKD$USESV7$~SHL$OSPACE$ROPI$EBA8$STANDARDLIB$REQ8$EABIv2 0x00000000   Number         0  anon$$obj.o ABSOLUTE
    __Vectors_Size                           0x00000194   Number         0  startup_stm32f401xc.o ABSOLUTE
    __Vectors                                0x08000000   Data           4  startup_stm32f401xc.o(RESET)
    TFT_DrawMapM                             0x08000195   Thumb Code   152  maze_functions.o(.text)
    __Vectors_End                            0x08000194   Data           0  startup_stm32f401xc.o(RESET)
    MAIN_MAZE                                0x08000303   Thumb Code    82  maze_functions.o(.text)
    Reset_Handler                            0x0800035d   Thumb Code     8  startup_stm32f401xc.o(.text)
    NMI_Handler                              0x08000365   Thumb Code     2  startup_stm32f401xc.o(.text)
    HardFault_Handler                        0x08000367   Thumb Code     2  startup_stm32f401xc.o(.text)
    MemManage_Handler                        0x08000369   Thumb Code     2  startup_stm32f401xc.o(.text)
    BusFault_Handler                         0x0800036b   Thumb Code     2  startup_stm32f401xc.o(.text)
    UsageFault_Handler                       0x0800036d   Thumb Code     2  startup_stm32f401xc.o(.text)
    SVC_Handler                              0x0800036f   Thumb Code     2  startup_stm32f401xc.o(.text)
    DebugMon_Handler                         0x08000371   Thumb Code     2  startup_stm32f401xc.o(.text)
    PendSV_Handler                           0x08000373   Thumb Code     2  startup_stm32f401xc.o(.text)
    SysTick_Handler                          0x08000375   Thumb Code     2  startup_stm32f401xc.o(.text)
    ADC_IRQHandler                           0x08000377   Thumb Code     0  startup_stm32f401xc.o(.text)
    DMA1_Stream0_IRQHandler                  0x08000377   Thumb Code     0  startup_stm32f401xc.o(.text)
    DMA1_Stream1_IRQHandler                  0x08000377   Thumb Code     0  startup_stm32f401xc.o(.text)
    DMA1_Stream2_IRQHandler                  0x08000377   Thumb Code     0  startup_stm32f401xc.o(.text)
    DMA1_Stream3_IRQHandler                  0x08000377   Thumb Code     0  startup_stm32f401xc.o(.text)
    DMA1_Stream4_IRQHandler                  0x08000377   Thumb Code     0  startup_stm32f401xc.o(.text)
    DMA1_Stream5_IRQHandler                  0x08000377   Thumb Code     0  startup_stm32f401xc.o(.text)
    DMA1_Stream6_IRQHandler                  0x08000377   Thumb Code     0  startup_stm32f401xc.o(.text)
    DMA1_Stream7_IRQHandler                  0x08000377   Thumb Code     0  startup_stm32f401xc.o(.text)
    DMA2_Stream0_IRQHandler                  0x08000377   Thumb Code     0  startup_stm32f401xc.o(.text)
    DMA2_Stream1_IRQHandler                  0x08000377   Thumb Code     0  startup_stm32f401xc.o(.text)
    DMA2_Stream2_IRQHandler                  0x08000377   Thumb Code     0  startup_stm32f401xc.o(.text)
    DMA2_Stream3_IRQHandler                  0x08000377   Thumb Code     0  startup_stm32f401xc.o(.text)
    DMA2_Stream4_IRQHandler                  0x08000377   Thumb Code     0  startup_stm32f401xc.o(.text)
    DMA2_Stream5_IRQHandler                  0x08000377   Thumb Code     0  startup_stm32f401xc.o(.text)
    DMA2_Stream6_IRQHandler                  0x08000377   Thumb Code     0  startup_stm32f401xc.o(.text)
    DMA2_Stream7_IRQHandler                  0x08000377   Thumb Code     0  startup_stm32f401xc.o(.text)
    EXTI0_IRQHandler                         0x08000377   Thumb Code     0  startup_stm32f401xc.o(.text)
    EXTI15_10_IRQHandler                     0x08000377   Thumb Code     0  startup_stm32f401xc.o(.text)
    EXTI1_IRQHandler                         0x08000377   Thumb Code     0  startup_stm32f401xc.o(.text)
    EXTI2_IRQHandler                         0x08000377   Thumb Code     0  startup_stm32f401xc.o(.text)
    EXTI3_IRQHandler                         0x08000377   Thumb Code     0  startup_stm32f401xc.o(.text)
    EXTI4_IRQHandler                         0x08000377   Thumb Code     0  startup_stm32f401xc.o(.text)
    EXTI9_5_IRQHandler                       0x08000377   Thumb Code     0  startup_stm32f401xc.o(.text)
    FLASH_IRQHandler                         0x08000377   Thumb Code     0  startup_stm32f401xc.o(.text)
    FPU_IRQHandler                           0x08000377   Thumb Code     0  startup_stm32f401xc.o(.text)
    I2C1_ER_IRQHandler                       0x08000377   Thumb Code     0  startup_stm32f401xc.o(.text)
    I2C1_EV_IRQHandler                       0x08000377   Thumb Code     0  startup_stm32f401xc.o(.text)
    I2C2_ER_IRQHandler                       0x08000377   Thumb Code     0  startup_stm32f401xc.o(.text)
    I2C2_EV_IRQHandler                       0x08000377   Thumb Code     0  startup_stm32f401xc.o(.text)
    I2C3_ER_IRQHandler                       0x08000377   Thumb Code     0  startup_stm32f401xc.o(.text)
    I2C3_EV_IRQHandler                       0x08000377   Thumb Code     0  startup_stm32f401xc.o(.text)
    OTG_FS_IRQHandler                        0x08000377   Thumb Code     0  startup_stm32f401xc.o(.text)
    OTG_FS_WKUP_IRQHandler                   0x08000377   Thumb Code     0  startup_stm32f401xc.o(.text)
    PVD_IRQHandler                           0x08000377   Thumb Code     0  startup_stm32f401xc.o(.text)
    RCC_IRQHandler                           0x08000377   Thumb Code     0  startup_stm32f401xc.o(.text)
    RTC_Alarm_IRQHandler                     0x08000377   Thumb Code     0  startup_stm32f401xc.o(.text)
    RTC_WKUP_IRQHandler                      0x08000377   Thumb Code     0  startup_stm32f401xc.o(.text)
    SDIO_IRQHandler                          0x08000377   Thumb Code     0  startup_stm32f401xc.o(.text)
    SPI1_IRQHandler                          0x08000377   Thumb Code     0  startup_stm32f401xc.o(.text)
    SPI2_IRQHandler                          0x08000377   Thumb Code     0  startup_stm32f401xc.o(.text)
    SPI3_IRQHandler                          0x08000377   Thumb Code     0  startup_stm32f401xc.o(.text)
    SPI4_IRQHandler                          0x08000377   Thumb Code     0  startup_stm32f401xc.o(.text)
    TAMP_STAMP_IRQHandler                    0x08000377   Thumb Code     0  startup_stm32f401xc.o(.text)
    TIM1_BRK_TIM9_IRQHandler                 0x08000377   Thumb Code     0  startup_stm32f401xc.o(.text)
    TIM1_CC_IRQHandler                       0x08000377   Thumb Code     0  startup_stm32f401xc.o(.text)
    TIM1_TRG_COM_TIM11_IRQHandler            0x08000377   Thumb Code     0  startup_stm32f401xc.o(.text)
    TIM1_UP_TIM10_IRQHandler                 0x08000377   Thumb Code     0  startup_stm32f401xc.o(.text)
    TIM2_IRQHandler                          0x08000377   Thumb Code     0  startup_stm32f401xc.o(.text)
    TIM3_IRQHandler                          0x08000377   Thumb Code     0  startup_stm32f401xc.o(.text)
    TIM4_IRQHandler                          0x08000377   Thumb Code     0  startup_stm32f401xc.o(.text)
    TIM5_IRQHandler                          0x08000377   Thumb Code     0  startup_stm32f401xc.o(.text)
    USART1_IRQHandler                        0x08000377   Thumb Code     0  startup_stm32f401xc.o(.text)
    USART2_IRQHandler                        0x08000377   Thumb Code     0  startup_stm32f401xc.o(.text)
    USART6_IRQHandler                        0x08000377   Thumb Code     0  startup_stm32f401xc.o(.text)
    WWDG_IRQHandler                          0x08000377   Thumb Code     0  startup_stm32f401xc.o(.text)
    __user_initial_stackheap                 0x08000379   Thumb Code     0  startup_stm32f401xc.o(.text)
    __use_two_region_memory                  0x0800039d   Thumb Code     2  heapauxi.o(.text)
    __rt_heap_escrow$2region                 0x0800039f   Thumb Code     2  heapauxi.o(.text)
    __rt_heap_expand$2region                 0x080003a1   Thumb Code     2  heapauxi.o(.text)
    SystemInit                               0x080003a5   Thumb Code    18  system_stm32f4xx.o(.text.SystemInit)
    CONFIGURE_PORTS                          0x080003b9   Thumb Code    78  functions.o(CODEY)
    TFT_WriteCommand                         0x08000407   Thumb Code    60  functions.o(CODEY)
    TFT_WriteData                            0x08000443   Thumb Code    60  functions.o(CODEY)
    TFT_Init                                 0x080004a9   Thumb Code   106  functions.o(CODEY)
    TFT_DrawImage                            0x08000513   Thumb Code   158  functions.o(CODEY)
    TFT_Filldraw4INP                         0x080005b1   Thumb Code   152  functions.o(CODEY)
    GET_state                                0x08000649   Thumb Code    26  functions.o(CODEY)
    delay                                    0x08000663   Thumb Code    16  functions.o(CODEY)
    Get_Random                               0x08000673   Thumb Code    28  functions.o(CODEY)
    Init_RandomSeed                          0x0800068f   Thumb Code    38  functions.o(CODEY)
    Num_to_LCD                               0x080006b5   Thumb Code    56  functions.o(CODEY)
    DrawDigit                                0x080007df   Thumb Code   216  functions.o(CODEY)
    UI                                       0x080008b7   Thumb Code   420  functions.o(CODEY)
    Main_Game_XO                             0x08001061   Thumb Code   156  xo_functions.o(CODEY)
    Draw_Snake_Movement                      0x08001381   Thumb Code   178  longcat.o(CODEY)
    MainGame_LongCat                         0x0800164b   Thumb Code   136  longcat.o(CODEY)
    Score_Draw                               0x08001947   Thumb Code    40  alien_invaders.o(CODEY)
    Increment_Score_And_Draw                 0x0800196f   Thumb Code    46  alien_invaders.o(CODEY)
    Heart_Draw                               0x0800199d   Thumb Code    40  alien_invaders.o(CODEY)
    Decrement_Heart_And_Draw                 0x080019c5   Thumb Code    54  alien_invaders.o(CODEY)
    Intialize_Grid                           0x08001b2f   Thumb Code   108  alien_invaders.o(CODEY)
    __main                                   0x08001bf1   Thumb Code    40  main.o(MYCODE)
    CatFace                                  0x08001c30   Data           0  datacatface.o(MYIMAGE)
    AEROSPACE                                0x08002fc0   Data           0  dataaerospace.o(MYIMAGE)
    LONGCAT                                  0x08007d20   Data           0  datalongcat.o(MYIMAGE)
    XO                                       0x0800b5f8   Data           0  dataxo.o(MYIMAGE)
    MAZELOGO                                 0x0800eed0   Data           0  mazelogo.o(MYIMAGE)



==============================================================================

Memory Map of the image

  Image Entry point : 0x0800035d

  Load Region LR_1 (Base: 0x08000000, Size: 0x000128ec, Max: 0xffffffff, ABSOLUTE)

    Execution Region ER_RO (Exec base: 0x08000000, Load base: 0x08000000, Size: 0x0001284c, Max: 0xffffffff, ABSOLUTE)

    Exec Addr    Load Addr    Size         Type   Attr      Idx    E Section Name        Object

    0x08000000   0x08000000   0x00000194   Data   RO           41    RESET               startup_stm32f401xc.o
    0x08000194   0x08000194   0x000001c8   Code   RO           25    .text               maze_functions.o
    0x0800035c   0x0800035c   0x00000040   Code   RO           42  * .text               startup_stm32f401xc.o
    0x0800039c   0x0800039c   0x00000006   Code   RO           62    .text               c_w.l(heapauxi.o)
    0x080003a2   0x080003a2   0x00000002   PAD
    0x080003a4   0x080003a4   0x00000012   Code   RO           47    .text.SystemInit    system_stm32f4xx.o
    0x080003b6   0x080003b6   0x00000002   PAD
    0x080003b8   0x080003b8   0x0000077c   Code   RO            9    CODEY               functions.o
    0x08000b34   0x08000b34   0x000007b0   Code   RO           14    CODEY               xo_functions.o
    0x080012e4   0x080012e4   0x00000400   Code   RO           20    CODEY               longcat.o
    0x080016e4   0x080016e4   0x0000050c   Code   RO           31    CODEY               alien_invaders.o
    0x08001bf0   0x08001bf0   0x00000028   Code   RO            2    MYCODE              main.o
    0x08001c18   0x08001c18   0x00000015   Data   RO           18    MYDATA              longcat.o
    0x08001c2d   0x08001c2d   0x00000003   PAD
    0x08001c30   0x08001c30   0x00001390   Data   RO           29    MYIMAGE             datacatface.o
    0x08002fc0   0x08002fc0   0x00004d60   Data   RO           35    MYIMAGE             dataaerospace.o
    0x08007d20   0x08007d20   0x000038d6   Data   RO           36    MYIMAGE             datalongcat.o
    0x0800b5f6   0x0800b5f6   0x00000002   PAD
    0x0800b5f8   0x0800b5f8   0x000038d8   Data   RO           37    MYIMAGE             dataxo.o
    0x0800eed0   0x0800eed0   0x000038d8   Data   RO           38    MYIMAGE             mazelogo.o
    0x080127a8   0x080127a8   0x000000a1   Data   RO           24    MazeData            maze_functions.o


    Execution Region ER_RW (Exec base: 0x20000000, Load base: 0x0801284c, Size: 0x000000a0, Max: 0xffffffff, ABSOLUTE)

    Exec Addr    Load Addr    Size         Type   Attr      Idx    E Section Name        Object

    0x20000000   0x0801284c   0x00000004   Data   RW            8    MYDATA              functions.o
    0x20000004   0x08012850   0x00000014   Data   RW           13    MYDATA              xo_functions.o
    0x20000018   0x08012864   0x00000006   Data   RW           19    USEABLE             longcat.o
    0x2000001e   0x0801286a   0x00000002   PAD
    0x20000020   0x0801286c   0x0000007e   Data   RW           30    USEABLE             alien_invaders.o


    Execution Region ER_ZI (Exec base: 0x200000a0, Load base: 0x080128ec, Size: 0x00000600, Max: 0xffffffff, ABSOLUTE)

    Exec Addr    Load Addr    Size         Type   Attr      Idx    E Section Name        Object

    0x200000a0        -       0x00000200   Zero   RW           40    HEAP                startup_stm32f401xc.o
    0x200002a0        -       0x00000400   Zero   RW           39    STACK               startup_stm32f401xc.o


==============================================================================

Image component sizes


      Code (inc. data)   RO Data    RW Data    ZI Data      Debug   Object Name

      1292         40          0        126          0       1372   alien_invaders.o
         0          0      19808          0          0          0   dataaerospace.o
         0          0       5008          0          0          0   datacatface.o
         0          0      14550          0          0          0   datalongcat.o
         0          0      14552          0          0          0   dataxo.o
      1916         76          0          4          0       1532   functions.o
      1024         18         21          6          0        924   longcat.o
        40          0          0          0          0        352   main.o
       456          8        161          0          0        616   maze_functions.o
         0          0      14552          0          0          0   mazelogo.o
        64         26        404          0       1536        836   startup_stm32f401xc.o
        18          0          0          0          0       2795   system_stm32f4xx.o
      1968         74          0         20          0       1300   xo_functions.o

    ----------------------------------------------------------------------
      6780        242      69064        160       1536       9727   Object Totals
         0          0          0          0          0          0   (incl. Generated)
         2          0          8          4          0          0   (incl. Padding)

    ----------------------------------------------------------------------

      Code (inc. data)   RO Data    RW Data    ZI Data      Debug   Library Member Name

         6          0          0          0          0        152   heapauxi.o

    ----------------------------------------------------------------------
         8          0          0          0          0        152   Library Totals
         2          0          0          0          0          0   (incl. Padding)

    ----------------------------------------------------------------------

      Code (inc. data)   RO Data    RW Data    ZI Data      Debug   Library Name

         6          0          0          0          0        152   c_w.l

    ----------------------------------------------------------------------
         8          0          0          0          0        152   Library Totals

    ----------------------------------------------------------------------

==============================================================================


      Code (inc. data)   RO Data    RW Data    ZI Data      Debug   

      6788        242      69064        160       1536       9279   Grand Totals
      6788        242      69064        160       1536       9279   ELF Image Totals
      6788        242      69064        160          0          0   ROM Totals

==============================================================================

    Total RO  Size (Code + RO Data)                75852 (  74.07kB)
    Total RW  Size (RW Data + ZI Data)              1696 (   1.66kB)
    Total ROM Size (Code + RO Data + RW Data)      76012 (  74.23kB)

==============================================================================

