Component: Arm Compiler for Embedded 6.23 Tool: armlink [5f102400]

==============================================================================

Section Cross References

    main.o(MYDATAS) refers (Special) to functions.o(CODEY) for DrawDigit
    main.o(MYDATAS) refers (Special) to longcat.o(CODEY) for MainGame_LongCat
    main.o(MYDATAS) refers (Special) to xo_functions.o(CODEY) for Main_Game_XO
    main.o(MYDATAS) refers (Special) to maze_functions.o(.text) for TFT_DrawMapM
    main.o(MYCODE) refers (Special) to functions.o(CODEY) for DrawDigit
    main.o(MYCODE) refers (Special) to longcat.o(CODEY) for MainGame_LongCat
    main.o(MYCODE) refers (Special) to xo_functions.o(CODEY) for Main_Game_XO
    main.o(MYCODE) refers (Special) to maze_functions.o(.text) for TFT_DrawMapM
    functions.o(CODEY) refers to functions.o(MYDATA) for RNG_State
    functions.o(CODEY) refers to xo_functions.o(CODEY) for Main_Game_XO
    functions.o(CODEY) refers to longcat.o(CODEY) for MainGame_LongCat
    xo_functions.o(MYDATA) refers (Special) to functions.o(CODEY) for TFT_DrawImage
    xo_functions.o(CODEY) refers (Special) to functions.o(CODEY) for TFT_DrawImage
    xo_functions.o(CODEY) refers to xo_functions.o(MYDATA) for X_score
    longcat.o(MYDATA) refers (Special) to functions.o(CODEY) for TFT_WriteCommand
    longcat.o(USEABLE) refers (Special) to functions.o(CODEY) for TFT_WriteCommand
    longcat.o(CODEY) refers (Special) to functions.o(CODEY) for TFT_WriteCommand
    longcat.o(CODEY) refers to longcat.o(USEABLE) for SnakeMap
    longcat.o(CODEY) refers to datacatface.o(MYIMAGE) for CatFace
    longcat.o(CODEY) refers to longcat.o(MYDATA) for Leve1StartCell
    maze_functions.o(MazeData) refers (Special) to functions.o(CODEY) for GET_state
    maze_functions.o(.text) refers (Special) to functions.o(CODEY) for GET_state
    maze_functions.o(.text) refers to maze_functions.o(MazeData) for ROW2
    startup_stm32f401xc.o(STACK) refers (Special) to heapauxi.o(.text) for __use_two_region_memory
    startup_stm32f401xc.o(HEAP) refers (Special) to heapauxi.o(.text) for __use_two_region_memory
    startup_stm32f401xc.o(RESET) refers (Special) to heapauxi.o(.text) for __use_two_region_memory
    startup_stm32f401xc.o(RESET) refers to startup_stm32f401xc.o(STACK) for __initial_sp
    startup_stm32f401xc.o(RESET) refers to startup_stm32f401xc.o(.text) for Reset_Handler
    startup_stm32f401xc.o(.text) refers (Special) to heapauxi.o(.text) for __use_two_region_memory
    startup_stm32f401xc.o(.text) refers to system_stm32f4xx.o(.text.SystemInit) for SystemInit
    startup_stm32f401xc.o(.text) refers to main.o(MYCODE) for __main
    startup_stm32f401xc.o(.text) refers to startup_stm32f401xc.o(HEAP) for Heap_Mem
    startup_stm32f401xc.o(.text) refers to startup_stm32f401xc.o(STACK) for Stack_Mem
    system_stm32f4xx.o(.ARM.exidx.text.SystemInit) refers to system_stm32f4xx.o(.text.SystemInit) for [Anonymous Symbol]
    system_stm32f4xx.o(.text.SystemCoreClockUpdate) refers to system_stm32f4xx.o(.data.SystemCoreClock) for SystemCoreClock
    system_stm32f4xx.o(.text.SystemCoreClockUpdate) refers to system_stm32f4xx.o(.rodata.AHBPrescTable) for AHBPrescTable
    system_stm32f4xx.o(.ARM.exidx.text.SystemCoreClockUpdate) refers to system_stm32f4xx.o(.text.SystemCoreClockUpdate) for [Anonymous Symbol]


==============================================================================

Removing Unused input sections from the image.

    Removing main.o(MYDATAS), (0 bytes).
    Removing system_stm32f4xx.o(.text), (0 bytes).
    Removing system_stm32f4xx.o(.ARM.exidx.text.SystemInit), (8 bytes).
    Removing system_stm32f4xx.o(.text.SystemCoreClockUpdate), (302 bytes).
    Removing system_stm32f4xx.o(.ARM.exidx.text.SystemCoreClockUpdate), (8 bytes).
    Removing system_stm32f4xx.o(.data.SystemCoreClock), (4 bytes).
    Removing system_stm32f4xx.o(.rodata.AHBPrescTable), (16 bytes).
    Removing system_stm32f4xx.o(.rodata.APBPrescTable), (8 bytes).

8 unused section(s) (total 346 bytes) removed from the image.

==============================================================================

Image Symbol Table

    Local Symbols

    Symbol Name                              Value     Ov Type        Size  Object(Section)

    ../clib/heapaux.c                        0x00000000   Number         0  heapauxi.o ABSOLUTE
    Functions.s                              0x00000000   Number         0  functions.o ABSOLUTE
    LongCat.s                                0x00000000   Number         0  longcat.o ABSOLUTE
    MAZE_Functions.s                         0x00000000   Number         0  maze_functions.o ABSOLUTE
    Main.s                                   0x00000000   Number         0  main.o ABSOLUTE
    RTE/Device/STM32F401RCTx/startup_stm32f401xc.s 0x00000000   Number         0  startup_stm32f401xc.o ABSOLUTE
    XO_Functions.s                           0x00000000   Number         0  xo_functions.o ABSOLUTE
    dataCatFace.s                            0x00000000   Number         0  datacatface.o ABSOLUTE
    dc.s                                     0x00000000   Number         0  dc.o ABSOLUTE
    system_stm32f4xx.c                       0x00000000   Number         0  system_stm32f4xx.o ABSOLUTE
    RESET                                    0x08000000   Section      404  startup_stm32f401xc.o(RESET)
    $v0                                      0x08000194   Number         0  maze_functions.o(.text)
    .text                                    0x08000194   Section      510  maze_functions.o(.text)
    TFT_DRAWBlock                            0x08000201   Thumb Code    24  maze_functions.o(.text)
    Drawsquare                               0x08000315   Thumb Code    26  maze_functions.o(.text)
    $v0                                      0x08000394   Number         0  startup_stm32f401xc.o(.text)
    .text                                    0x08000394   Section       64  startup_stm32f401xc.o(.text)
    .text                                    0x080003d4   Section        0  heapauxi.o(.text)
    [Anonymous Symbol]                       0x080003dc   Section        0  system_stm32f4xx.o(.text.SystemInit)
    $v0                                      0x080003f0   Number         0  functions.o(CODEY)
    CODEY                                    0x080003f0   Section     1864  functions.o(CODEY)
    BCD_TO_SEVEN_SEG                         0x08000781   Thumb Code   146  functions.o(CODEY)
    movecursor                               0x08000a6d   Thumb Code   116  functions.o(CODEY)
    DrawOutline                              0x08000ae1   Thumb Code    88  functions.o(CODEY)
    $v0                                      0x08000b38   Number         0  xo_functions.o(CODEY)
    TFT_DrawGrid                             0x08000b39   Thumb Code   282  xo_functions.o(CODEY)
    CODEY                                    0x08000b38   Section     1968  xo_functions.o(CODEY)
    DrawBorder                               0x08000c53   Thumb Code    84  xo_functions.o(CODEY)
    TFT_MoveCursor                           0x08000ca7   Thumb Code    96  xo_functions.o(CODEY)
    Draw_XO                                  0x08000d07   Thumb Code   426  xo_functions.o(CODEY)
    Check_Win                                0x08000eb1   Thumb Code   298  xo_functions.o(CODEY)
    DrawXWINS                                0x08000fdb   Thumb Code    54  xo_functions.o(CODEY)
    DrawOWINS                                0x08001011   Thumb Code    52  xo_functions.o(CODEY)
    DrawTA3ADOL                              0x08001045   Thumb Code    32  xo_functions.o(CODEY)
    Draw_X                                   0x08001101   Thumb Code   112  xo_functions.o(CODEY)
    Draw_O                                   0x08001171   Thumb Code   108  xo_functions.o(CODEY)
    $v0                                      0x080012e8   Number         0  longcat.o(CODEY)
    TFT_DRAWSQUARE                           0x080012e9   Thumb Code    24  longcat.o(CODEY)
    CODEY                                    0x080012e8   Section     1024  longcat.o(CODEY)
    TFT_DrawMap                              0x08001301   Thumb Code   132  longcat.o(CODEY)
    Get_Coordinates                          0x08001437   Thumb Code    32  longcat.o(CODEY)
    Move_Snake                               0x08001457   Thumb Code   250  longcat.o(CODEY)
    check_win                                0x08001551   Thumb Code   254  longcat.o(CODEY)
    $v0                                      0x080016e8   Number         0  main.o(MYCODE)
    MYCODE                                   0x080016e8   Section       16  main.o(MYCODE)
    Level1Map                                0x080016f8   Data           0  longcat.o(MYDATA)
    MYDATA                                   0x080016f8   Section       21  longcat.o(MYDATA)
    Leve1StartCell                           0x0800170a   Data           0  longcat.o(MYDATA)
    MYIMAGE                                  0x08001710   Section     5008  datacatface.o(MYIMAGE)
    RNG_State                                0x20000000   Data           4  functions.o(MYDATA)
    MYDATA                                   0x20000000   Section        4  functions.o(MYDATA)
    XO_array                                 0x20000004   Data           4  xo_functions.o(MYDATA)
    MYDATA                                   0x20000004   Section       20  xo_functions.o(MYDATA)
    XO_Turn                                  0x20000008   Data           4  xo_functions.o(MYDATA)
    XO_counter                               0x2000000c   Data           4  xo_functions.o(MYDATA)
    X_score                                  0x20000010   Data           4  xo_functions.o(MYDATA)
    O_score                                  0x20000014   Data           4  xo_functions.o(MYDATA)
    MazeData                                 0x20000018   Section      160  maze_functions.o(MazeData)
    ROW2                                     0x20000068   Data           4  maze_functions.o(MazeData)
    SnakeMap                                 0x200000b8   Data           0  longcat.o(USEABLE)
    USEABLE                                  0x200000b8   Section        6  longcat.o(USEABLE)
    Heap_Mem                                 0x200000c0   Data         512  startup_stm32f401xc.o(HEAP)
    HEAP                                     0x200000c0   Section      512  startup_stm32f401xc.o(HEAP)
    Stack_Mem                                0x200002c0   Data        1024  startup_stm32f401xc.o(STACK)
    STACK                                    0x200002c0   Section     1024  startup_stm32f401xc.o(STACK)
    __initial_sp                             0x200006c0   Data           0  startup_stm32f401xc.o(STACK)

    Global Symbols

    Symbol Name                              Value     Ov Type        Size  Object(Section)

    BuildAttributes$$THM_ISAv4$E$P$D$K$B$S$7EM$VFPi3$EXTD16$VFPS$VFMA$PE$A:L22UL41UL21$X:L11$S22US41US21$IEEE1$IW$~IW$USESV6$~STKCKD$USESV7$~SHL$OSPACE$ROPI$EBA8$STANDARDLIB$REQ8$EABIv2 0x00000000   Number         0  anon$$obj.o ABSOLUTE
    __Vectors_Size                           0x00000194   Number         0  startup_stm32f401xc.o ABSOLUTE
    __Vectors                                0x08000000   Data           4  startup_stm32f401xc.o(RESET)
    TFT_DrawMapM                             0x08000195   Thumb Code   108  maze_functions.o(.text)
    __Vectors_End                            0x08000194   Data           0  startup_stm32f401xc.o(RESET)
    TFT_DrawMazeGrid3                        0x08000219   Thumb Code   104  maze_functions.o(.text)
    TFT_DrawMazeGrid2                        0x08000281   Thumb Code   148  maze_functions.o(.text)
    Reset_Handler                            0x08000395   Thumb Code     8  startup_stm32f401xc.o(.text)
    NMI_Handler                              0x0800039d   Thumb Code     2  startup_stm32f401xc.o(.text)
    HardFault_Handler                        0x0800039f   Thumb Code     2  startup_stm32f401xc.o(.text)
    MemManage_Handler                        0x080003a1   Thumb Code     2  startup_stm32f401xc.o(.text)
    BusFault_Handler                         0x080003a3   Thumb Code     2  startup_stm32f401xc.o(.text)
    UsageFault_Handler                       0x080003a5   Thumb Code     2  startup_stm32f401xc.o(.text)
    SVC_Handler                              0x080003a7   Thumb Code     2  startup_stm32f401xc.o(.text)
    DebugMon_Handler                         0x080003a9   Thumb Code     2  startup_stm32f401xc.o(.text)
    PendSV_Handler                           0x080003ab   Thumb Code     2  startup_stm32f401xc.o(.text)
    SysTick_Handler                          0x080003ad   Thumb Code     2  startup_stm32f401xc.o(.text)
    ADC_IRQHandler                           0x080003af   Thumb Code     0  startup_stm32f401xc.o(.text)
    DMA1_Stream0_IRQHandler                  0x080003af   Thumb Code     0  startup_stm32f401xc.o(.text)
    DMA1_Stream1_IRQHandler                  0x080003af   Thumb Code     0  startup_stm32f401xc.o(.text)
    DMA1_Stream2_IRQHandler                  0x080003af   Thumb Code     0  startup_stm32f401xc.o(.text)
    DMA1_Stream3_IRQHandler                  0x080003af   Thumb Code     0  startup_stm32f401xc.o(.text)
    DMA1_Stream4_IRQHandler                  0x080003af   Thumb Code     0  startup_stm32f401xc.o(.text)
    DMA1_Stream5_IRQHandler                  0x080003af   Thumb Code     0  startup_stm32f401xc.o(.text)
    DMA1_Stream6_IRQHandler                  0x080003af   Thumb Code     0  startup_stm32f401xc.o(.text)
    DMA1_Stream7_IRQHandler                  0x080003af   Thumb Code     0  startup_stm32f401xc.o(.text)
    DMA2_Stream0_IRQHandler                  0x080003af   Thumb Code     0  startup_stm32f401xc.o(.text)
    DMA2_Stream1_IRQHandler                  0x080003af   Thumb Code     0  startup_stm32f401xc.o(.text)
    DMA2_Stream2_IRQHandler                  0x080003af   Thumb Code     0  startup_stm32f401xc.o(.text)
    DMA2_Stream3_IRQHandler                  0x080003af   Thumb Code     0  startup_stm32f401xc.o(.text)
    DMA2_Stream4_IRQHandler                  0x080003af   Thumb Code     0  startup_stm32f401xc.o(.text)
    DMA2_Stream5_IRQHandler                  0x080003af   Thumb Code     0  startup_stm32f401xc.o(.text)
    DMA2_Stream6_IRQHandler                  0x080003af   Thumb Code     0  startup_stm32f401xc.o(.text)
    DMA2_Stream7_IRQHandler                  0x080003af   Thumb Code     0  startup_stm32f401xc.o(.text)
    EXTI0_IRQHandler                         0x080003af   Thumb Code     0  startup_stm32f401xc.o(.text)
    EXTI15_10_IRQHandler                     0x080003af   Thumb Code     0  startup_stm32f401xc.o(.text)
    EXTI1_IRQHandler                         0x080003af   Thumb Code     0  startup_stm32f401xc.o(.text)
    EXTI2_IRQHandler                         0x080003af   Thumb Code     0  startup_stm32f401xc.o(.text)
    EXTI3_IRQHandler                         0x080003af   Thumb Code     0  startup_stm32f401xc.o(.text)
    EXTI4_IRQHandler                         0x080003af   Thumb Code     0  startup_stm32f401xc.o(.text)
    EXTI9_5_IRQHandler                       0x080003af   Thumb Code     0  startup_stm32f401xc.o(.text)
    FLASH_IRQHandler                         0x080003af   Thumb Code     0  startup_stm32f401xc.o(.text)
    FPU_IRQHandler                           0x080003af   Thumb Code     0  startup_stm32f401xc.o(.text)
    I2C1_ER_IRQHandler                       0x080003af   Thumb Code     0  startup_stm32f401xc.o(.text)
    I2C1_EV_IRQHandler                       0x080003af   Thumb Code     0  startup_stm32f401xc.o(.text)
    I2C2_ER_IRQHandler                       0x080003af   Thumb Code     0  startup_stm32f401xc.o(.text)
    I2C2_EV_IRQHandler                       0x080003af   Thumb Code     0  startup_stm32f401xc.o(.text)
    I2C3_ER_IRQHandler                       0x080003af   Thumb Code     0  startup_stm32f401xc.o(.text)
    I2C3_EV_IRQHandler                       0x080003af   Thumb Code     0  startup_stm32f401xc.o(.text)
    OTG_FS_IRQHandler                        0x080003af   Thumb Code     0  startup_stm32f401xc.o(.text)
    OTG_FS_WKUP_IRQHandler                   0x080003af   Thumb Code     0  startup_stm32f401xc.o(.text)
    PVD_IRQHandler                           0x080003af   Thumb Code     0  startup_stm32f401xc.o(.text)
    RCC_IRQHandler                           0x080003af   Thumb Code     0  startup_stm32f401xc.o(.text)
    RTC_Alarm_IRQHandler                     0x080003af   Thumb Code     0  startup_stm32f401xc.o(.text)
    RTC_WKUP_IRQHandler                      0x080003af   Thumb Code     0  startup_stm32f401xc.o(.text)
    SDIO_IRQHandler                          0x080003af   Thumb Code     0  startup_stm32f401xc.o(.text)
    SPI1_IRQHandler                          0x080003af   Thumb Code     0  startup_stm32f401xc.o(.text)
    SPI2_IRQHandler                          0x080003af   Thumb Code     0  startup_stm32f401xc.o(.text)
    SPI3_IRQHandler                          0x080003af   Thumb Code     0  startup_stm32f401xc.o(.text)
    SPI4_IRQHandler                          0x080003af   Thumb Code     0  startup_stm32f401xc.o(.text)
    TAMP_STAMP_IRQHandler                    0x080003af   Thumb Code     0  startup_stm32f401xc.o(.text)
    TIM1_BRK_TIM9_IRQHandler                 0x080003af   Thumb Code     0  startup_stm32f401xc.o(.text)
    TIM1_CC_IRQHandler                       0x080003af   Thumb Code     0  startup_stm32f401xc.o(.text)
    TIM1_TRG_COM_TIM11_IRQHandler            0x080003af   Thumb Code     0  startup_stm32f401xc.o(.text)
    TIM1_UP_TIM10_IRQHandler                 0x080003af   Thumb Code     0  startup_stm32f401xc.o(.text)
    TIM2_IRQHandler                          0x080003af   Thumb Code     0  startup_stm32f401xc.o(.text)
    TIM3_IRQHandler                          0x080003af   Thumb Code     0  startup_stm32f401xc.o(.text)
    TIM4_IRQHandler                          0x080003af   Thumb Code     0  startup_stm32f401xc.o(.text)
    TIM5_IRQHandler                          0x080003af   Thumb Code     0  startup_stm32f401xc.o(.text)
    USART1_IRQHandler                        0x080003af   Thumb Code     0  startup_stm32f401xc.o(.text)
    USART2_IRQHandler                        0x080003af   Thumb Code     0  startup_stm32f401xc.o(.text)
    USART6_IRQHandler                        0x080003af   Thumb Code     0  startup_stm32f401xc.o(.text)
    WWDG_IRQHandler                          0x080003af   Thumb Code     0  startup_stm32f401xc.o(.text)
    __user_initial_stackheap                 0x080003b1   Thumb Code     0  startup_stm32f401xc.o(.text)
    __use_two_region_memory                  0x080003d5   Thumb Code     2  heapauxi.o(.text)
    __rt_heap_escrow$2region                 0x080003d7   Thumb Code     2  heapauxi.o(.text)
    __rt_heap_expand$2region                 0x080003d9   Thumb Code     2  heapauxi.o(.text)
    SystemInit                               0x080003dd   Thumb Code    18  system_stm32f4xx.o(.text.SystemInit)
    CONFIGURE_PORTS                          0x080003f1   Thumb Code    78  functions.o(CODEY)
    TFT_WriteCommand                         0x0800043f   Thumb Code    60  functions.o(CODEY)
    TFT_WriteData                            0x0800047b   Thumb Code    60  functions.o(CODEY)
    TFT_Init                                 0x080004e1   Thumb Code   106  functions.o(CODEY)
    TFT_DrawImage                            0x0800054b   Thumb Code   158  functions.o(CODEY)
    TFT_Filldraw4INP                         0x080005e9   Thumb Code   152  functions.o(CODEY)
    GET_state                                0x08000681   Thumb Code    22  functions.o(CODEY)
    delay                                    0x08000697   Thumb Code    16  functions.o(CODEY)
    Get_Random                               0x080006a7   Thumb Code    28  functions.o(CODEY)
    Init_RandomSeed                          0x080006c3   Thumb Code    38  functions.o(CODEY)
    Num_to_LCD                               0x080006e9   Thumb Code   152  functions.o(CODEY)
    DrawDigit                                0x08000813   Thumb Code   216  functions.o(CODEY)
    UI                                       0x080008eb   Thumb Code   386  functions.o(CODEY)
    Main_Game_XO                             0x08001065   Thumb Code   156  xo_functions.o(CODEY)
    Draw_Snake_Movement                      0x08001385   Thumb Code   178  longcat.o(CODEY)
    MainGame_LongCat                         0x0800164f   Thumb Code   136  longcat.o(CODEY)
    __main                                   0x080016e9   Thumb Code    16  main.o(MYCODE)
    CatFace                                  0x08001710   Data           0  datacatface.o(MYIMAGE)



==============================================================================

Memory Map of the image

  Image Entry point : 0x08000395

  Load Region LR_1 (Base: 0x08000000, Size: 0x00002b60, Max: 0xffffffff, ABSOLUTE)

    Execution Region ER_RO (Exec base: 0x08000000, Load base: 0x08000000, Size: 0x00002aa0, Max: 0xffffffff, ABSOLUTE)

    Exec Addr    Load Addr    Size         Type   Attr      Idx    E Section Name        Object

    0x08000000   0x08000000   0x00000194   Data   RO           32    RESET               startup_stm32f401xc.o
    0x08000194   0x08000194   0x000001fe   Code   RO           25    .text               maze_functions.o
    0x08000392   0x08000392   0x00000002   PAD
    0x08000394   0x08000394   0x00000040   Code   RO           33  * .text               startup_stm32f401xc.o
    0x080003d4   0x080003d4   0x00000006   Code   RO           53    .text               c_w.l(heapauxi.o)
    0x080003da   0x080003da   0x00000002   PAD
    0x080003dc   0x080003dc   0x00000012   Code   RO           38    .text.SystemInit    system_stm32f4xx.o
    0x080003ee   0x080003ee   0x00000002   PAD
    0x080003f0   0x080003f0   0x00000748   Code   RO            9    CODEY               functions.o
    0x08000b38   0x08000b38   0x000007b0   Code   RO           14    CODEY               xo_functions.o
    0x080012e8   0x080012e8   0x00000400   Code   RO           20    CODEY               longcat.o
    0x080016e8   0x080016e8   0x00000010   Code   RO            2    MYCODE              main.o
    0x080016f8   0x080016f8   0x00000015   Data   RO           18    MYDATA              longcat.o
    0x0800170d   0x0800170d   0x00000003   PAD
    0x08001710   0x08001710   0x00001390   Data   RO           29    MYIMAGE             datacatface.o


    Execution Region ER_RW (Exec base: 0x20000000, Load base: 0x08002aa0, Size: 0x000000c0, Max: 0xffffffff, ABSOLUTE)

    Exec Addr    Load Addr    Size         Type   Attr      Idx    E Section Name        Object

    0x20000000   0x08002aa0   0x00000004   Data   RW            8    MYDATA              functions.o
    0x20000004   0x08002aa4   0x00000014   Data   RW           13    MYDATA              xo_functions.o
    0x20000018   0x08002ab8   0x000000a0   Data   RW           24    MazeData            maze_functions.o
    0x200000b8   0x08002b58   0x00000006   Data   RW           19    USEABLE             longcat.o


    Execution Region ER_ZI (Exec base: 0x200000c0, Load base: 0x08002b60, Size: 0x00000600, Max: 0xffffffff, ABSOLUTE)

    Exec Addr    Load Addr    Size         Type   Attr      Idx    E Section Name        Object

    0x200000c0        -       0x00000200   Zero   RW           31    HEAP                startup_stm32f401xc.o
    0x200002c0        -       0x00000400   Zero   RW           30    STACK               startup_stm32f401xc.o


==============================================================================

Image component sizes


      Code (inc. data)   RO Data    RW Data    ZI Data      Debug   Object Name

         0          0       5008          0          0          0   datacatface.o
      1864         62          0          4          0       1516   functions.o
      1024         18         21          6          0        920   longcat.o
        16          0          0          0          0        348   main.o
       510          6          0        160          0        704   maze_functions.o
        64         26        404          0       1536        836   startup_stm32f401xc.o
        18          0          0          0          0       2791   system_stm32f4xx.o
      1968         74          0         20          0       1300   xo_functions.o

    ----------------------------------------------------------------------
      5468        186       5436        192       1536       8415   Object Totals
         0          0          0          0          0          0   (incl. Generated)
         4          0          3          2          0          0   (incl. Padding)

    ----------------------------------------------------------------------

      Code (inc. data)   RO Data    RW Data    ZI Data      Debug   Library Member Name

         6          0          0          0          0        152   heapauxi.o

    ----------------------------------------------------------------------
         8          0          0          0          0        152   Library Totals
         2          0          0          0          0          0   (incl. Padding)

    ----------------------------------------------------------------------

      Code (inc. data)   RO Data    RW Data    ZI Data      Debug   Library Name

         6          0          0          0          0        152   c_w.l

    ----------------------------------------------------------------------
         8          0          0          0          0        152   Library Totals

    ----------------------------------------------------------------------

==============================================================================


      Code (inc. data)   RO Data    RW Data    ZI Data      Debug   

      5476        186       5436        192       1536       8067   Grand Totals
      5476        186       5436        192       1536       8067   ELF Image Totals
      5476        186       5436        192          0          0   ROM Totals

==============================================================================

    Total RO  Size (Code + RO Data)                10912 (  10.66kB)
    Total RW  Size (RW Data + ZI Data)              1728 (   1.69kB)
    Total ROM Size (Code + RO Data + RW Data)      11104 (  10.84kB)

==============================================================================

