Component: Arm Compiler for Embedded 6.23 Tool: armlink [5f102400]

==============================================================================

Section Cross References

    main.o(MYDATAS) refers (Special) to functions.o(CODEY) for Check_Win
    main.o(MYDATAS) refers (Special) to datao.o(MYIMAGE) for O1
    main.o(MYDATAS) refers (Special) to dataowins.o(MYIMAGE) for OWINS
    main.o(MYDATAS) refers (Special) to dataxwins.o(MYIMAGE) for XWINS
    main.o(MYDATAS) refers (Special) to datadraw.o(MYIMAGE) for ta3adol
    main.o(MYCODE) refers (Special) to functions.o(CODEY) for Check_Win
    main.o(MYCODE) refers (Special) to datao.o(MYIMAGE) for O1
    main.o(MYCODE) refers (Special) to dataowins.o(MYIMAGE) for OWINS
    main.o(MYCODE) refers (Special) to dataxwins.o(MYIMAGE) for XWINS
    main.o(MYCODE) refers (Special) to datadraw.o(MYIMAGE) for ta3adol
    main.o(MYCODE) refers to datax.o(MYIMAGE) for X1
    functions.o(CODEY) refers to functions.o(MYDATA) for XO_counter
    functions.o(CODEY) refers to datao.o(MYIMAGE) for O1
    functions.o(CODEY) refers to datax.o(MYIMAGE) for X1
    functions.o(CODEY) refers to dataxwins.o(MYIMAGE) for XWINS
    functions.o(CODEY) refers to dataowins.o(MYIMAGE) for OWINS
    functions.o(CODEY) refers to datadraw.o(MYIMAGE) for ta3adol
    startup_stm32f401xc.o(STACK) refers (Special) to heapauxi.o(.text) for __use_two_region_memory
    startup_stm32f401xc.o(HEAP) refers (Special) to heapauxi.o(.text) for __use_two_region_memory
    startup_stm32f401xc.o(RESET) refers (Special) to heapauxi.o(.text) for __use_two_region_memory
    startup_stm32f401xc.o(RESET) refers to startup_stm32f401xc.o(STACK) for __initial_sp
    startup_stm32f401xc.o(RESET) refers to startup_stm32f401xc.o(.text) for Reset_Handler
    startup_stm32f401xc.o(.text) refers (Special) to heapauxi.o(.text) for __use_two_region_memory
    startup_stm32f401xc.o(.text) refers to system_stm32f4xx.o(.text.SystemInit) for SystemInit
    startup_stm32f401xc.o(.text) refers to main.o(MYCODE) for __main
    startup_stm32f401xc.o(.text) refers to startup_stm32f401xc.o(HEAP) for Heap_Mem
    startup_stm32f401xc.o(.text) refers to startup_stm32f401xc.o(STACK) for Stack_Mem
    system_stm32f4xx.o(.ARM.exidx.text.SystemInit) refers to system_stm32f4xx.o(.text.SystemInit) for [Anonymous Symbol]
    system_stm32f4xx.o(.text.SystemCoreClockUpdate) refers to system_stm32f4xx.o(.data.SystemCoreClock) for SystemCoreClock
    system_stm32f4xx.o(.text.SystemCoreClockUpdate) refers to system_stm32f4xx.o(.rodata.AHBPrescTable) for AHBPrescTable
    system_stm32f4xx.o(.ARM.exidx.text.SystemCoreClockUpdate) refers to system_stm32f4xx.o(.text.SystemCoreClockUpdate) for [Anonymous Symbol]


==============================================================================

Removing Unused input sections from the image.

    Removing main.o(MYDATAS), (0 bytes).
    Removing system_stm32f4xx.o(.text), (0 bytes).
    Removing system_stm32f4xx.o(.ARM.exidx.text.SystemInit), (8 bytes).
    Removing system_stm32f4xx.o(.text.SystemCoreClockUpdate), (302 bytes).
    Removing system_stm32f4xx.o(.ARM.exidx.text.SystemCoreClockUpdate), (8 bytes).
    Removing system_stm32f4xx.o(.data.SystemCoreClock), (4 bytes).
    Removing system_stm32f4xx.o(.rodata.AHBPrescTable), (16 bytes).
    Removing system_stm32f4xx.o(.rodata.APBPrescTable), (8 bytes).

8 unused section(s) (total 346 bytes) removed from the image.

==============================================================================

Image Symbol Table

    Local Symbols

    Symbol Name                              Value     Ov Type        Size  Object(Section)

    ../clib/heapaux.c                        0x00000000   Number         0  heapauxi.o ABSOLUTE
    Functions.s                              0x00000000   Number         0  functions.o ABSOLUTE
    Main.s                                   0x00000000   Number         0  main.o ABSOLUTE
    RTE/Device/STM32F401RCTx/startup_stm32f401xc.s 0x00000000   Number         0  startup_stm32f401xc.o ABSOLUTE
    dataDRAW.s                               0x00000000   Number         0  datadraw.o ABSOLUTE
    dataO.s                                  0x00000000   Number         0  datao.o ABSOLUTE
    dataOWINS.s                              0x00000000   Number         0  dataowins.o ABSOLUTE
    dataX.s                                  0x00000000   Number         0  datax.o ABSOLUTE
    dataXWINS.s                              0x00000000   Number         0  dataxwins.o ABSOLUTE
    dc.s                                     0x00000000   Number         0  dc.o ABSOLUTE
    system_stm32f4xx.c                       0x00000000   Number         0  system_stm32f4xx.o ABSOLUTE
    RESET                                    0x08000000   Section      404  startup_stm32f401xc.o(RESET)
    $v0                                      0x08000194   Number         0  startup_stm32f401xc.o(.text)
    .text                                    0x08000194   Section       64  startup_stm32f401xc.o(.text)
    .text                                    0x080001d4   Section        0  heapauxi.o(.text)
    [Anonymous Symbol]                       0x080001dc   Section        0  system_stm32f4xx.o(.text.SystemInit)
    $v0                                      0x080001f0   Number         0  functions.o(CODEY)
    CODEY                                    0x080001f0   Section     1972  functions.o(CODEY)
    DrawBorder                               0x080004ed   Thumb Code    80  functions.o(CODEY)
    TFT_Filldraw4INP2                        0x080005a5   Thumb Code   134  functions.o(CODEY)
    MYCODE                                   0x080009a4   Section       80  main.o(MYCODE)
    $v0                                      0x080009a8   Number         0  main.o(MYCODE)
    MYIMAGE                                  0x080009f4   Section    14554  datao.o(MYIMAGE)
    MYIMAGE                                  0x080042d0   Section    14554  datax.o(MYIMAGE)
    MYIMAGE                                  0x08007bac   Section    76808  dataxwins.o(MYIMAGE)
    MYIMAGE                                  0x0801a7b4   Section    76808  dataowins.o(MYIMAGE)
    MYIMAGE                                  0x0802d3bc   Section    76808  datadraw.o(MYIMAGE)
    XO_array                                 0x20000000   Data           2  functions.o(MYDATA)
    MYDATA                                   0x20000000   Section        3  functions.o(MYDATA)
    XO_counter                               0x20000002   Data           1  functions.o(MYDATA)
    Heap_Mem                                 0x20000008   Data         512  startup_stm32f401xc.o(HEAP)
    HEAP                                     0x20000008   Section      512  startup_stm32f401xc.o(HEAP)
    Stack_Mem                                0x20000208   Data        1024  startup_stm32f401xc.o(STACK)
    STACK                                    0x20000208   Section     1024  startup_stm32f401xc.o(STACK)
    __initial_sp                             0x20000608   Data           0  startup_stm32f401xc.o(STACK)

    Global Symbols

    Symbol Name                              Value     Ov Type        Size  Object(Section)

    BuildAttributes$$THM_ISAv4$E$P$D$K$B$S$7EM$VFPi3$EXTD16$VFPS$VFMA$PE$A:L22UL41UL21$X:L11$S22US41US21$IEEE1$IW$~IW$USESV6$~STKCKD$USESV7$~SHL$OSPACE$ROPI$EBA8$STANDARDLIB$REQ8$EABIv2 0x00000000   Number         0  anon$$obj.o ABSOLUTE
    __Vectors_Size                           0x00000194   Number         0  startup_stm32f401xc.o ABSOLUTE
    __Vectors                                0x08000000   Data           4  startup_stm32f401xc.o(RESET)
    Reset_Handler                            0x08000195   Thumb Code     8  startup_stm32f401xc.o(.text)
    __Vectors_End                            0x08000194   Data           0  startup_stm32f401xc.o(RESET)
    NMI_Handler                              0x0800019d   Thumb Code     2  startup_stm32f401xc.o(.text)
    HardFault_Handler                        0x0800019f   Thumb Code     2  startup_stm32f401xc.o(.text)
    MemManage_Handler                        0x080001a1   Thumb Code     2  startup_stm32f401xc.o(.text)
    BusFault_Handler                         0x080001a3   Thumb Code     2  startup_stm32f401xc.o(.text)
    UsageFault_Handler                       0x080001a5   Thumb Code     2  startup_stm32f401xc.o(.text)
    SVC_Handler                              0x080001a7   Thumb Code     2  startup_stm32f401xc.o(.text)
    DebugMon_Handler                         0x080001a9   Thumb Code     2  startup_stm32f401xc.o(.text)
    PendSV_Handler                           0x080001ab   Thumb Code     2  startup_stm32f401xc.o(.text)
    SysTick_Handler                          0x080001ad   Thumb Code     2  startup_stm32f401xc.o(.text)
    ADC_IRQHandler                           0x080001af   Thumb Code     0  startup_stm32f401xc.o(.text)
    DMA1_Stream0_IRQHandler                  0x080001af   Thumb Code     0  startup_stm32f401xc.o(.text)
    DMA1_Stream1_IRQHandler                  0x080001af   Thumb Code     0  startup_stm32f401xc.o(.text)
    DMA1_Stream2_IRQHandler                  0x080001af   Thumb Code     0  startup_stm32f401xc.o(.text)
    DMA1_Stream3_IRQHandler                  0x080001af   Thumb Code     0  startup_stm32f401xc.o(.text)
    DMA1_Stream4_IRQHandler                  0x080001af   Thumb Code     0  startup_stm32f401xc.o(.text)
    DMA1_Stream5_IRQHandler                  0x080001af   Thumb Code     0  startup_stm32f401xc.o(.text)
    DMA1_Stream6_IRQHandler                  0x080001af   Thumb Code     0  startup_stm32f401xc.o(.text)
    DMA1_Stream7_IRQHandler                  0x080001af   Thumb Code     0  startup_stm32f401xc.o(.text)
    DMA2_Stream0_IRQHandler                  0x080001af   Thumb Code     0  startup_stm32f401xc.o(.text)
    DMA2_Stream1_IRQHandler                  0x080001af   Thumb Code     0  startup_stm32f401xc.o(.text)
    DMA2_Stream2_IRQHandler                  0x080001af   Thumb Code     0  startup_stm32f401xc.o(.text)
    DMA2_Stream3_IRQHandler                  0x080001af   Thumb Code     0  startup_stm32f401xc.o(.text)
    DMA2_Stream4_IRQHandler                  0x080001af   Thumb Code     0  startup_stm32f401xc.o(.text)
    DMA2_Stream5_IRQHandler                  0x080001af   Thumb Code     0  startup_stm32f401xc.o(.text)
    DMA2_Stream6_IRQHandler                  0x080001af   Thumb Code     0  startup_stm32f401xc.o(.text)
    DMA2_Stream7_IRQHandler                  0x080001af   Thumb Code     0  startup_stm32f401xc.o(.text)
    EXTI0_IRQHandler                         0x080001af   Thumb Code     0  startup_stm32f401xc.o(.text)
    EXTI15_10_IRQHandler                     0x080001af   Thumb Code     0  startup_stm32f401xc.o(.text)
    EXTI1_IRQHandler                         0x080001af   Thumb Code     0  startup_stm32f401xc.o(.text)
    EXTI2_IRQHandler                         0x080001af   Thumb Code     0  startup_stm32f401xc.o(.text)
    EXTI3_IRQHandler                         0x080001af   Thumb Code     0  startup_stm32f401xc.o(.text)
    EXTI4_IRQHandler                         0x080001af   Thumb Code     0  startup_stm32f401xc.o(.text)
    EXTI9_5_IRQHandler                       0x080001af   Thumb Code     0  startup_stm32f401xc.o(.text)
    FLASH_IRQHandler                         0x080001af   Thumb Code     0  startup_stm32f401xc.o(.text)
    FPU_IRQHandler                           0x080001af   Thumb Code     0  startup_stm32f401xc.o(.text)
    I2C1_ER_IRQHandler                       0x080001af   Thumb Code     0  startup_stm32f401xc.o(.text)
    I2C1_EV_IRQHandler                       0x080001af   Thumb Code     0  startup_stm32f401xc.o(.text)
    I2C2_ER_IRQHandler                       0x080001af   Thumb Code     0  startup_stm32f401xc.o(.text)
    I2C2_EV_IRQHandler                       0x080001af   Thumb Code     0  startup_stm32f401xc.o(.text)
    I2C3_ER_IRQHandler                       0x080001af   Thumb Code     0  startup_stm32f401xc.o(.text)
    I2C3_EV_IRQHandler                       0x080001af   Thumb Code     0  startup_stm32f401xc.o(.text)
    OTG_FS_IRQHandler                        0x080001af   Thumb Code     0  startup_stm32f401xc.o(.text)
    OTG_FS_WKUP_IRQHandler                   0x080001af   Thumb Code     0  startup_stm32f401xc.o(.text)
    PVD_IRQHandler                           0x080001af   Thumb Code     0  startup_stm32f401xc.o(.text)
    RCC_IRQHandler                           0x080001af   Thumb Code     0  startup_stm32f401xc.o(.text)
    RTC_Alarm_IRQHandler                     0x080001af   Thumb Code     0  startup_stm32f401xc.o(.text)
    RTC_WKUP_IRQHandler                      0x080001af   Thumb Code     0  startup_stm32f401xc.o(.text)
    SDIO_IRQHandler                          0x080001af   Thumb Code     0  startup_stm32f401xc.o(.text)
    SPI1_IRQHandler                          0x080001af   Thumb Code     0  startup_stm32f401xc.o(.text)
    SPI2_IRQHandler                          0x080001af   Thumb Code     0  startup_stm32f401xc.o(.text)
    SPI3_IRQHandler                          0x080001af   Thumb Code     0  startup_stm32f401xc.o(.text)
    SPI4_IRQHandler                          0x080001af   Thumb Code     0  startup_stm32f401xc.o(.text)
    TAMP_STAMP_IRQHandler                    0x080001af   Thumb Code     0  startup_stm32f401xc.o(.text)
    TIM1_BRK_TIM9_IRQHandler                 0x080001af   Thumb Code     0  startup_stm32f401xc.o(.text)
    TIM1_CC_IRQHandler                       0x080001af   Thumb Code     0  startup_stm32f401xc.o(.text)
    TIM1_TRG_COM_TIM11_IRQHandler            0x080001af   Thumb Code     0  startup_stm32f401xc.o(.text)
    TIM1_UP_TIM10_IRQHandler                 0x080001af   Thumb Code     0  startup_stm32f401xc.o(.text)
    TIM2_IRQHandler                          0x080001af   Thumb Code     0  startup_stm32f401xc.o(.text)
    TIM3_IRQHandler                          0x080001af   Thumb Code     0  startup_stm32f401xc.o(.text)
    TIM4_IRQHandler                          0x080001af   Thumb Code     0  startup_stm32f401xc.o(.text)
    TIM5_IRQHandler                          0x080001af   Thumb Code     0  startup_stm32f401xc.o(.text)
    USART1_IRQHandler                        0x080001af   Thumb Code     0  startup_stm32f401xc.o(.text)
    USART2_IRQHandler                        0x080001af   Thumb Code     0  startup_stm32f401xc.o(.text)
    USART6_IRQHandler                        0x080001af   Thumb Code     0  startup_stm32f401xc.o(.text)
    WWDG_IRQHandler                          0x080001af   Thumb Code     0  startup_stm32f401xc.o(.text)
    __user_initial_stackheap                 0x080001b1   Thumb Code     0  startup_stm32f401xc.o(.text)
    __use_two_region_memory                  0x080001d5   Thumb Code     2  heapauxi.o(.text)
    __rt_heap_escrow$2region                 0x080001d7   Thumb Code     2  heapauxi.o(.text)
    __rt_heap_expand$2region                 0x080001d9   Thumb Code     2  heapauxi.o(.text)
    SystemInit                               0x080001dd   Thumb Code    18  system_stm32f4xx.o(.text.SystemInit)
    SETUP                                    0x080001f1   Thumb Code   174  functions.o(CODEY)
    TFT_WriteCommand                         0x0800029f   Thumb Code    92  functions.o(CODEY)
    TFT_WriteData                            0x080002fb   Thumb Code    68  functions.o(CODEY)
    TFT_Init                                 0x0800033f   Thumb Code   118  functions.o(CODEY)
    TFT_DrawImage                            0x080003b5   Thumb Code   158  functions.o(CODEY)
    TFT_DrawGrid                             0x08000453   Thumb Code   154  functions.o(CODEY)
    TFT_MoveCursor                           0x0800053d   Thumb Code   104  functions.o(CODEY)
    TFT_Filldraw4INP                         0x0800062b   Thumb Code   134  functions.o(CODEY)
    GET_state                                0x080006b1   Thumb Code    14  functions.o(CODEY)
    delay                                    0x080006bf   Thumb Code    12  functions.o(CODEY)
    Draw_XO                                  0x080006cb   Thumb Code   292  functions.o(CODEY)
    Check_Win                                0x080007ef   Thumb Code   252  functions.o(CODEY)
    DrawXWINS                                0x080008eb   Thumb Code    42  functions.o(CODEY)
    DrawOWINS                                0x08000915   Thumb Code    42  functions.o(CODEY)
    DrawTA3ADOL                              0x0800093f   Thumb Code    42  functions.o(CODEY)
    Update_Left_Sidebar                      0x08000969   Thumb Code     4  functions.o(CODEY)
    __main                                   0x080009a9   Thumb Code    70  main.o(MYCODE)
    O1                                       0x080009f4   Data           0  datao.o(MYIMAGE)
    X1                                       0x080042d0   Data           0  datax.o(MYIMAGE)
    XWINS                                    0x08007bac   Data           0  dataxwins.o(MYIMAGE)
    OWINS                                    0x0801a7b4   Data           0  dataowins.o(MYIMAGE)
    ta3adol                                  0x0802d3bc   Data           0  datadraw.o(MYIMAGE)



==============================================================================

Memory Map of the image

  Image Entry point : 0x08000195

  Load Region LR_1 (Base: 0x08000000, Size: 0x0003ffc8, Max: 0xffffffff, ABSOLUTE)

    Execution Region ER_RO (Exec base: 0x08000000, Load base: 0x08000000, Size: 0x0003ffc4, Max: 0xffffffff, ABSOLUTE)

    Exec Addr    Load Addr    Size         Type   Attr      Idx    E Section Name        Object

    0x08000000   0x08000000   0x00000194   Data   RO           20    RESET               startup_stm32f401xc.o
    0x08000194   0x08000194   0x00000040   Code   RO           21  * .text               startup_stm32f401xc.o
    0x080001d4   0x080001d4   0x00000006   Code   RO           41    .text               c_w.l(heapauxi.o)
    0x080001da   0x080001da   0x00000002   PAD
    0x080001dc   0x080001dc   0x00000012   Code   RO           26    .text.SystemInit    system_stm32f4xx.o
    0x080001ee   0x080001ee   0x00000002   PAD
    0x080001f0   0x080001f0   0x000007b4   Code   RO            9    CODEY               functions.o
    0x080009a4   0x080009a4   0x00000050   Code   RO            2    MYCODE              main.o
    0x080009f4   0x080009f4   0x000038da   Data   RO           13    MYIMAGE             datao.o
    0x080042ce   0x080042ce   0x00000002   PAD
    0x080042d0   0x080042d0   0x000038da   Data   RO           14    MYIMAGE             datax.o
    0x08007baa   0x08007baa   0x00000002   PAD
    0x08007bac   0x08007bac   0x00012c08   Data   RO           15    MYIMAGE             dataxwins.o
    0x0801a7b4   0x0801a7b4   0x00012c08   Data   RO           16    MYIMAGE             dataowins.o
    0x0802d3bc   0x0802d3bc   0x00012c08   Data   RO           17    MYIMAGE             datadraw.o


    Execution Region ER_RW (Exec base: 0x20000000, Load base: 0x0803ffc4, Size: 0x00000004, Max: 0xffffffff, ABSOLUTE)

    Exec Addr    Load Addr    Size         Type   Attr      Idx    E Section Name        Object

    0x20000000   0x0803ffc4   0x00000003   Data   RW            8    MYDATA              functions.o


    Execution Region ER_ZI (Exec base: 0x20000008, Load base: 0x0803ffc8, Size: 0x00000600, Max: 0xffffffff, ABSOLUTE)

    Exec Addr    Load Addr    Size         Type   Attr      Idx    E Section Name        Object

    0x20000008        -       0x00000200   Zero   RW           19    HEAP                startup_stm32f401xc.o
    0x20000208        -       0x00000400   Zero   RW           18    STACK               startup_stm32f401xc.o


==============================================================================

Image component sizes


      Code (inc. data)   RO Data    RW Data    ZI Data      Debug   Object Name

         0          0      76808          0          0          0   datadraw.o
         0          0      14554          0          0          0   datao.o
         0          0      76808          0          0          0   dataowins.o
         0          0      14554          0          0          0   datax.o
         0          0      76808          0          0          0   dataxwins.o
      1972        120          0          3          0       1636   functions.o
        80         10          0          0          0        360   main.o
        64         26        404          0       1536        844   startup_stm32f401xc.o
        18          0          0          0          0       2791   system_stm32f4xx.o

    ----------------------------------------------------------------------
      2136        156     259940          4       1536       5631   Object Totals
         0          0          0          0          0          0   (incl. Generated)
         2          0          4          1          0          0   (incl. Padding)

    ----------------------------------------------------------------------

      Code (inc. data)   RO Data    RW Data    ZI Data      Debug   Library Member Name

         6          0          0          0          0        152   heapauxi.o

    ----------------------------------------------------------------------
         8          0          0          0          0        152   Library Totals
         2          0          0          0          0          0   (incl. Padding)

    ----------------------------------------------------------------------

      Code (inc. data)   RO Data    RW Data    ZI Data      Debug   Library Name

         6          0          0          0          0        152   c_w.l

    ----------------------------------------------------------------------
         8          0          0          0          0        152   Library Totals

    ----------------------------------------------------------------------

==============================================================================


      Code (inc. data)   RO Data    RW Data    ZI Data      Debug   

      2144        156     259940          4       1536       5583   Grand Totals
      2144        156     259940          4       1536       5583   ELF Image Totals
      2144        156     259940          4          0          0   ROM Totals

==============================================================================

    Total RO  Size (Code + RO Data)               262084 ( 255.94kB)
    Total RW  Size (RW Data + ZI Data)              1540 (   1.50kB)
    Total ROM Size (Code + RO Data + RW Data)     262088 ( 255.95kB)

==============================================================================

